Archive member included to satisfy reference by file (symbol)

d:/software/gcc-arm-none-eabi-10.3-2021.10/bin/../lib/gcc/arm-none-eabi/10.3.1/thumb/v7e-m+fp/hard\libgcc.a(_arm_muldf3.o)
                              CMakeFiles/2024_Hero_three.elf.dir/application/Chassis/Chassis.c.obj (__aeabi_dmul)
d:/software/gcc-arm-none-eabi-10.3-2021.10/bin/../lib/gcc/arm-none-eabi/10.3.1/thumb/v7e-m+fp/hard\libgcc.a(_arm_addsubdf3.o)
                              CMakeFiles/2024_Hero_three.elf.dir/application/Chassis/Chassis.c.obj (__aeabi_dadd)
d:/software/gcc-arm-none-eabi-10.3-2021.10/bin/../lib/gcc/arm-none-eabi/10.3.1/thumb/v7e-m+fp/hard\libgcc.a(_arm_cmpdf2.o)
                              CMakeFiles/2024_Hero_three.elf.dir/application/Chassis/Chassis_behaviour.c.obj (__aeabi_dcmplt)
d:/software/gcc-arm-none-eabi-10.3-2021.10/bin/../lib/gcc/arm-none-eabi/10.3.1/thumb/v7e-m+fp/hard\libgcc.a(_arm_truncdfsf2.o)
                              CMakeFiles/2024_Hero_three.elf.dir/application/Chassis/Chassis_behaviour.c.obj (__aeabi_d2f)
d:/software/gcc-arm-none-eabi-10.3-2021.10/bin/../lib/gcc/arm-none-eabi/10.3.1/thumb/v7e-m+fp/hard\libgcc.a(_aeabi_uldivmod.o)
                              CMakeFiles/2024_Hero_three.elf.dir/Drivers/STM32F4xx_HAL_Driver/Src/stm32f4xx_hal_rcc.c.obj (__aeabi_uldivmod)
d:/software/gcc-arm-none-eabi-10.3-2021.10/bin/../lib/gcc/arm-none-eabi/10.3.1/thumb/v7e-m+fp/hard\libgcc.a(_udivmoddi4.o)
                              d:/software/gcc-arm-none-eabi-10.3-2021.10/bin/../lib/gcc/arm-none-eabi/10.3.1/thumb/v7e-m+fp/hard\libgcc.a(_aeabi_uldivmod.o) (__udivmoddi4)
d:/software/gcc-arm-none-eabi-10.3-2021.10/bin/../lib/gcc/arm-none-eabi/10.3.1/thumb/v7e-m+fp/hard\libgcc.a(_dvmd_tls.o)
                              d:/software/gcc-arm-none-eabi-10.3-2021.10/bin/../lib/gcc/arm-none-eabi/10.3.1/thumb/v7e-m+fp/hard\libgcc.a(_aeabi_uldivmod.o) (__aeabi_ldiv0)
d:/software/gcc-arm-none-eabi-10.3-2021.10/bin/../lib/gcc/arm-none-eabi/10.3.1/../../../../arm-none-eabi/lib/thumb/v7e-m+fp/hard\libg.a(lib_a-ctype_.o)
                              CMakeFiles/2024_Hero_three.elf.dir/component/OneMessage/src/app/om_fmt.c.obj (_ctype_)
d:/software/gcc-arm-none-eabi-10.3-2021.10/bin/../lib/gcc/arm-none-eabi/10.3.1/../../../../arm-none-eabi/lib/thumb/v7e-m+fp/hard\libg.a(lib_a-errno.o)
                              CMakeFiles/2024_Hero_three.elf.dir/Core/Src/syscalls.c.obj (__errno)
d:/software/gcc-arm-none-eabi-10.3-2021.10/bin/../lib/gcc/arm-none-eabi/10.3.1/../../../../arm-none-eabi/lib/thumb/v7e-m+fp/hard\libg.a(lib_a-exit.o)
                              d:/software/gcc-arm-none-eabi-10.3-2021.10/bin/../lib/gcc/arm-none-eabi/10.3.1/../../../../arm-none-eabi/lib/thumb/v7e-m+fp/hard/crt0.o (exit)
d:/software/gcc-arm-none-eabi-10.3-2021.10/bin/../lib/gcc/arm-none-eabi/10.3.1/../../../../arm-none-eabi/lib/thumb/v7e-m+fp/hard\libg.a(lib_a-impure.o)
                              d:/software/gcc-arm-none-eabi-10.3-2021.10/bin/../lib/gcc/arm-none-eabi/10.3.1/../../../../arm-none-eabi/lib/thumb/v7e-m+fp/hard\libg.a(lib_a-exit.o) (_global_impure_ptr)
d:/software/gcc-arm-none-eabi-10.3-2021.10/bin/../lib/gcc/arm-none-eabi/10.3.1/../../../../arm-none-eabi/lib/thumb/v7e-m+fp/hard\libg.a(lib_a-init.o)
                              d:/software/gcc-arm-none-eabi-10.3-2021.10/bin/../lib/gcc/arm-none-eabi/10.3.1/../../../../arm-none-eabi/lib/thumb/v7e-m+fp/hard/crt0.o (__libc_init_array)
d:/software/gcc-arm-none-eabi-10.3-2021.10/bin/../lib/gcc/arm-none-eabi/10.3.1/../../../../arm-none-eabi/lib/thumb/v7e-m+fp/hard\libg.a(lib_a-malloc.o)
                              CMakeFiles/2024_Hero_three.elf.dir/component/support/fifo.c.obj (malloc)
d:/software/gcc-arm-none-eabi-10.3-2021.10/bin/../lib/gcc/arm-none-eabi/10.3.1/../../../../arm-none-eabi/lib/thumb/v7e-m+fp/hard\libg.a(lib_a-mallocr.o)
                              d:/software/gcc-arm-none-eabi-10.3-2021.10/bin/../lib/gcc/arm-none-eabi/10.3.1/../../../../arm-none-eabi/lib/thumb/v7e-m+fp/hard\libg.a(lib_a-malloc.o) (_malloc_r)
d:/software/gcc-arm-none-eabi-10.3-2021.10/bin/../lib/gcc/arm-none-eabi/10.3.1/../../../../arm-none-eabi/lib/thumb/v7e-m+fp/hard\libg.a(lib_a-memcmp.o)
                              CMakeFiles/2024_Hero_three.elf.dir/component/OneMessage/src/app/om_afl.c.obj (memcmp)
d:/software/gcc-arm-none-eabi-10.3-2021.10/bin/../lib/gcc/arm-none-eabi/10.3.1/../../../../arm-none-eabi/lib/thumb/v7e-m+fp/hard\libg.a(lib_a-memcpy.o)
                              CMakeFiles/2024_Hero_three.elf.dir/Middlewares/Third_Party/FreeRTOS/Source/queue.c.obj (memcpy)
d:/software/gcc-arm-none-eabi-10.3-2021.10/bin/../lib/gcc/arm-none-eabi/10.3.1/../../../../arm-none-eabi/lib/thumb/v7e-m+fp/hard\libg.a(lib_a-memset.o)
                              d:/software/gcc-arm-none-eabi-10.3-2021.10/bin/../lib/gcc/arm-none-eabi/10.3.1/../../../../arm-none-eabi/lib/thumb/v7e-m+fp/hard/crt0.o (memset)
[...]
Memory Configuration

Name             Origin             Length             Attributes
CCMRAM           0x10000000         0x00010000         xrw
RAM              0x20000000         0x00020000         xrw
FLASH            0x08000000         0x00100000         xr
*default*        0x00000000         0xffffffff

Linker script and memory map

LOAD d:/software/gcc-arm-none-eabi-10.3-2021.10/bin/../lib/gcc/arm-none-eabi/10.3.1/thumb/v7e-m+fp/hard/crti.o
LOAD d:/software/gcc-arm-none-eabi-10.3-2021.10/bin/../lib/gcc/arm-none-eabi/10.3.1/thumb/v7e-m+fp/hard/crtbegin.o
LOAD d:/software/gcc-arm-none-eabi-10.3-2021.10/bin/../lib/gcc/arm-none-eabi/10.3.1/../../../../arm-none-eabi/lib/thumb/v7e-m+fp/hard/crt0.o
LOAD CMakeFiles/2024_Hero_three.elf.dir/Core/Src/adc.c.obj
LOAD CMakeFiles/2024_Hero_three.elf.dir/Core/Src/can.c.obj
LOAD CMakeFiles/2024_Hero_three.elf.dir/Core/Src/crc.c.obj
LOAD CMakeFiles/2024_Hero_three.elf.dir/Core/Src/dma.c.obj
LOAD CMakeFiles/2024_Hero_three.elf.dir/Core/Src/freertos.c.obj
LOAD CMakeFiles/2024_Hero_three.elf.dir/Core/Src/gpio.c.obj
LOAD CMakeFiles/2024_Hero_three.elf.dir/Core/Src/i2c.c.obj
LOAD CMakeFiles/2024_Hero_three.elf.dir/Core/Src/main.c.obj
LOAD CMakeFiles/2024_Hero_three.elf.dir/Core/Src/rng.c.obj
LOAD CMakeFiles/2024_Hero_three.elf.dir/Core/Src/spi.c.obj
LOAD CMakeFiles/2024_Hero_three.elf.dir/Core/Src/stm32f4xx_hal_msp.c.obj
LOAD CMakeFiles/2024_Hero_three.elf.dir/Core/Src/stm32f4xx_it.c.obj
LOAD CMakeFiles/2024_Hero_three.elf.dir/Core/Src/syscalls.c.obj
LOAD CMakeFiles/2024_Hero_three.elf.dir/Core/Src/sysmem.c.obj
LOAD CMakeFiles/2024_Hero_three.elf.dir/Core/Src/system_stm32f4xx.c.obj
LOAD CMakeFiles/2024_Hero_three.elf.dir/Core/Src/tim.c.obj
LOAD CMakeFiles/2024_Hero_three.elf.dir/Core/Src/usart.c.obj
LOAD CMakeFiles/2024_Hero_three.elf.dir/Core/Startup/startup_stm32f407ighx.s.obj
LOAD CMakeFiles/2024_Hero_three.elf.dir/Drivers/STM32F4xx_HAL_Driver/Src/stm32f4xx_hal.c.obj
LOAD CMakeFiles/2024_Hero_three.elf.dir/Drivers/STM32F4xx_HAL_Driver/Src/stm32f4xx_hal_adc.c.obj
LOAD CMakeFiles/2024_Hero_three.elf.dir/Drivers/STM32F4xx_HAL_Driver/Src/stm32f4xx_hal_adc_ex.c.obj
LOAD CMakeFiles/2024_Hero_three.elf.dir/Drivers/STM32F4xx_HAL_Driver/Src/stm32f4xx_hal_can.c.obj
LOAD CMakeFiles/2024_Hero_three.elf.dir/Drivers/STM32F4xx_HAL_Driver/Src/stm32f4xx_hal_cortex.c.obj
LOAD CMakeFiles/2024_Hero_three.elf.dir/Drivers/STM32F4xx_HAL_Driver/Src/stm32f4xx_hal_crc.c.obj
LOAD CMakeFiles/2024_Hero_three.elf.dir/Drivers/STM32F4xx_HAL_Driver/Src/stm32f4xx_hal_dma.c.obj
LOAD CMakeFiles/2024_Hero_three.elf.dir/Drivers/STM32F4xx_HAL_Driver/Src/stm32f4xx_hal_dma_ex.c.obj
LOAD CMakeFiles/2024_Hero_three.elf.dir/Drivers/STM32F4xx_HAL_Driver/Src/stm32f4xx_hal_exti.c.obj
LOAD CMakeFiles/2024_Hero_three.elf.dir/Drivers/STM32F4xx_HAL_Driver/Src/stm32f4xx_hal_flash.c.obj
LOAD CMakeFiles/2024_Hero_three.elf.dir/Drivers/STM32F4xx_HAL_Driver/Src/stm32f4xx_hal_flash_ex.c.obj
LOAD CMakeFiles/2024_Hero_three.elf.dir/Drivers/STM32F4xx_HAL_Driver/Src/stm32f4xx_hal_flash_ramfunc.c.obj
LOAD CMakeFiles/2024_Hero_three.elf.dir/Drivers/STM32F4xx_HAL_Driver/Src/stm32f4xx_hal_gpio.c.obj
LOAD CMakeFiles/2024_Hero_three.elf.dir/Drivers/STM32F4xx_HAL_Driver/Src/stm32f4xx_hal_i2c.c.obj
LOAD CMakeFiles/2024_Hero_three.elf.dir/Drivers/STM32F4xx_HAL_Driver/Src/stm32f4xx_hal_i2c_ex.c.obj
LOAD CMakeFiles/2024_Hero_three.elf.dir/Drivers/STM32F4xx_HAL_Driver/Src/stm32f4xx_hal_pcd.c.obj
LOAD CMakeFiles/2024_Hero_three.elf.dir/Drivers/STM32F4xx_HAL_Driver/Src/stm32f4xx_hal_pcd_ex.c.obj
LOAD CMakeFiles/2024_Hero_three.elf.dir/Drivers/STM32F4xx_HAL_Driver/Src/stm32f4xx_hal_pwr.c.obj
LOAD CMakeFiles/2024_Hero_three.elf.dir/Drivers/STM32F4xx_HAL_Driver/Src/stm32f4xx_hal_pwr_ex.c.obj
LOAD CMakeFiles/2024_Hero_three.elf.dir/Drivers/STM32F4xx_HAL_Driver/Src/stm32f4xx_hal_rcc.c.obj
LOAD CMakeFiles/2024_Hero_three.elf.dir/Drivers/STM32F4xx_HAL_Driver/Src/stm32f4xx_hal_rcc_ex.c.obj
LOAD CMakeFiles/2024_Hero_three.elf.dir/Drivers/STM32F4xx_HAL_Driver/Src/stm32f4xx_hal_rng.c.obj
LOAD CMakeFiles/2024_Hero_three.elf.dir/Drivers/STM32F4xx_HAL_Driver/Src/stm32f4xx_hal_spi.c.obj
LOAD CMakeFiles/2024_Hero_three.elf.dir/Drivers/STM32F4xx_HAL_Driver/Src/stm32f4xx_hal_tim.c.obj
LOAD CMakeFiles/2024_Hero_three.elf.dir/Drivers/STM32F4xx_HAL_Driver/Src/stm32f4xx_hal_tim_ex.c.obj
LOAD CMakeFiles/2024_Hero_three.elf.dir/Drivers/STM32F4xx_HAL_Driver/Src/stm32f4xx_hal_uart.c.obj
LOAD CMakeFiles/2024_Hero_three.elf.dir/Drivers/STM32F4xx_HAL_Driver/Src/stm32f4xx_ll_adc.c.obj
LOAD CMakeFiles/2024_Hero_three.elf.dir/Drivers/STM32F4xx_HAL_Driver/Src/stm32f4xx_ll_usb.c.obj
LOAD CMakeFiles/2024_Hero_three.elf.dir/Middlewares/ST/STM32_USB_Device_Library/Class/CDC/Src/usbd_cdc.c.obj
LOAD CMakeFiles/2024_Hero_three.elf.dir/Middlewares/ST/STM32_USB_Device_Library/Core/Src/usbd_core.c.obj
LOAD CMakeFiles/2024_Hero_three.elf.dir/Middlewares/ST/STM32_USB_Device_Library/Core/Src/usbd_ctlreq.c.obj
LOAD CMakeFiles/2024_Hero_three.elf.dir/Middlewares/ST/STM32_USB_Device_Library/Core/Src/usbd_ioreq.c.obj
LOAD CMakeFiles/2024_Hero_three.elf.dir/Middlewares/Third_Party/FreeRTOS/Source/CMSIS_RTOS/cmsis_os.c.obj
LOAD CMakeFiles/2024_Hero_three.elf.dir/Middlewares/Third_Party/FreeRTOS/Source/croutine.c.obj
LOAD CMakeFiles/2024_Hero_three.elf.dir/Middlewares/Third_Party/FreeRTOS/Source/event_groups.c.obj
LOAD CMakeFiles/2024_Hero_three.elf.dir/Middlewares/Third_Party/FreeRTOS/Source/list.c.obj
LOAD CMakeFiles/2024_Hero_three.elf.dir/Middlewares/Third_Party/FreeRTOS/Source/portable/GCC/ARM_CM4F/port.c.obj
LOAD CMakeFiles/2024_Hero_three.elf.dir/Middlewares/Third_Party/FreeRTOS/Source/portable/MemMang/heap_4.c.obj
LOAD CMakeFiles/2024_Hero_three.elf.dir/Middlewares/Third_Party/FreeRTOS/Source/queue.c.obj
LOAD CMakeFiles/2024_Hero_three.elf.dir/Middlewares/Third_Party/FreeRTOS/Source/stream_buffer.c.obj
LOAD CMakeFiles/2024_Hero_three.elf.dir/Middlewares/Third_Party/FreeRTOS/Source/tasks.c.obj
LOAD CMakeFiles/2024_Hero_three.elf.dir/Middlewares/Third_Party/FreeRTOS/Source/timers.c.obj
LOAD CMakeFiles/2024_Hero_three.elf.dir/USB_DEVICE/App/usb_device.c.obj
LOAD CMakeFiles/2024_Hero_three.elf.dir/USB_DEVICE/App/usb_task.c.obj
LOAD CMakeFiles/2024_Hero_three.elf.dir/USB_DEVICE/App/usbd_cdc_if.c.obj
LOAD CMakeFiles/2024_Hero_three.elf.dir/USB_DEVICE/App/usbd_desc.c.obj
LOAD CMakeFiles/2024_Hero_three.elf.dir/USB_DEVICE/Target/usbd_conf.c.obj
LOAD CMakeFiles/2024_Hero_three.elf.dir/application/A_Hero/StartDefault.c.obj
LOAD CMakeFiles/2024_Hero_three.elf.dir/application/Chassis/Cap.c.obj
LOAD CMakeFiles/2024_Hero_three.elf.dir/application/Chassis/Chassis.c.obj
LOAD CMakeFiles/2024_Hero_three.elf.dir/application/Chassis/Chassis_behaviour.c.obj
LOAD CMakeFiles/2024_Hero_three.elf.dir/application/Chassis/Chassis_send.c.obj
LOAD CMakeFiles/2024_Hero_three.elf.dir/application/Chassis/Trigger_function.c.obj
LOAD CMakeFiles/2024_Hero_three.elf.dir/application/Communication/Atti.c.obj
LOAD CMakeFiles/2024_Hero_three.elf.dir/application/Communication/can_receive.c.obj
LOAD CMakeFiles/2024_Hero_three.elf.dir/application/Gimbal/Gimbal.c.obj
LOAD CMakeFiles/2024_Hero_three.elf.dir/application/Gimbal/Gimbal_behaviour.c.obj
LOAD CMakeFiles/2024_Hero_three.elf.dir/application/Gimbal/Gimbal_send.c.obj
LOAD CMakeFiles/2024_Hero_three.elf.dir/application/Gimbal/launcher.c.obj
LOAD CMakeFiles/2024_Hero_three.elf.dir/application/Operate/key_board.c.obj
LOAD CMakeFiles/2024_Hero_three.elf.dir/application/Operate/remote.c.obj
LOAD CMakeFiles/2024_Hero_three.elf.dir/application/Referee_system/Calibrate.c.obj
LOAD CMakeFiles/2024_Hero_three.elf.dir/application/Referee_system/Detection.c.obj
LOAD CMakeFiles/2024_Hero_three.elf.dir/application/Referee_system/Referee.c.obj
LOAD CMakeFiles/2024_Hero_three.elf.dir/bsp/bsp_adc.c.obj
LOAD CMakeFiles/2024_Hero_three.elf.dir/bsp/bsp_buzzer.c.obj
LOAD CMakeFiles/2024_Hero_three.elf.dir/bsp/bsp_can.c.obj
LOAD CMakeFiles/2024_Hero_three.elf.dir/bsp/bsp_crc32.c.obj
LOAD CMakeFiles/2024_Hero_three.elf.dir/bsp/bsp_delay.c.obj
LOAD CMakeFiles/2024_Hero_three.elf.dir/bsp/bsp_flash.c.obj
LOAD CMakeFiles/2024_Hero_three.elf.dir/bsp/bsp_i2c.c.obj
LOAD CMakeFiles/2024_Hero_three.elf.dir/bsp/bsp_imu_pwm.c.obj
LOAD CMakeFiles/2024_Hero_three.elf.dir/bsp/bsp_laser.c.obj
LOAD CMakeFiles/2024_Hero_three.elf.dir/bsp/bsp_led.c.obj
LOAD CMakeFiles/2024_Hero_three.elf.dir/bsp/bsp_rc.c.obj
LOAD CMakeFiles/2024_Hero_three.elf.dir/bsp/bsp_rng.c.obj
LOAD CMakeFiles/2024_Hero_three.elf.dir/bsp/bsp_servo_pwm.c.obj
LOAD CMakeFiles/2024_Hero_three.elf.dir/bsp/bsp_spi.c.obj
LOAD CMakeFiles/2024_Hero_three.elf.dir/bsp/bsp_usart.c.obj
LOAD CMakeFiles/2024_Hero_three.elf.dir/bsp/bsp_xidi_cap.c.obj
LOAD CMakeFiles/2024_Hero_three.elf.dir/component/OneMessage/src/app/om_afl.c.obj
LOAD CMakeFiles/2024_Hero_three.elf.dir/component/OneMessage/src/app/om_com.c.obj
LOAD CMakeFiles/2024_Hero_three.elf.dir/component/OneMessage/src/app/om_evt.c.obj
LOAD CMakeFiles/2024_Hero_three.elf.dir/component/OneMessage/src/app/om_fmt.c.obj
LOAD CMakeFiles/2024_Hero_three.elf.dir/component/OneMessage/src/app/om_log.c.obj
LOAD CMakeFiles/2024_Hero_three.elf.dir/component/OneMessage/src/app/om_msg.c.obj
LOAD CMakeFiles/2024_Hero_three.elf.dir/component/OneMessage/src/comp/om_color.c.obj
LOAD CMakeFiles/2024_Hero_three.elf.dir/component/OneMessage/src/comp/om_crc.c.obj
LOAD CMakeFiles/2024_Hero_three.elf.dir/component/OneMessage/src/comp/om_fifo.c.obj
LOAD CMakeFiles/2024_Hero_three.elf.dir/component/OneMessage/src/comp/om_list.c.obj
LOAD CMakeFiles/2024_Hero_three.elf.dir/component/OneMessage/src/comp/om_rbt.c.obj
LOAD CMakeFiles/2024_Hero_three.elf.dir/component/OneMessage/src/core/om_core.c.obj
LOAD CMakeFiles/2024_Hero_three.elf.dir/component/OneMessage/src/om.c.obj
LOAD CMakeFiles/2024_Hero_three.elf.dir/component/algorithm/AHRS.c.obj
LOAD CMakeFiles/2024_Hero_three.elf.dir/component/algorithm/AHRS_MiddleWare.c.obj
LOAD CMakeFiles/2024_Hero_three.elf.dir/component/algorithm/filter.c.obj
LOAD CMakeFiles/2024_Hero_three.elf.dir/component/algorithm/ramp.c.obj
LOAD CMakeFiles/2024_Hero_three.elf.dir/component/algorithm/user_lib.c.obj
LOAD CMakeFiles/2024_Hero_three.elf.dir/component/communication/decode.c.obj
LOAD CMakeFiles/2024_Hero_three.elf.dir/component/communication/packet.c.obj
LOAD CMakeFiles/2024_Hero_three.elf.dir/component/controller/PID.c.obj
LOAD CMakeFiles/2024_Hero_three.elf.dir/component/devices/BMI088Middleware.c.obj
LOAD CMakeFiles/2024_Hero_three.elf.dir/component/devices/BMI088driver.c.obj
LOAD CMakeFiles/2024_Hero_three.elf.dir/component/devices/ist8310driver.c.obj
LOAD CMakeFiles/2024_Hero_three.elf.dir/component/devices/ist8310driver_middleware.c.obj
LOAD CMakeFiles/2024_Hero_three.elf.dir/component/support/CRC8_CRC16.c.obj
LOAD CMakeFiles/2024_Hero_three.elf.dir/component/support/fifo.c.obj
LOAD CMakeFiles/2024_Hero_three.elf.dir/component/support/mem_mang4.c.obj
START GROUP
LOAD d:/software/gcc-arm-none-eabi-10.3-2021.10/bin/../lib/gcc/arm-none-eabi/10.3.1/thumb/v7e-m+fp/hard\libgcc.a
LOAD d:/software/gcc-arm-none-eabi-10.3-2021.10/bin/../lib/gcc/arm-none-eabi/10.3.1/../../../../arm-none-eabi/lib/thumb/v7e-m+fp/hard\libg.a
LOAD d:/software/gcc-arm-none-eabi-10.3-2021.10/bin/../lib/gcc/arm-none-eabi/10.3.1/../../../../arm-none-eabi/lib/thumb/v7e-m+fp/hard\libc.a
END GROUP
LOAD d:/software/gcc-arm-none-eabi-10.3-2021.10/bin/../lib/gcc/arm-none-eabi/10.3.1/thumb/v7e-m+fp/hard/crtend.o
LOAD d:/software/gcc-arm-none-eabi-10.3-2021.10/bin/../lib/gcc/arm-none-eabi/10.3.1/thumb/v7e-m+fp/hard/crtn.o
                0x20020000                _estack = (ORIGIN (RAM) + LENGTH (RAM))
                0x00002000                _Min_Heap_Size = 0x2000
                0x00002000                _Min_Stack_Size = 0x2000

.isr_vector     0x08000000      0x188
                0x08000000                . = ALIGN (0x4)
 *(.isr_vector)
 .isr_vector    0x08000000      0x188 CMakeFiles/2024_Hero_three.elf.dir/Core/Startup/startup_stm32f407ighx.s.obj
                0x08000000                g_pfnVectors
                0x08000188                . = ALIGN (0x4)

.text           0x080001c0    0x1858c
                0x080001c0                . = ALIGN (0x4)
 *(.text)
 .text          0x080001c0       0x40 d:/software/gcc-arm-none-eabi-10.3-2021.10/bin/../lib/gcc/arm-none-eabi/10.3.1/thumb/v7e-m+fp/hard/crtbegin.o
 .text          0x08000200      0x378 d:/software/gcc-arm-none-eabi-10.3-2021.10/bin/../lib/gcc/arm-none-eabi/10.3.1/thumb/v7e-m+fp/hard\libgcc.a(_arm_addsubdf3.o)
                0x08000200                __aeabi_drsub
                0x08000208                __aeabi_dsub
                0x08000208                __subdf3
                0x0800020c                __aeabi_dadd
                0x0800020c                __adddf3
                0x08000484                __floatunsidf
                0x08000484                __aeabi_ui2d
                0x080004a4                __floatsidf
                0x080004a4                __aeabi_i2d
                0x080004c8                __aeabi_f2d
                0x080004c8                __extendsfdf2
                0x0800050c                __floatundidf
                0x0800050c                __aeabi_ul2d
                0x0800051c                __floatdidf
                0x0800051c                __aeabi_l2d
 .text          0x08000578      0x110 d:/software/gcc-arm-none-eabi-10.3-2021.10/bin/../lib/gcc/arm-none-eabi/10.3.1/thumb/v7e-m+fp/hard\libgcc.a(_arm_cmpdf2.o)
                0x08000578                __gtdf2
                0x08000578                __gedf2
                0x08000580                __ltdf2
                0x08000580                __ledf2
                0x08000588                __nedf2
                0x08000588                __eqdf2
                0x08000588                __cmpdf2
                0x08000604                __aeabi_cdrcmple
                0x08000614                __aeabi_cdcmpeq
                0x08000614                __aeabi_cdcmple
                0x08000624                __aeabi_dcmpeq
                0x08000638                __aeabi_dcmplt
                0x0800064c                __aeabi_dcmple
                0x08000660                __aeabi_dcmpge
                0x08000674                __aeabi_dcmpgt
 .text          0x08000688       0xa0 d:/software/gcc-arm-none-eabi-10.3-2021.10/bin/../lib/gcc/arm-none-eabi/10.3.1/thumb/v7e-m+fp/hard\libgcc.a(_arm_truncdfsf2.o)
                0x08000688                __truncdfsf2
                0x08000688                __aeabi_d2f
 .text          0x08000728       0x30 d:/software/gcc-arm-none-eabi-10.3-2021.10/bin/../lib/gcc/arm-none-eabi/10.3.1/thumb/v7e-m+fp/hard\libgcc.a(_aeabi_uldivmod.o)
                0x08000728                __aeabi_uldivmod
 .text          0x08000758      0x2d0 d:/software/gcc-arm-none-eabi-10.3-2021.10/bin/../lib/gcc/arm-none-eabi/10.3.1/thumb/v7e-m+fp/hard\libgcc.a(_udivmoddi4.o)
                0x08000758                __udivmoddi4
 .text          0x08000a28        0x4 d:/software/gcc-arm-none-eabi-10.3-2021.10/bin/../lib/gcc/arm-none-eabi/10.3.1/thumb/v7e-m+fp/hard\libgcc.a(_dvmd_tls.o)
                0x08000a28                __aeabi_idiv0
                0x08000a28                __aeabi_ldiv0
 .text          0x08000a2c      0x134 d:/software/gcc-arm-none-eabi-10.3-2021.10/bin/../lib/gcc/arm-none-eabi/10.3.1/../../../../arm-none-eabi/lib/thumb/v7e-m+fp/hard\libg.a(lib_a-memcpy.o)
                0x08000a2c                memcpy
 *fill*         0x08000b60       0x20 
 .text          0x08000b80       0xdc d:/software/gcc-arm-none-eabi-10.3-2021.10/bin/../lib/gcc/arm-none-eabi/10.3.1/../../../../arm-none-eabi/lib/thumb/v7e-m+fp/hard\libg.a(lib_a-strlen.o)
                0x08000b80                strlen
 .text          0x08000c5c      0x424 d:/software/gcc-arm-none-eabi-10.3-2021.10/bin/../lib/gcc/arm-none-eabi/10.3.1/thumb/v7e-m+fp/hard\libgcc.a(_arm_muldivdf3.o)
                0x08000c5c                __aeabi_dmul
                0x08000c5c                __muldf3
                0x08000eb0                __divdf3
                0x08000eb0                __aeabi_ddiv
 .text          0x08001080       0x2c d:/software/gcc-arm-none-eabi-10.3-2021.10/bin/../lib/gcc/arm-none-eabi/10.3.1/thumb/v7e-m+fp/hard\libgcc.a(_arm_unorddf2.o)
                0x08001080                __unorddf2
                0x08001080                __aeabi_dcmpun
 .text          0x080010ac       0x50 d:/software/gcc-arm-none-eabi-10.3-2021.10/bin/../lib/gcc/arm-none-eabi/10.3.1/thumb/v7e-m+fp/hard\libgcc.a(_arm_fixdfsi.o)
                0x080010ac                __aeabi_d2iz
                0x080010ac                __fixdfsi
 *(.text*)
 .text.MX_ADC1_Init
                0x080010fc       0x70 CMakeFiles/2024_Hero_three.elf.dir/Core/Src/adc.c.obj
                0x080010fc                MX_ADC1_Init
 .text.MX_ADC3_Init
                0x0800116c       0x70 CMakeFiles/2024_Hero_three.elf.dir/Core/Src/adc.c.obj
                0x0800116c                MX_ADC3_Init
 .text.HAL_ADC_MspInit
                0x080011dc       0x90 CMakeFiles/2024_Hero_three.elf.dir/Core/Src/adc.c.obj
                0x080011dc                HAL_ADC_MspInit
 .text.MX_CAN1_Init
                0x0800126c       0x44 CMakeFiles/2024_Hero_three.elf.dir/Core/Src/can.c.obj
                0x0800126c                MX_CAN1_Init
 .text.MX_CAN2_Init
                0x080012b0       0x44 CMakeFiles/2024_Hero_three.elf.dir/Core/Src/can.c.obj
                0x080012b0                MX_CAN2_Init
 .text.HAL_CAN_MspInit
                0x080012f4      0x138 CMakeFiles/2024_Hero_three.elf.dir/Core/Src/can.c.obj
                0x080012f4                HAL_CAN_MspInit
 .text.MX_CRC_Init
                0x0800142c       0x20 CMakeFiles/2024_Hero_three.elf.dir/Core/Src/crc.c.obj
                0x0800142c                MX_CRC_Init
 .text.HAL_CRC_MspInit
                0x0800144c       0x30 CMakeFiles/2024_Hero_three.elf.dir/Core/Src/crc.c.obj
                0x0800144c                HAL_CRC_MspInit
 .text.MX_DMA_Init
                0x0800147c       0xb8 CMakeFiles/2024_Hero_three.elf.dir/Core/Src/dma.c.obj
                0x0800147c                MX_DMA_Init
 .text.vApplicationGetIdleTaskMemory
                0x08001534       0x18 CMakeFiles/2024_Hero_three.elf.dir/Core/Src/freertos.c.obj
                0x08001534                vApplicationGetIdleTaskMemory
 .text.MX_FREERTOS_Init
                0x0800154c      0x1d4 CMakeFiles/2024_Hero_three.elf.dir/Core/Src/freertos.c.obj
                0x0800154c                MX_FREERTOS_Init
 .text.MX_GPIO_Init
                0x08001720      0x1fc CMakeFiles/2024_Hero_three.elf.dir/Core/Src/gpio.c.obj
                0x08001720                MX_GPIO_Init
 .text.MX_I2C2_Init
                0x0800191c       0x3c CMakeFiles/2024_Hero_three.elf.dir/Core/Src/i2c.c.obj
                0x0800191c                MX_I2C2_Init
 .text.MX_I2C3_Init
                0x08001958       0x3c CMakeFiles/2024_Hero_three.elf.dir/Core/Src/i2c.c.obj
                0x08001958                MX_I2C3_Init
 .text.HAL_I2C_MspInit
                0x08001994       0xfc CMakeFiles/2024_Hero_three.elf.dir/Core/Src/i2c.c.obj
                0x08001994                HAL_I2C_MspInit
 .text.SystemClock_Config
                0x08001a90       0x98 CMakeFiles/2024_Hero_three.elf.dir/Core/Src/main.c.obj
                0x08001a90                SystemClock_Config
 .text.main     0x08001b28       0xe0 CMakeFiles/2024_Hero_three.elf.dir/Core/Src/main.c.obj
                0x08001b28                main
 .text.Error_Handler
                0x08001c08        0x2 CMakeFiles/2024_Hero_three.elf.dir/Core/Src/main.c.obj
                0x08001c08                Error_Handler
 *fill*         0x08001c0a        0x2 
 .text.MX_RNG_Init
                0x08001c0c       0x20 CMakeFiles/2024_Hero_three.elf.dir/Core/Src/rng.c.obj
                0x08001c0c                MX_RNG_Init
 .text.HAL_RNG_MspInit
                0x08001c2c       0x30 CMakeFiles/2024_Hero_three.elf.dir/Core/Src/rng.c.obj
                0x08001c2c                HAL_RNG_MspInit
 .text.MX_SPI1_Init
                0x08001c5c       0x48 CMakeFiles/2024_Hero_three.elf.dir/Core/Src/spi.c.obj
                0x08001c5c                MX_SPI1_Init
 .text.MX_SPI2_Init
                0x08001ca4       0x44 CMakeFiles/2024_Hero_three.elf.dir/Core/Src/spi.c.obj
                0x08001ca4                MX_SPI2_Init
 .text.HAL_SPI_MspInit
                0x08001ce8      0x1bc CMakeFiles/2024_Hero_three.elf.dir/Core/Src/spi.c.obj
                0x08001ce8                HAL_SPI_MspInit
 .text.HAL_MspInit
                0x08001ea4       0x44 CMakeFiles/2024_Hero_three.elf.dir/Core/Src/stm32f4xx_hal_msp.c.obj
                0x08001ea4                HAL_MspInit
 .text.NMI_Handler
                0x08001ee8        0x2 CMakeFiles/2024_Hero_three.elf.dir/Core/Src/stm32f4xx_it.c.obj
                0x08001ee8                NMI_Handler
 .text.HardFault_Handler
                0x08001eea        0x2 CMakeFiles/2024_Hero_three.elf.dir/Core/Src/stm32f4xx_it.c.obj
                0x08001eea                HardFault_Handler
 .text.MemManage_Handler
                0x08001eec        0x2 CMakeFiles/2024_Hero_three.elf.dir/Core/Src/stm32f4xx_it.c.obj
                0x08001eec                MemManage_Handler
 .text.BusFault_Handler
                0x08001eee        0x2 CMakeFiles/2024_Hero_three.elf.dir/Core/Src/stm32f4xx_it.c.obj
                0x08001eee                BusFault_Handler
 .text.UsageFault_Handler
                0x08001ef0        0x2 CMakeFiles/2024_Hero_three.elf.dir/Core/Src/stm32f4xx_it.c.obj
                0x08001ef0                UsageFault_Handler
 .text.DebugMon_Handler
                0x08001ef2        0x2 CMakeFiles/2024_Hero_three.elf.dir/Core/Src/stm32f4xx_it.c.obj
                0x08001ef2                DebugMon_Handler
 .text.SysTick_Handler
                0x08001ef4       0x16 CMakeFiles/2024_Hero_three.elf.dir/Core/Src/stm32f4xx_it.c.obj
                0x08001ef4                SysTick_Handler
 .text.EXTI0_IRQHandler
                0x08001f0a        0xa CMakeFiles/2024_Hero_three.elf.dir/Core/Src/stm32f4xx_it.c.obj
                0x08001f0a                EXTI0_IRQHandler
 .text.EXTI3_IRQHandler
                0x08001f14        0xa CMakeFiles/2024_Hero_three.elf.dir/Core/Src/stm32f4xx_it.c.obj
                0x08001f14                EXTI3_IRQHandler
 .text.EXTI4_IRQHandler
                0x08001f1e        0xa CMakeFiles/2024_Hero_three.elf.dir/Core/Src/stm32f4xx_it.c.obj
                0x08001f1e                EXTI4_IRQHandler
 .text.DMA1_Stream1_IRQHandler
                0x08001f28       0x10 CMakeFiles/2024_Hero_three.elf.dir/Core/Src/stm32f4xx_it.c.obj
                0x08001f28                DMA1_Stream1_IRQHandler
 .text.DMA1_Stream4_IRQHandler
                0x08001f38       0x10 CMakeFiles/2024_Hero_three.elf.dir/Core/Src/stm32f4xx_it.c.obj
                0x08001f38                DMA1_Stream4_IRQHandler
 .text.EXTI9_5_IRQHandler
                0x08001f48        0xa CMakeFiles/2024_Hero_three.elf.dir/Core/Src/stm32f4xx_it.c.obj
                0x08001f48                EXTI9_5_IRQHandler
 *fill*         0x08001f52        0x2 
 .text.DMA2_Stream1_IRQHandler
                0x08001f54       0x10 CMakeFiles/2024_Hero_three.elf.dir/Core/Src/stm32f4xx_it.c.obj
                0x08001f54                DMA2_Stream1_IRQHandler
 .text.DMA2_Stream3_IRQHandler
                0x08001f64       0x10 CMakeFiles/2024_Hero_three.elf.dir/Core/Src/stm32f4xx_it.c.obj
                0x08001f64                DMA2_Stream3_IRQHandler
 .text.OTG_FS_IRQHandler
                0x08001f74       0x10 CMakeFiles/2024_Hero_three.elf.dir/Core/Src/stm32f4xx_it.c.obj
                0x08001f74                OTG_FS_IRQHandler
 .text.DMA2_Stream5_IRQHandler
                0x08001f84       0x10 CMakeFiles/2024_Hero_three.elf.dir/Core/Src/stm32f4xx_it.c.obj
                0x08001f84                DMA2_Stream5_IRQHandler
 .text.DMA2_Stream6_IRQHandler
                0x08001f94       0x10 CMakeFiles/2024_Hero_three.elf.dir/Core/Src/stm32f4xx_it.c.obj
                0x08001f94                DMA2_Stream6_IRQHandler
 .text.DMA2_Stream7_IRQHandler
                0x08001fa4       0x10 CMakeFiles/2024_Hero_three.elf.dir/Core/Src/stm32f4xx_it.c.obj
                0x08001fa4                DMA2_Stream7_IRQHandler
 .text.SystemInit
                0x08001fb4       0x14 CMakeFiles/2024_Hero_three.elf.dir/Core/Src/system_stm32f4xx.c.obj
                0x08001fb4                SystemInit
 .text.HAL_TIM_PWM_MspInit
                0x08001fc8       0x54 CMakeFiles/2024_Hero_three.elf.dir/Core/Src/tim.c.obj
                0x08001fc8                HAL_TIM_PWM_MspInit
 .text.HAL_TIM_Base_MspInit
                0x0800201c       0x9c CMakeFiles/2024_Hero_three.elf.dir/Core/Src/tim.c.obj
                0x0800201c                HAL_TIM_Base_MspInit
 .text.HAL_TIM_MspPostInit
                0x080020b8      0x238 CMakeFiles/2024_Hero_three.elf.dir/Core/Src/tim.c.obj
                0x080020b8                HAL_TIM_MspPostInit
 .text.MX_TIM1_Init
                0x080022f0       0xf8 CMakeFiles/2024_Hero_three.elf.dir/Core/Src/tim.c.obj
                0x080022f0                MX_TIM1_Init
 .text.MX_TIM3_Init
                0x080023e8       0x80 CMakeFiles/2024_Hero_three.elf.dir/Core/Src/tim.c.obj
                0x080023e8                MX_TIM3_Init
 .text.MX_TIM4_Init
                0x08002468       0xb0 CMakeFiles/2024_Hero_three.elf.dir/Core/Src/tim.c.obj
                0x08002468                MX_TIM4_Init
 .text.MX_TIM5_Init
                0x08002518       0xd4 CMakeFiles/2024_Hero_three.elf.dir/Core/Src/tim.c.obj
                0x08002518                MX_TIM5_Init
 .text.MX_TIM8_Init
                0x080025ec      0x130 CMakeFiles/2024_Hero_three.elf.dir/Core/Src/tim.c.obj
                0x080025ec                MX_TIM8_Init
 .text.MX_TIM10_Init
                0x0800271c       0x74 CMakeFiles/2024_Hero_three.elf.dir/Core/Src/tim.c.obj
                0x0800271c                MX_TIM10_Init
 .text.MX_USART1_UART_Init
                0x08002790       0x34 CMakeFiles/2024_Hero_three.elf.dir/Core/Src/usart.c.obj
                0x08002790                MX_USART1_UART_Init
 .text.MX_USART3_UART_Init
                0x080027c4       0x3c CMakeFiles/2024_Hero_three.elf.dir/Core/Src/usart.c.obj
                0x080027c4                MX_USART3_UART_Init
 .text.MX_USART6_UART_Init
                0x08002800       0x34 CMakeFiles/2024_Hero_three.elf.dir/Core/Src/usart.c.obj
                0x08002800                MX_USART6_UART_Init
 .text.HAL_UART_MspInit
                0x08002834      0x2d0 CMakeFiles/2024_Hero_three.elf.dir/Core/Src/usart.c.obj
                0x08002834                HAL_UART_MspInit
 .text.Reset_Handler
                0x08002b04       0x50 CMakeFiles/2024_Hero_three.elf.dir/Core/Startup/startup_stm32f407ighx.s.obj
                0x08002b04                Reset_Handler
 .text.Default_Handler
                0x08002b54        0x2 CMakeFiles/2024_Hero_three.elf.dir/Core/Startup/startup_stm32f407ighx.s.obj
                0x08002b54                RTC_Alarm_IRQHandler
                0x08002b54                HASH_RNG_IRQHandler
                0x08002b54                EXTI2_IRQHandler
                0x08002b54                TIM8_CC_IRQHandler
                0x08002b54                TIM1_CC_IRQHandler
                0x08002b54                DMA1_Stream5_IRQHandler
                0x08002b54                PVD_IRQHandler
                0x08002b54                SDIO_IRQHandler
                0x08002b54                TAMP_STAMP_IRQHandler
                0x08002b54                CAN2_RX1_IRQHandler
                0x08002b54                TIM8_TRG_COM_TIM14_IRQHandler
                0x08002b54                TIM1_UP_TIM10_IRQHandler
                0x08002b54                TIM8_UP_TIM13_IRQHandler
                0x08002b54                I2C3_ER_IRQHandler
                0x08002b54                I2C2_EV_IRQHandler
                0x08002b54                DMA1_Stream2_IRQHandler
                0x08002b54                FPU_IRQHandler
                0x08002b54                OTG_HS_WKUP_IRQHandler
                0x08002b54                CAN2_SCE_IRQHandler
                0x08002b54                SPI1_IRQHandler
                0x08002b54                TIM6_DAC_IRQHandler
                0x08002b54                TIM1_BRK_TIM9_IRQHandler
                0x08002b54                DCMI_IRQHandler
                0x08002b54                UART5_IRQHandler
                0x08002b54                DMA2_Stream0_IRQHandler
                0x08002b54                TIM4_IRQHandler
                0x08002b54                I2C1_EV_IRQHandler
                0x08002b54                DMA1_Stream6_IRQHandler
                0x08002b54                UART4_IRQHandler
                0x08002b54                TIM3_IRQHandler
                0x08002b54                RCC_IRQHandler
                0x08002b54                TIM8_BRK_TIM12_IRQHandler
                0x08002b54                Default_Handler
                0x08002b54                EXTI15_10_IRQHandler
                0x08002b54                ADC_IRQHandler
                0x08002b54                TIM7_IRQHandler
                0x08002b54                CAN2_TX_IRQHandler
                0x08002b54                TIM5_IRQHandler
                0x08002b54                I2C3_EV_IRQHandler
                0x08002b54                RTC_WKUP_IRQHandler
                0x08002b54                ETH_WKUP_IRQHandler
                0x08002b54                SPI2_IRQHandler
                0x08002b54                OTG_HS_EP1_IN_IRQHandler
                0x08002b54                DMA1_Stream0_IRQHandler
                0x08002b54                CAN1_TX_IRQHandler
                0x08002b54                FSMC_IRQHandler
                0x08002b54                ETH_IRQHandler
                0x08002b54                OTG_HS_EP1_OUT_IRQHandler
                0x08002b54                WWDG_IRQHandler
                0x08002b54                TIM2_IRQHandler
                0x08002b54                OTG_FS_WKUP_IRQHandler
                0x08002b54                TIM1_TRG_COM_TIM11_IRQHandler
                0x08002b54                OTG_HS_IRQHandler
                0x08002b54                EXTI1_IRQHandler
                0x08002b54                USART2_IRQHandler
                0x08002b54                I2C2_ER_IRQHandler
                0x08002b54                CAN1_SCE_IRQHandler
                0x08002b54                FLASH_IRQHandler
                0x08002b54                DMA2_Stream4_IRQHandler
                0x08002b54                SPI3_IRQHandler
                0x08002b54                I2C1_ER_IRQHandler
                0x08002b54                DMA1_Stream3_IRQHandler
 *fill*         0x08002b56        0x2 
 .text.HAL_InitTick
                0x08002b58       0x4c CMakeFiles/2024_Hero_three.elf.dir/Drivers/STM32F4xx_HAL_Driver/Src/stm32f4xx_hal.c.obj
                0x08002b58                HAL_InitTick
 .text.HAL_Init
                0x08002ba4       0x34 CMakeFiles/2024_Hero_three.elf.dir/Drivers/STM32F4xx_HAL_Driver/Src/stm32f4xx_hal.c.obj
                0x08002ba4                HAL_Init
 .text.HAL_IncTick
                0x08002bd8       0x18 CMakeFiles/2024_Hero_three.elf.dir/Drivers/STM32F4xx_HAL_Driver/Src/stm32f4xx_hal.c.obj
                0x08002bd8                HAL_IncTick
 .text.HAL_GetTick
                0x08002bf0        0xc CMakeFiles/2024_Hero_three.elf.dir/Drivers/STM32F4xx_HAL_Driver/Src/stm32f4xx_hal.c.obj
                0x08002bf0                HAL_GetTick
 .text.HAL_Delay
                0x08002bfc       0x28 CMakeFiles/2024_Hero_three.elf.dir/Drivers/STM32F4xx_HAL_Driver/Src/stm32f4xx_hal.c.obj
                0x08002bfc                HAL_Delay
 .text.ADC_Init
                0x08002c24      0x134 CMakeFiles/2024_Hero_three.elf.dir/Drivers/STM32F4xx_HAL_Driver/Src/stm32f4xx_hal_adc.c.obj
 .text.HAL_ADC_Init
                0x08002d58       0x56 CMakeFiles/2024_Hero_three.elf.dir/Drivers/STM32F4xx_HAL_Driver/Src/stm32f4xx_hal_adc.c.obj
                0x08002d58                HAL_ADC_Init
 *fill*         0x08002dae        0x2 
 .text.HAL_ADC_Start
                0x08002db0      0x144 CMakeFiles/2024_Hero_three.elf.dir/Drivers/STM32F4xx_HAL_Driver/Src/stm32f4xx_hal_adc.c.obj
                0x08002db0                HAL_ADC_Start
 .text.HAL_ADC_PollForConversion
                0x08002ef4       0xb8 CMakeFiles/2024_Hero_three.elf.dir/Drivers/STM32F4xx_HAL_Driver/Src/stm32f4xx_hal_adc.c.obj
                0x08002ef4                HAL_ADC_PollForConversion
 .text.HAL_ADC_GetValue
                0x08002fac        0x6 CMakeFiles/2024_Hero_three.elf.dir/Drivers/STM32F4xx_HAL_Driver/Src/stm32f4xx_hal_adc.c.obj
                0x08002fac                HAL_ADC_GetValue
 *fill*         0x08002fb2        0x2 
 .text.HAL_ADC_ConfigChannel
                0x08002fb4      0x198 CMakeFiles/2024_Hero_three.elf.dir/Drivers/STM32F4xx_HAL_Driver/Src/stm32f4xx_hal_adc.c.obj
                0x08002fb4                HAL_ADC_ConfigChannel
 .text.HAL_CAN_Init
                0x0800314c      0x14c CMakeFiles/2024_Hero_three.elf.dir/Drivers/STM32F4xx_HAL_Driver/Src/stm32f4xx_hal_can.c.obj
                0x0800314c                HAL_CAN_Init
 .text.HAL_CAN_ConfigFilter
                0x08003298      0x138 CMakeFiles/2024_Hero_three.elf.dir/Drivers/STM32F4xx_HAL_Driver/Src/stm32f4xx_hal_can.c.obj
                0x08003298                HAL_CAN_ConfigFilter
 .text.HAL_CAN_Start
                0x080033d0       0x5c CMakeFiles/2024_Hero_three.elf.dir/Drivers/STM32F4xx_HAL_Driver/Src/stm32f4xx_hal_can.c.obj
                0x080033d0                HAL_CAN_Start
 .text.HAL_CAN_AddTxMessage
                0x0800342c       0xfc CMakeFiles/2024_Hero_three.elf.dir/Drivers/STM32F4xx_HAL_Driver/Src/stm32f4xx_hal_can.c.obj
                0x0800342c                HAL_CAN_AddTxMessage
 .text.HAL_CAN_GetRxMessage
                0x08003528      0x14a CMakeFiles/2024_Hero_three.elf.dir/Drivers/STM32F4xx_HAL_Driver/Src/stm32f4xx_hal_can.c.obj
                0x08003528                HAL_CAN_GetRxMessage
 .text.HAL_CAN_ActivateNotification
                0x08003672       0x24 CMakeFiles/2024_Hero_three.elf.dir/Drivers/STM32F4xx_HAL_Driver/Src/stm32f4xx_hal_can.c.obj
                0x08003672                HAL_CAN_ActivateNotification
 *fill*         0x08003696        0x2 
 .text.HAL_NVIC_SetPriorityGrouping
                0x08003698       0x24 CMakeFiles/2024_Hero_three.elf.dir/Drivers/STM32F4xx_HAL_Driver/Src/stm32f4xx_hal_cortex.c.obj
                0x08003698                HAL_NVIC_SetPriorityGrouping
 .text.HAL_NVIC_SetPriority
                0x080036bc       0x70 CMakeFiles/2024_Hero_three.elf.dir/Drivers/STM32F4xx_HAL_Driver/Src/stm32f4xx_hal_cortex.c.obj
                0x080036bc                HAL_NVIC_SetPriority
 .text.HAL_NVIC_EnableIRQ
                0x0800372c       0x1c CMakeFiles/2024_Hero_three.elf.dir/Drivers/STM32F4xx_HAL_Driver/Src/stm32f4xx_hal_cortex.c.obj
                0x0800372c                HAL_NVIC_EnableIRQ
 .text.HAL_SYSTICK_Config
                0x08003748       0x28 CMakeFiles/2024_Hero_three.elf.dir/Drivers/STM32F4xx_HAL_Driver/Src/stm32f4xx_hal_cortex.c.obj
                0x08003748                HAL_SYSTICK_Config
 .text.HAL_CRC_Init
                0x08003770       0x1e CMakeFiles/2024_Hero_three.elf.dir/Drivers/STM32F4xx_HAL_Driver/Src/stm32f4xx_hal_crc.c.obj
                0x08003770                HAL_CRC_Init
 .text.DMA_SetConfig
                0x0800378e       0x2c CMakeFiles/2024_Hero_three.elf.dir/Drivers/STM32F4xx_HAL_Driver/Src/stm32f4xx_hal_dma.c.obj
 *fill*         0x080037ba        0x2 
 .text.DMA_CalcBaseAndBitshift
                0x080037bc       0x44 CMakeFiles/2024_Hero_three.elf.dir/Drivers/STM32F4xx_HAL_Driver/Src/stm32f4xx_hal_dma.c.obj
 .text.DMA_CheckFifoParam
                0x08003800       0x8e CMakeFiles/2024_Hero_three.elf.dir/Drivers/STM32F4xx_HAL_Driver/Src/stm32f4xx_hal_dma.c.obj
 *fill*         0x0800388e        0x2 
 .text.HAL_DMA_Init
                0x08003890       0xcc CMakeFiles/2024_Hero_three.elf.dir/Drivers/STM32F4xx_HAL_Driver/Src/stm32f4xx_hal_dma.c.obj
                0x08003890                HAL_DMA_Init
 .text.HAL_DMA_Start_IT
                0x0800395c       0x6a CMakeFiles/2024_Hero_three.elf.dir/Drivers/STM32F4xx_HAL_Driver/Src/stm32f4xx_hal_dma.c.obj
                0x0800395c                HAL_DMA_Start_IT
 *fill*         0x080039c6        0x2 
 .text.HAL_DMA_IRQHandler
                0x080039c8      0x1dc CMakeFiles/2024_Hero_three.elf.dir/Drivers/STM32F4xx_HAL_Driver/Src/stm32f4xx_hal_dma.c.obj
                0x080039c8                HAL_DMA_IRQHandler
 .text.HAL_DMA_GetState
                0x08003ba4        0x6 CMakeFiles/2024_Hero_three.elf.dir/Drivers/STM32F4xx_HAL_Driver/Src/stm32f4xx_hal_dma.c.obj
                0x08003ba4                HAL_DMA_GetState
 *fill*         0x08003baa        0x2 
 .text.FLASH_Program_DoubleWord
                0x08003bac       0x30 CMakeFiles/2024_Hero_three.elf.dir/Drivers/STM32F4xx_HAL_Driver/Src/stm32f4xx_hal_flash.c.obj
 .text.FLASH_Program_Word
                0x08003bdc       0x24 CMakeFiles/2024_Hero_three.elf.dir/Drivers/STM32F4xx_HAL_Driver/Src/stm32f4xx_hal_flash.c.obj
 .text.FLASH_Program_HalfWord
                0x08003c00       0x24 CMakeFiles/2024_Hero_three.elf.dir/Drivers/STM32F4xx_HAL_Driver/Src/stm32f4xx_hal_flash.c.obj
 .text.FLASH_Program_Byte
                0x08003c24       0x20 CMakeFiles/2024_Hero_three.elf.dir/Drivers/STM32F4xx_HAL_Driver/Src/stm32f4xx_hal_flash.c.obj
 .text.FLASH_SetErrorCode
                0x08003c44       0x8c CMakeFiles/2024_Hero_three.elf.dir/Drivers/STM32F4xx_HAL_Driver/Src/stm32f4xx_hal_flash.c.obj
 .text.HAL_FLASH_Unlock
                0x08003cd0       0x30 CMakeFiles/2024_Hero_three.elf.dir/Drivers/STM32F4xx_HAL_Driver/Src/stm32f4xx_hal_flash.c.obj
                0x08003cd0                HAL_FLASH_Unlock
 .text.HAL_FLASH_Lock
                0x08003d00       0x14 CMakeFiles/2024_Hero_three.elf.dir/Drivers/STM32F4xx_HAL_Driver/Src/stm32f4xx_hal_flash.c.obj
                0x08003d00                HAL_FLASH_Lock
 .text.FLASH_WaitForLastOperation
                0x08003d14       0x60 CMakeFiles/2024_Hero_three.elf.dir/Drivers/STM32F4xx_HAL_Driver/Src/stm32f4xx_hal_flash.c.obj
                0x08003d14                FLASH_WaitForLastOperation
 .text.HAL_FLASH_Program
                0x08003d74       0x7c CMakeFiles/2024_Hero_three.elf.dir/Drivers/STM32F4xx_HAL_Driver/Src/stm32f4xx_hal_flash.c.obj
                0x08003d74                HAL_FLASH_Program
 .text.FLASH_MassErase
                0x08003df0       0x24 CMakeFiles/2024_Hero_three.elf.dir/Drivers/STM32F4xx_HAL_Driver/Src/stm32f4xx_hal_flash_ex.c.obj
 .text.FLASH_Erase_Sector
                0x08003e14       0x54 CMakeFiles/2024_Hero_three.elf.dir/Drivers/STM32F4xx_HAL_Driver/Src/stm32f4xx_hal_flash_ex.c.obj
                0x08003e14                FLASH_Erase_Sector
 .text.FLASH_FlushCaches
                0x08003e68       0x60 CMakeFiles/2024_Hero_three.elf.dir/Drivers/STM32F4xx_HAL_Driver/Src/stm32f4xx_hal_flash_ex.c.obj
                0x08003e68                FLASH_FlushCaches
 .text.HAL_FLASHEx_Erase
                0x08003ec8       0x94 CMakeFiles/2024_Hero_three.elf.dir/Drivers/STM32F4xx_HAL_Driver/Src/stm32f4xx_hal_flash_ex.c.obj
                0x08003ec8                HAL_FLASHEx_Erase
 .text.HAL_GPIO_Init
                0x08003f5c      0x1e4 CMakeFiles/2024_Hero_three.elf.dir/Drivers/STM32F4xx_HAL_Driver/Src/stm32f4xx_hal_gpio.c.obj
                0x08003f5c                HAL_GPIO_Init
 .text.HAL_GPIO_WritePin
                0x08004140        0xc CMakeFiles/2024_Hero_three.elf.dir/Drivers/STM32F4xx_HAL_Driver/Src/stm32f4xx_hal_gpio.c.obj
                0x08004140                HAL_GPIO_WritePin
 .text.HAL_GPIO_EXTI_IRQHandler
                0x0800414c       0x1c CMakeFiles/2024_Hero_three.elf.dir/Drivers/STM32F4xx_HAL_Driver/Src/stm32f4xx_hal_gpio.c.obj
                0x0800414c                HAL_GPIO_EXTI_IRQHandler
 .text.I2C_IsAcknowledgeFailed
                0x08004168       0x32 CMakeFiles/2024_Hero_three.elf.dir/Drivers/STM32F4xx_HAL_Driver/Src/stm32f4xx_hal_i2c.c.obj
 .text.I2C_WaitOnFlagUntilTimeout
                0x0800419a       0x7c CMakeFiles/2024_Hero_three.elf.dir/Drivers/STM32F4xx_HAL_Driver/Src/stm32f4xx_hal_i2c.c.obj
 .text.I2C_WaitOnMasterAddressFlagUntilTimeout
                0x08004216       0xaa CMakeFiles/2024_Hero_three.elf.dir/Drivers/STM32F4xx_HAL_Driver/Src/stm32f4xx_hal_i2c.c.obj
 .text.I2C_WaitOnTXEFlagUntilTimeout
                0x080042c0       0x54 CMakeFiles/2024_Hero_three.elf.dir/Drivers/STM32F4xx_HAL_Driver/Src/stm32f4xx_hal_i2c.c.obj
 .text.I2C_RequestMemoryWrite
                0x08004314       0xd8 CMakeFiles/2024_Hero_three.elf.dir/Drivers/STM32F4xx_HAL_Driver/Src/stm32f4xx_hal_i2c.c.obj
 .text.I2C_RequestMemoryRead
                0x080043ec      0x154 CMakeFiles/2024_Hero_three.elf.dir/Drivers/STM32F4xx_HAL_Driver/Src/stm32f4xx_hal_i2c.c.obj
 .text.I2C_WaitOnBTFFlagUntilTimeout
                0x08004540       0x54 CMakeFiles/2024_Hero_three.elf.dir/Drivers/STM32F4xx_HAL_Driver/Src/stm32f4xx_hal_i2c.c.obj
 .text.I2C_WaitOnRXNEFlagUntilTimeout
                0x08004594       0x6a CMakeFiles/2024_Hero_three.elf.dir/Drivers/STM32F4xx_HAL_Driver/Src/stm32f4xx_hal_i2c.c.obj
 *fill*         0x080045fe        0x2 
 .text.HAL_I2C_Init
                0x08004600      0x1bc CMakeFiles/2024_Hero_three.elf.dir/Drivers/STM32F4xx_HAL_Driver/Src/stm32f4xx_hal_i2c.c.obj
                0x08004600                HAL_I2C_Init
 .text.HAL_I2C_Mem_Write
                0x080047bc      0x164 CMakeFiles/2024_Hero_three.elf.dir/Drivers/STM32F4xx_HAL_Driver/Src/stm32f4xx_hal_i2c.c.obj
                0x080047bc                HAL_I2C_Mem_Write
 .text.HAL_I2C_Mem_Read
                0x08004920      0x2e4 CMakeFiles/2024_Hero_three.elf.dir/Drivers/STM32F4xx_HAL_Driver/Src/stm32f4xx_hal_i2c.c.obj
                0x08004920                HAL_I2C_Mem_Read
 .text.PCD_WriteEmptyTxFifo
                0x08004c04       0xd0 CMakeFiles/2024_Hero_three.elf.dir/Drivers/STM32F4xx_HAL_Driver/Src/stm32f4xx_hal_pcd.c.obj
 .text.HAL_PCD_Init
                0x08004cd4      0x12e CMakeFiles/2024_Hero_three.elf.dir/Drivers/STM32F4xx_HAL_Driver/Src/stm32f4xx_hal_pcd.c.obj
                0x08004cd4                HAL_PCD_Init
 .text.HAL_PCD_Start
                0x08004e02       0x42 CMakeFiles/2024_Hero_three.elf.dir/Drivers/STM32F4xx_HAL_Driver/Src/stm32f4xx_hal_pcd.c.obj
                0x08004e02                HAL_PCD_Start
 .text.PCD_EP_OutXfrComplete_int
                0x08004e44      0x104 CMakeFiles/2024_Hero_three.elf.dir/Drivers/STM32F4xx_HAL_Driver/Src/stm32f4xx_hal_pcd.c.obj
 .text.PCD_EP_OutSetupPacket_int
                0x08004f48       0x50 CMakeFiles/2024_Hero_three.elf.dir/Drivers/STM32F4xx_HAL_Driver/Src/stm32f4xx_hal_pcd.c.obj
 .text.HAL_PCD_SetAddress
                0x08004f98       0x28 CMakeFiles/2024_Hero_three.elf.dir/Drivers/STM32F4xx_HAL_Driver/Src/stm32f4xx_hal_pcd.c.obj
                0x08004f98                HAL_PCD_SetAddress
 .text.HAL_PCD_EP_Open
                0x08004fc0       0x8a CMakeFiles/2024_Hero_three.elf.dir/Drivers/STM32F4xx_HAL_Driver/Src/stm32f4xx_hal_pcd.c.obj
                0x08004fc0                HAL_PCD_EP_Open
 .text.HAL_PCD_EP_Close
                0x0800504a       0x72 CMakeFiles/2024_Hero_three.elf.dir/Drivers/STM32F4xx_HAL_Driver/Src/stm32f4xx_hal_pcd.c.obj
                0x0800504a                HAL_PCD_EP_Close
 .text.HAL_PCD_EP_Receive
                0x080050bc       0x5e CMakeFiles/2024_Hero_three.elf.dir/Drivers/STM32F4xx_HAL_Driver/Src/stm32f4xx_hal_pcd.c.obj
                0x080050bc                HAL_PCD_EP_Receive
 .text.HAL_PCD_EP_GetRxCount
                0x0800511a       0x12 CMakeFiles/2024_Hero_three.elf.dir/Drivers/STM32F4xx_HAL_Driver/Src/stm32f4xx_hal_pcd.c.obj
                0x0800511a                HAL_PCD_EP_GetRxCount
 .text.HAL_PCD_EP_Transmit
                0x0800512c       0x5e CMakeFiles/2024_Hero_three.elf.dir/Drivers/STM32F4xx_HAL_Driver/Src/stm32f4xx_hal_pcd.c.obj
                0x0800512c                HAL_PCD_EP_Transmit
 .text.HAL_PCD_EP_SetStall
                0x0800518a       0x88 CMakeFiles/2024_Hero_three.elf.dir/Drivers/STM32F4xx_HAL_Driver/Src/stm32f4xx_hal_pcd.c.obj
                0x0800518a                HAL_PCD_EP_SetStall
 .text.HAL_PCD_EP_ClrStall
                0x08005212       0x76 CMakeFiles/2024_Hero_three.elf.dir/Drivers/STM32F4xx_HAL_Driver/Src/stm32f4xx_hal_pcd.c.obj
                0x08005212                HAL_PCD_EP_ClrStall
 .text.HAL_PCD_EP_Abort
                0x08005288       0x34 CMakeFiles/2024_Hero_three.elf.dir/Drivers/STM32F4xx_HAL_Driver/Src/stm32f4xx_hal_pcd.c.obj
                0x08005288                HAL_PCD_EP_Abort
 .text.HAL_PCD_IRQHandler
                0x080052bc      0x5c4 CMakeFiles/2024_Hero_three.elf.dir/Drivers/STM32F4xx_HAL_Driver/Src/stm32f4xx_hal_pcd.c.obj
                0x080052bc                HAL_PCD_IRQHandler
 .text.HAL_PCDEx_SetTxFiFo
                0x08005880       0x4c CMakeFiles/2024_Hero_three.elf.dir/Drivers/STM32F4xx_HAL_Driver/Src/stm32f4xx_hal_pcd_ex.c.obj
                0x08005880                HAL_PCDEx_SetTxFiFo
 .text.HAL_PCDEx_SetRxFiFo
                0x080058cc        0x8 CMakeFiles/2024_Hero_three.elf.dir/Drivers/STM32F4xx_HAL_Driver/Src/stm32f4xx_hal_pcd_ex.c.obj
                0x080058cc                HAL_PCDEx_SetRxFiFo
 .text.HAL_PCDEx_LPM_Callback
                0x080058d4        0x2 CMakeFiles/2024_Hero_three.elf.dir/Drivers/STM32F4xx_HAL_Driver/Src/stm32f4xx_hal_pcd_ex.c.obj
                0x080058d4                HAL_PCDEx_LPM_Callback
 *fill*         0x080058d6        0x2 
 .text.HAL_RCC_OscConfig
                0x080058d8      0x3f8 CMakeFiles/2024_Hero_three.elf.dir/Drivers/STM32F4xx_HAL_Driver/Src/stm32f4xx_hal_rcc.c.obj
                0x080058d8                HAL_RCC_OscConfig
 .text.HAL_RCC_GetSysClockFreq
                0x08005cd0       0xa4 CMakeFiles/2024_Hero_three.elf.dir/Drivers/STM32F4xx_HAL_Driver/Src/stm32f4xx_hal_rcc.c.obj
                0x08005cd0                HAL_RCC_GetSysClockFreq
 .text.HAL_RCC_ClockConfig
                0x08005d74      0x160 CMakeFiles/2024_Hero_three.elf.dir/Drivers/STM32F4xx_HAL_Driver/Src/stm32f4xx_hal_rcc.c.obj
                0x08005d74                HAL_RCC_ClockConfig
 .text.HAL_RCC_GetHCLKFreq
                0x08005ed4        0xc CMakeFiles/2024_Hero_three.elf.dir/Drivers/STM32F4xx_HAL_Driver/Src/stm32f4xx_hal_rcc.c.obj
                0x08005ed4                HAL_RCC_GetHCLKFreq
 .text.HAL_RCC_GetPCLK1Freq
                0x08005ee0       0x20 CMakeFiles/2024_Hero_three.elf.dir/Drivers/STM32F4xx_HAL_Driver/Src/stm32f4xx_hal_rcc.c.obj
                0x08005ee0                HAL_RCC_GetPCLK1Freq
 .text.HAL_RCC_GetPCLK2Freq
                0x08005f00       0x20 CMakeFiles/2024_Hero_three.elf.dir/Drivers/STM32F4xx_HAL_Driver/Src/stm32f4xx_hal_rcc.c.obj
                0x08005f00                HAL_RCC_GetPCLK2Freq
 .text.HAL_RNG_Init
                0x08005f20       0x2e CMakeFiles/2024_Hero_three.elf.dir/Drivers/STM32F4xx_HAL_Driver/Src/stm32f4xx_hal_rng.c.obj
                0x08005f20                HAL_RNG_Init
 *fill*         0x08005f4e        0x2 
 .text.SPI_WaitFlagStateUntilTimeout
                0x08005f50       0xd4 CMakeFiles/2024_Hero_three.elf.dir/Drivers/STM32F4xx_HAL_Driver/Src/stm32f4xx_hal_spi.c.obj
 .text.SPI_EndRxTxTransaction
                0x08006024       0x68 CMakeFiles/2024_Hero_three.elf.dir/Drivers/STM32F4xx_HAL_Driver/Src/stm32f4xx_hal_spi.c.obj
 .text.HAL_SPI_Init
                0x0800608c       0xbe CMakeFiles/2024_Hero_three.elf.dir/Drivers/STM32F4xx_HAL_Driver/Src/stm32f4xx_hal_spi.c.obj
                0x0800608c                HAL_SPI_Init
 .text.HAL_SPI_TransmitReceive
                0x0800614a      0x238 CMakeFiles/2024_Hero_three.elf.dir/Drivers/STM32F4xx_HAL_Driver/Src/stm32f4xx_hal_spi.c.obj
                0x0800614a                HAL_SPI_TransmitReceive
 *fill*         0x08006382        0x2 
 .text.HAL_SPI_Transmit_DMA
                0x08006384       0xe0 CMakeFiles/2024_Hero_three.elf.dir/Drivers/STM32F4xx_HAL_Driver/Src/stm32f4xx_hal_spi.c.obj
                0x08006384                HAL_SPI_Transmit_DMA
 .text.HAL_SPI_TxHalfCpltCallback
                0x08006464        0x2 CMakeFiles/2024_Hero_three.elf.dir/Drivers/STM32F4xx_HAL_Driver/Src/stm32f4xx_hal_spi.c.obj
                0x08006464                HAL_SPI_TxHalfCpltCallback
 .text.SPI_DMAHalfTransmitCplt
                0x08006466        0xa CMakeFiles/2024_Hero_three.elf.dir/Drivers/STM32F4xx_HAL_Driver/Src/stm32f4xx_hal_spi.c.obj
 .text.HAL_SPI_ErrorCallback
                0x08006470        0x2 CMakeFiles/2024_Hero_three.elf.dir/Drivers/STM32F4xx_HAL_Driver/Src/stm32f4xx_hal_spi.c.obj
                0x08006470                HAL_SPI_ErrorCallback
 .text.SPI_DMAError
                0x08006472       0x22 CMakeFiles/2024_Hero_three.elf.dir/Drivers/STM32F4xx_HAL_Driver/Src/stm32f4xx_hal_spi.c.obj
 .text.SPI_DMATransmitCplt
                0x08006494       0x70 CMakeFiles/2024_Hero_three.elf.dir/Drivers/STM32F4xx_HAL_Driver/Src/stm32f4xx_hal_spi.c.obj
 .text.TIM_OC1_SetConfig
                0x08006504       0x68 CMakeFiles/2024_Hero_three.elf.dir/Drivers/STM32F4xx_HAL_Driver/Src/stm32f4xx_hal_tim.c.obj
 .text.TIM_OC3_SetConfig
                0x0800656c       0x70 CMakeFiles/2024_Hero_three.elf.dir/Drivers/STM32F4xx_HAL_Driver/Src/stm32f4xx_hal_tim.c.obj
 .text.TIM_OC4_SetConfig
                0x080065dc       0x50 CMakeFiles/2024_Hero_three.elf.dir/Drivers/STM32F4xx_HAL_Driver/Src/stm32f4xx_hal_tim.c.obj
 .text.TIM_TI1_ConfigInputStage
                0x0800662c       0x26 CMakeFiles/2024_Hero_three.elf.dir/Drivers/STM32F4xx_HAL_Driver/Src/stm32f4xx_hal_tim.c.obj
 .text.TIM_TI2_ConfigInputStage
                0x08006652       0x28 CMakeFiles/2024_Hero_three.elf.dir/Drivers/STM32F4xx_HAL_Driver/Src/stm32f4xx_hal_tim.c.obj
 .text.TIM_ITRx_SetConfig
                0x0800667a       0x10 CMakeFiles/2024_Hero_three.elf.dir/Drivers/STM32F4xx_HAL_Driver/Src/stm32f4xx_hal_tim.c.obj
 *fill*         0x0800668a        0x2 
 .text.HAL_TIM_Base_Start
                0x0800668c       0x7c CMakeFiles/2024_Hero_three.elf.dir/Drivers/STM32F4xx_HAL_Driver/Src/stm32f4xx_hal_tim.c.obj
                0x0800668c                HAL_TIM_Base_Start
 .text.TIM_Base_SetConfig
                0x08006708       0xc8 CMakeFiles/2024_Hero_three.elf.dir/Drivers/STM32F4xx_HAL_Driver/Src/stm32f4xx_hal_tim.c.obj
                0x08006708                TIM_Base_SetConfig
 .text.HAL_TIM_Base_Init
                0x080067d0       0x58 CMakeFiles/2024_Hero_three.elf.dir/Drivers/STM32F4xx_HAL_Driver/Src/stm32f4xx_hal_tim.c.obj
                0x080067d0                HAL_TIM_Base_Init
 .text.HAL_TIM_PWM_Init
                0x08006828       0x58 CMakeFiles/2024_Hero_three.elf.dir/Drivers/STM32F4xx_HAL_Driver/Src/stm32f4xx_hal_tim.c.obj
                0x08006828                HAL_TIM_PWM_Init
 .text.TIM_OC2_SetConfig
                0x08006880       0x70 CMakeFiles/2024_Hero_three.elf.dir/Drivers/STM32F4xx_HAL_Driver/Src/stm32f4xx_hal_tim.c.obj
                0x08006880                TIM_OC2_SetConfig
 .text.HAL_TIM_PWM_ConfigChannel
                0x080068f0       0xdc CMakeFiles/2024_Hero_three.elf.dir/Drivers/STM32F4xx_HAL_Driver/Src/stm32f4xx_hal_tim.c.obj
                0x080068f0                HAL_TIM_PWM_ConfigChannel
 .text.TIM_ETR_SetConfig
                0x080069cc       0x1a CMakeFiles/2024_Hero_three.elf.dir/Drivers/STM32F4xx_HAL_Driver/Src/stm32f4xx_hal_tim.c.obj
                0x080069cc                TIM_ETR_SetConfig
 .text.HAL_TIM_ConfigClockSource
                0x080069e6       0xfe CMakeFiles/2024_Hero_three.elf.dir/Drivers/STM32F4xx_HAL_Driver/Src/stm32f4xx_hal_tim.c.obj
                0x080069e6                HAL_TIM_ConfigClockSource
 .text.TIM_CCxChannelCmd
                0x08006ae4       0x1e CMakeFiles/2024_Hero_three.elf.dir/Drivers/STM32F4xx_HAL_Driver/Src/stm32f4xx_hal_tim.c.obj
                0x08006ae4                TIM_CCxChannelCmd
 *fill*         0x08006b02        0x2 
 .text.HAL_TIM_PWM_Start
                0x08006b04      0x104 CMakeFiles/2024_Hero_three.elf.dir/Drivers/STM32F4xx_HAL_Driver/Src/stm32f4xx_hal_tim.c.obj
                0x08006b04                HAL_TIM_PWM_Start
 .text.HAL_TIMEx_MasterConfigSynchronization
                0x08006c08       0x8c CMakeFiles/2024_Hero_three.elf.dir/Drivers/STM32F4xx_HAL_Driver/Src/stm32f4xx_hal_tim_ex.c.obj
                0x08006c08                HAL_TIMEx_MasterConfigSynchronization
 .text.HAL_TIMEx_ConfigBreakDeadTime
                0x08006c94       0x52 CMakeFiles/2024_Hero_three.elf.dir/Drivers/STM32F4xx_HAL_Driver/Src/stm32f4xx_hal_tim_ex.c.obj
                0x08006c94                HAL_TIMEx_ConfigBreakDeadTime
 *fill*         0x08006ce6        0x2 
 .text.UART_SetConfig
                0x08006ce8      0x110 CMakeFiles/2024_Hero_three.elf.dir/Drivers/STM32F4xx_HAL_Driver/Src/stm32f4xx_hal_uart.c.obj
 .text.UART_WaitOnFlagUntilTimeout
                0x08006df8       0x88 CMakeFiles/2024_Hero_three.elf.dir/Drivers/STM32F4xx_HAL_Driver/Src/stm32f4xx_hal_uart.c.obj
 .text.HAL_UART_Init
                0x08006e80       0x5e CMakeFiles/2024_Hero_three.elf.dir/Drivers/STM32F4xx_HAL_Driver/Src/stm32f4xx_hal_uart.c.obj
                0x08006e80                HAL_UART_Init
 .text.HAL_UART_Transmit
                0x08006ede       0xd8 CMakeFiles/2024_Hero_three.elf.dir/Drivers/STM32F4xx_HAL_Driver/Src/stm32f4xx_hal_uart.c.obj
                0x08006ede                HAL_UART_Transmit
 *fill*         0x08006fb6        0x2 
 .text.USB_CoreReset
                0x08006fb8       0x50 CMakeFiles/2024_Hero_three.elf.dir/Drivers/STM32F4xx_HAL_Driver/Src/stm32f4xx_ll_usb.c.obj
 .text.USB_CoreInit
                0x08007008       0x8a CMakeFiles/2024_Hero_three.elf.dir/Drivers/STM32F4xx_HAL_Driver/Src/stm32f4xx_ll_usb.c.obj
                0x08007008                USB_CoreInit
 *fill*         0x08007092        0x2 
 .text.USB_SetTurnaroundTime
                0x08007094       0xe4 CMakeFiles/2024_Hero_three.elf.dir/Drivers/STM32F4xx_HAL_Driver/Src/stm32f4xx_ll_usb.c.obj
                0x08007094                USB_SetTurnaroundTime
 .text.USB_EnableGlobalInt
                0x08007178        0xc CMakeFiles/2024_Hero_three.elf.dir/Drivers/STM32F4xx_HAL_Driver/Src/stm32f4xx_ll_usb.c.obj
                0x08007178                USB_EnableGlobalInt
 .text.USB_DisableGlobalInt
                0x08007184        0xc CMakeFiles/2024_Hero_three.elf.dir/Drivers/STM32F4xx_HAL_Driver/Src/stm32f4xx_ll_usb.c.obj
                0x08007184                USB_DisableGlobalInt
 .text.USB_FlushTxFifo
                0x08007190       0x50 CMakeFiles/2024_Hero_three.elf.dir/Drivers/STM32F4xx_HAL_Driver/Src/stm32f4xx_ll_usb.c.obj
                0x08007190                USB_FlushTxFifo
 .text.USB_FlushRxFifo
                0x080071e0       0x4c CMakeFiles/2024_Hero_three.elf.dir/Drivers/STM32F4xx_HAL_Driver/Src/stm32f4xx_ll_usb.c.obj
                0x080071e0                USB_FlushRxFifo
 .text.USB_SetDevSpeed
                0x0800722c        0xe CMakeFiles/2024_Hero_three.elf.dir/Drivers/STM32F4xx_HAL_Driver/Src/stm32f4xx_ll_usb.c.obj
                0x0800722c                USB_SetDevSpeed
 *fill*         0x0800723a        0x2 
 .text.USB_DevInit
                0x0800723c      0x190 CMakeFiles/2024_Hero_three.elf.dir/Drivers/STM32F4xx_HAL_Driver/Src/stm32f4xx_ll_usb.c.obj
                0x0800723c                USB_DevInit
 .text.USB_GetDevSpeed
                0x080073cc       0x22 CMakeFiles/2024_Hero_three.elf.dir/Drivers/STM32F4xx_HAL_Driver/Src/stm32f4xx_ll_usb.c.obj
                0x080073cc                USB_GetDevSpeed
 .text.USB_ActivateEndpoint
                0x080073ee       0x9c CMakeFiles/2024_Hero_three.elf.dir/Drivers/STM32F4xx_HAL_Driver/Src/stm32f4xx_ll_usb.c.obj
                0x080073ee                USB_ActivateEndpoint
 *fill*         0x0800748a        0x2 
 .text.USB_DeactivateEndpoint
                0x0800748c       0xe0 CMakeFiles/2024_Hero_three.elf.dir/Drivers/STM32F4xx_HAL_Driver/Src/stm32f4xx_ll_usb.c.obj
                0x0800748c                USB_DeactivateEndpoint
 .text.USB_EP0StartXfer
                0x0800756c      0x124 CMakeFiles/2024_Hero_three.elf.dir/Drivers/STM32F4xx_HAL_Driver/Src/stm32f4xx_ll_usb.c.obj
                0x0800756c                USB_EP0StartXfer
 .text.USB_EPStopXfer
                0x08007690       0xbe CMakeFiles/2024_Hero_three.elf.dir/Drivers/STM32F4xx_HAL_Driver/Src/stm32f4xx_ll_usb.c.obj
                0x08007690                USB_EPStopXfer
 .text.USB_WritePacket
                0x0800774e       0x2e CMakeFiles/2024_Hero_three.elf.dir/Drivers/STM32F4xx_HAL_Driver/Src/stm32f4xx_ll_usb.c.obj
                0x0800774e                USB_WritePacket
 .text.USB_EPStartXfer
                0x0800777c      0x234 CMakeFiles/2024_Hero_three.elf.dir/Drivers/STM32F4xx_HAL_Driver/Src/stm32f4xx_ll_usb.c.obj
                0x0800777c                USB_EPStartXfer
 .text.USB_ReadPacket
                0x080079b0       0x54 CMakeFiles/2024_Hero_three.elf.dir/Drivers/STM32F4xx_HAL_Driver/Src/stm32f4xx_ll_usb.c.obj
                0x080079b0                USB_ReadPacket
 .text.USB_EPSetStall
                0x08007a04       0x5a CMakeFiles/2024_Hero_three.elf.dir/Drivers/STM32F4xx_HAL_Driver/Src/stm32f4xx_ll_usb.c.obj
                0x08007a04                USB_EPSetStall
 .text.USB_EPClearStall
                0x08007a5e       0x5c CMakeFiles/2024_Hero_three.elf.dir/Drivers/STM32F4xx_HAL_Driver/Src/stm32f4xx_ll_usb.c.obj
                0x08007a5e                USB_EPClearStall
 .text.USB_SetDevAddress
                0x08007aba       0x20 CMakeFiles/2024_Hero_three.elf.dir/Drivers/STM32F4xx_HAL_Driver/Src/stm32f4xx_ll_usb.c.obj
                0x08007aba                USB_SetDevAddress
 .text.USB_DevConnect
                0x08007ada       0x1c CMakeFiles/2024_Hero_three.elf.dir/Drivers/STM32F4xx_HAL_Driver/Src/stm32f4xx_ll_usb.c.obj
                0x08007ada                USB_DevConnect
 .text.USB_DevDisconnect
                0x08007af6       0x1c CMakeFiles/2024_Hero_three.elf.dir/Drivers/STM32F4xx_HAL_Driver/Src/stm32f4xx_ll_usb.c.obj
                0x08007af6                USB_DevDisconnect
 .text.USB_ReadInterrupts
                0x08007b12        0x8 CMakeFiles/2024_Hero_three.elf.dir/Drivers/STM32F4xx_HAL_Driver/Src/stm32f4xx_ll_usb.c.obj
                0x08007b12                USB_ReadInterrupts
 .text.USB_ReadDevAllOutEpInterrupt
                0x08007b1a       0x10 CMakeFiles/2024_Hero_three.elf.dir/Drivers/STM32F4xx_HAL_Driver/Src/stm32f4xx_ll_usb.c.obj
                0x08007b1a                USB_ReadDevAllOutEpInterrupt
 .text.USB_ReadDevAllInEpInterrupt
                0x08007b2a       0x10 CMakeFiles/2024_Hero_three.elf.dir/Drivers/STM32F4xx_HAL_Driver/Src/stm32f4xx_ll_usb.c.obj
                0x08007b2a                USB_ReadDevAllInEpInterrupt
 .text.USB_ReadDevOutEPInterrupt
                0x08007b3a       0x12 CMakeFiles/2024_Hero_three.elf.dir/Drivers/STM32F4xx_HAL_Driver/Src/stm32f4xx_ll_usb.c.obj
                0x08007b3a                USB_ReadDevOutEPInterrupt
 .text.USB_ReadDevInEPInterrupt
                0x08007b4c       0x28 CMakeFiles/2024_Hero_three.elf.dir/Drivers/STM32F4xx_HAL_Driver/Src/stm32f4xx_ll_usb.c.obj
                0x08007b4c                USB_ReadDevInEPInterrupt
 .text.USB_GetMode
                0x08007b74        0x8 CMakeFiles/2024_Hero_three.elf.dir/Drivers/STM32F4xx_HAL_Driver/Src/stm32f4xx_ll_usb.c.obj
                0x08007b74                USB_GetMode
 .text.USB_SetCurrentMode
                0x08007b7c       0x62 CMakeFiles/2024_Hero_three.elf.dir/Drivers/STM32F4xx_HAL_Driver/Src/stm32f4xx_ll_usb.c.obj
                0x08007b7c                USB_SetCurrentMode
 .text.USB_ActivateSetup
                0x08007bde       0x20 CMakeFiles/2024_Hero_three.elf.dir/Drivers/STM32F4xx_HAL_Driver/Src/stm32f4xx_ll_usb.c.obj
                0x08007bde                USB_ActivateSetup
 *fill*         0x08007bfe        0x2 
 .text.USB_EP0_OutStart
                0x08007c00       0x60 CMakeFiles/2024_Hero_three.elf.dir/Drivers/STM32F4xx_HAL_Driver/Src/stm32f4xx_ll_usb.c.obj
                0x08007c00                USB_EP0_OutStart
 .text.USBD_CDC_EP0_RxReady
                0x08007c60       0x40 CMakeFiles/2024_Hero_three.elf.dir/Middlewares/ST/STM32_USB_Device_Library/Class/CDC/Src/usbd_cdc.c.obj
 .text.USBD_CDC_GetDeviceQualifierDescriptor
                0x08007ca0        0xc CMakeFiles/2024_Hero_three.elf.dir/Middlewares/ST/STM32_USB_Device_Library/Class/CDC/Src/usbd_cdc.c.obj
                0x08007ca0                USBD_CDC_GetDeviceQualifierDescriptor
 .text.USBD_CDC_GetOtherSpeedCfgDesc
                0x08007cac       0x48 CMakeFiles/2024_Hero_three.elf.dir/Middlewares/ST/STM32_USB_Device_Library/Class/CDC/Src/usbd_cdc.c.obj
 .text.USBD_CDC_GetFSCfgDesc
                0x08007cf4       0x48 CMakeFiles/2024_Hero_three.elf.dir/Middlewares/ST/STM32_USB_Device_Library/Class/CDC/Src/usbd_cdc.c.obj
 .text.USBD_CDC_GetHSCfgDesc
                0x08007d3c       0x48 CMakeFiles/2024_Hero_three.elf.dir/Middlewares/ST/STM32_USB_Device_Library/Class/CDC/Src/usbd_cdc.c.obj
 .text.USBD_CDC_DataOut
                0x08007d84       0x38 CMakeFiles/2024_Hero_three.elf.dir/Middlewares/ST/STM32_USB_Device_Library/Class/CDC/Src/usbd_cdc.c.obj
 .text.USBD_CDC_DataIn
                0x08007dbc       0x7c CMakeFiles/2024_Hero_three.elf.dir/Middlewares/ST/STM32_USB_Device_Library/Class/CDC/Src/usbd_cdc.c.obj
 .text.USBD_CDC_Setup
                0x08007e38      0x11a CMakeFiles/2024_Hero_three.elf.dir/Middlewares/ST/STM32_USB_Device_Library/Class/CDC/Src/usbd_cdc.c.obj
 .text.USBD_CDC_DeInit
                0x08007f52       0x64 CMakeFiles/2024_Hero_three.elf.dir/Middlewares/ST/STM32_USB_Device_Library/Class/CDC/Src/usbd_cdc.c.obj
 .text.USBD_CDC_Init
                0x08007fb6       0xee CMakeFiles/2024_Hero_three.elf.dir/Middlewares/ST/STM32_USB_Device_Library/Class/CDC/Src/usbd_cdc.c.obj
 .text.USBD_CDC_RegisterInterface
                0x080080a4       0x16 CMakeFiles/2024_Hero_three.elf.dir/Middlewares/ST/STM32_USB_Device_Library/Class/CDC/Src/usbd_cdc.c.obj
                0x080080a4                USBD_CDC_RegisterInterface
 .text.USBD_CDC_SetTxBuffer
                0x080080ba       0x1c CMakeFiles/2024_Hero_three.elf.dir/Middlewares/ST/STM32_USB_Device_Library/Class/CDC/Src/usbd_cdc.c.obj
                0x080080ba                USBD_CDC_SetTxBuffer
 .text.USBD_CDC_SetRxBuffer
                0x080080d6       0x18 CMakeFiles/2024_Hero_three.elf.dir/Middlewares/ST/STM32_USB_Device_Library/Class/CDC/Src/usbd_cdc.c.obj
                0x080080d6                USBD_CDC_SetRxBuffer
 .text.USBD_CDC_TransmitPacket
                0x080080ee       0x3a CMakeFiles/2024_Hero_three.elf.dir/Middlewares/ST/STM32_USB_Device_Library/Class/CDC/Src/usbd_cdc.c.obj
                0x080080ee                USBD_CDC_TransmitPacket
 .text.USBD_CDC_ReceivePacket
                0x08008128       0x38 CMakeFiles/2024_Hero_three.elf.dir/Middlewares/ST/STM32_USB_Device_Library/Class/CDC/Src/usbd_cdc.c.obj
                0x08008128                USBD_CDC_ReceivePacket
 .text.USBD_Init
                0x08008160       0x2e CMakeFiles/2024_Hero_three.elf.dir/Middlewares/ST/STM32_USB_Device_Library/Core/Src/usbd_core.c.obj
                0x08008160                USBD_Init
 .text.USBD_RegisterClass
                0x0800818e       0x34 CMakeFiles/2024_Hero_three.elf.dir/Middlewares/ST/STM32_USB_Device_Library/Core/Src/usbd_core.c.obj
                0x0800818e                USBD_RegisterClass
 .text.USBD_Start
                0x080081c2        0x8 CMakeFiles/2024_Hero_three.elf.dir/Middlewares/ST/STM32_USB_Device_Library/Core/Src/usbd_core.c.obj
                0x080081c2                USBD_Start
 .text.USBD_SetClassConfig
                0x080081ca       0x12 CMakeFiles/2024_Hero_three.elf.dir/Middlewares/ST/STM32_USB_Device_Library/Core/Src/usbd_core.c.obj
                0x080081ca                USBD_SetClassConfig
 .text.USBD_ClrClassConfig
                0x080081dc       0x12 CMakeFiles/2024_Hero_three.elf.dir/Middlewares/ST/STM32_USB_Device_Library/Core/Src/usbd_core.c.obj
                0x080081dc                USBD_ClrClassConfig
 .text.USBD_LL_SetupStage
                0x080081ee       0x58 CMakeFiles/2024_Hero_three.elf.dir/Middlewares/ST/STM32_USB_Device_Library/Core/Src/usbd_core.c.obj
                0x080081ee                USBD_LL_SetupStage
 .text.USBD_LL_Reset
                0x08008246       0x64 CMakeFiles/2024_Hero_three.elf.dir/Middlewares/ST/STM32_USB_Device_Library/Core/Src/usbd_core.c.obj
                0x08008246                USBD_LL_Reset
 .text.USBD_LL_SetSpeed
                0x080082aa        0x6 CMakeFiles/2024_Hero_three.elf.dir/Middlewares/ST/STM32_USB_Device_Library/Core/Src/usbd_core.c.obj
                0x080082aa                USBD_LL_SetSpeed
 .text.USBD_LL_Suspend
                0x080082b0       0x14 CMakeFiles/2024_Hero_three.elf.dir/Middlewares/ST/STM32_USB_Device_Library/Core/Src/usbd_core.c.obj
                0x080082b0                USBD_LL_Suspend
 .text.USBD_LL_Resume
                0x080082c4       0x1a CMakeFiles/2024_Hero_three.elf.dir/Middlewares/ST/STM32_USB_Device_Library/Core/Src/usbd_core.c.obj
                0x080082c4                USBD_LL_Resume
 .text.USBD_LL_SOF
                0x080082de       0x22 CMakeFiles/2024_Hero_three.elf.dir/Middlewares/ST/STM32_USB_Device_Library/Core/Src/usbd_core.c.obj
                0x080082de                USBD_LL_SOF
 .text.USBD_LL_IsoINIncomplete
                0x08008300       0x2e CMakeFiles/2024_Hero_three.elf.dir/Middlewares/ST/STM32_USB_Device_Library/Core/Src/usbd_core.c.obj
                0x08008300                USBD_LL_IsoINIncomplete
 .text.USBD_LL_IsoOUTIncomplete
                0x0800832e       0x2e CMakeFiles/2024_Hero_three.elf.dir/Middlewares/ST/STM32_USB_Device_Library/Core/Src/usbd_core.c.obj
                0x0800832e                USBD_LL_IsoOUTIncomplete
 .text.USBD_LL_DevConnected
                0x0800835c        0x4 CMakeFiles/2024_Hero_three.elf.dir/Middlewares/ST/STM32_USB_Device_Library/Core/Src/usbd_core.c.obj
                0x0800835c                USBD_LL_DevConnected
 .text.USBD_LL_DevDisconnected
                0x08008360       0x20 CMakeFiles/2024_Hero_three.elf.dir/Middlewares/ST/STM32_USB_Device_Library/Core/Src/usbd_core.c.obj
                0x08008360                USBD_LL_DevDisconnected
 .text.USBD_CoreFindIF
                0x08008380        0x4 CMakeFiles/2024_Hero_three.elf.dir/Middlewares/ST/STM32_USB_Device_Library/Core/Src/usbd_core.c.obj
                0x08008380                USBD_CoreFindIF
 .text.USBD_CoreFindEP
                0x08008384        0x4 CMakeFiles/2024_Hero_three.elf.dir/Middlewares/ST/STM32_USB_Device_Library/Core/Src/usbd_core.c.obj
                0x08008384                USBD_CoreFindEP
 .text.USBD_LL_DataOutStage
                0x08008388       0xc6 CMakeFiles/2024_Hero_three.elf.dir/Middlewares/ST/STM32_USB_Device_Library/Core/Src/usbd_core.c.obj
                0x08008388                USBD_LL_DataOutStage
 .text.USBD_LL_DataInStage
                0x0800844e       0xd6 CMakeFiles/2024_Hero_three.elf.dir/Middlewares/ST/STM32_USB_Device_Library/Core/Src/usbd_core.c.obj
                0x0800844e                USBD_LL_DataInStage
 .text.USBD_GetNextDesc
                0x08008524        0xe CMakeFiles/2024_Hero_three.elf.dir/Middlewares/ST/STM32_USB_Device_Library/Core/Src/usbd_core.c.obj
                0x08008524                USBD_GetNextDesc
 .text.USBD_GetEpDesc
                0x08008532       0x3e CMakeFiles/2024_Hero_three.elf.dir/Middlewares/ST/STM32_USB_Device_Library/Core/Src/usbd_core.c.obj
                0x08008532                USBD_GetEpDesc
 .text.USBD_GetLen
                0x08008570       0x14 CMakeFiles/2024_Hero_three.elf.dir/Middlewares/ST/STM32_USB_Device_Library/Core/Src/usbd_ctlreq.c.obj
 .text.USBD_ParseSetupRequest
                0x08008584       0x28 CMakeFiles/2024_Hero_three.elf.dir/Middlewares/ST/STM32_USB_Device_Library/Core/Src/usbd_ctlreq.c.obj
                0x08008584                USBD_ParseSetupRequest
 .text.USBD_CtlError
                0x080085ac       0x14 CMakeFiles/2024_Hero_three.elf.dir/Middlewares/ST/STM32_USB_Device_Library/Core/Src/usbd_ctlreq.c.obj
                0x080085ac                USBD_CtlError
 .text.USBD_GetDescriptor
                0x080085c0      0x18a CMakeFiles/2024_Hero_three.elf.dir/Middlewares/ST/STM32_USB_Device_Library/Core/Src/usbd_ctlreq.c.obj
 .text.USBD_SetAddress
                0x0800874a       0x50 CMakeFiles/2024_Hero_three.elf.dir/Middlewares/ST/STM32_USB_Device_Library/Core/Src/usbd_ctlreq.c.obj
 *fill*         0x0800879a        0x2 
 .text.USBD_SetConfig
                0x0800879c       0xcc CMakeFiles/2024_Hero_three.elf.dir/Middlewares/ST/STM32_USB_Device_Library/Core/Src/usbd_ctlreq.c.obj
 .text.USBD_GetConfig
                0x08008868       0x40 CMakeFiles/2024_Hero_three.elf.dir/Middlewares/ST/STM32_USB_Device_Library/Core/Src/usbd_ctlreq.c.obj
 .text.USBD_GetStatus
                0x080088a8       0x38 CMakeFiles/2024_Hero_three.elf.dir/Middlewares/ST/STM32_USB_Device_Library/Core/Src/usbd_ctlreq.c.obj
 .text.USBD_SetFeature
                0x080088e0       0x2a CMakeFiles/2024_Hero_three.elf.dir/Middlewares/ST/STM32_USB_Device_Library/Core/Src/usbd_ctlreq.c.obj
 .text.USBD_ClrFeature
                0x0800890a       0x26 CMakeFiles/2024_Hero_three.elf.dir/Middlewares/ST/STM32_USB_Device_Library/Core/Src/usbd_ctlreq.c.obj
 .text.USBD_StdDevReq
                0x08008930       0x76 CMakeFiles/2024_Hero_three.elf.dir/Middlewares/ST/STM32_USB_Device_Library/Core/Src/usbd_ctlreq.c.obj
                0x08008930                USBD_StdDevReq
 .text.USBD_StdItfReq
                0x080089a6       0x84 CMakeFiles/2024_Hero_three.elf.dir/Middlewares/ST/STM32_USB_Device_Library/Core/Src/usbd_ctlreq.c.obj
                0x080089a6                USBD_StdItfReq
 .text.USBD_StdEPReq
                0x08008a2a      0x230 CMakeFiles/2024_Hero_three.elf.dir/Middlewares/ST/STM32_USB_Device_Library/Core/Src/usbd_ctlreq.c.obj
                0x08008a2a                USBD_StdEPReq
 .text.USBD_GetString
                0x08008c5a       0x3a CMakeFiles/2024_Hero_three.elf.dir/Middlewares/ST/STM32_USB_Device_Library/Core/Src/usbd_ctlreq.c.obj
                0x08008c5a                USBD_GetString
 .text.USBD_CtlSendData
                0x08008c94       0x1a CMakeFiles/2024_Hero_three.elf.dir/Middlewares/ST/STM32_USB_Device_Library/Core/Src/usbd_ioreq.c.obj
                0x08008c94                USBD_CtlSendData
 .text.USBD_CtlContinueSendData
                0x08008cae       0x10 CMakeFiles/2024_Hero_three.elf.dir/Middlewares/ST/STM32_USB_Device_Library/Core/Src/usbd_ioreq.c.obj
                0x08008cae                USBD_CtlContinueSendData
 .text.USBD_CtlPrepareRx
                0x08008cbe       0x1e CMakeFiles/2024_Hero_three.elf.dir/Middlewares/ST/STM32_USB_Device_Library/Core/Src/usbd_ioreq.c.obj
                0x08008cbe                USBD_CtlPrepareRx
 .text.USBD_CtlContinueRx
                0x08008cdc       0x10 CMakeFiles/2024_Hero_three.elf.dir/Middlewares/ST/STM32_USB_Device_Library/Core/Src/usbd_ioreq.c.obj
                0x08008cdc                USBD_CtlContinueRx
 .text.USBD_CtlSendStatus
                0x08008cec       0x16 CMakeFiles/2024_Hero_three.elf.dir/Middlewares/ST/STM32_USB_Device_Library/Core/Src/usbd_ioreq.c.obj
                0x08008cec                USBD_CtlSendStatus
 .text.USBD_CtlReceiveStatus
                0x08008d02       0x16 CMakeFiles/2024_Hero_three.elf.dir/Middlewares/ST/STM32_USB_Device_Library/Core/Src/usbd_ioreq.c.obj
                0x08008d02                USBD_CtlReceiveStatus
 .text.makeFreeRtosPriority
                0x08008d18        0xc CMakeFiles/2024_Hero_three.elf.dir/Middlewares/Third_Party/FreeRTOS/Source/CMSIS_RTOS/cmsis_os.c.obj
 .text.osKernelStart
                0x08008d24        0xa CMakeFiles/2024_Hero_three.elf.dir/Middlewares/Third_Party/FreeRTOS/Source/CMSIS_RTOS/cmsis_os.c.obj
                0x08008d24                osKernelStart
 .text.osThreadCreate
                0x08008d2e       0x6a CMakeFiles/2024_Hero_three.elf.dir/Middlewares/Third_Party/FreeRTOS/Source/CMSIS_RTOS/cmsis_os.c.obj
                0x08008d2e                osThreadCreate
 .text.osDelay  0x08008d98        0xe CMakeFiles/2024_Hero_three.elf.dir/Middlewares/Third_Party/FreeRTOS/Source/CMSIS_RTOS/cmsis_os.c.obj
                0x08008d98                osDelay
 .text.vListInitialise
                0x08008da6       0x16 CMakeFiles/2024_Hero_three.elf.dir/Middlewares/Third_Party/FreeRTOS/Source/list.c.obj
                0x08008da6                vListInitialise
 .text.vListInitialiseItem
                0x08008dbc        0x6 CMakeFiles/2024_Hero_three.elf.dir/Middlewares/Third_Party/FreeRTOS/Source/list.c.obj
                0x08008dbc                vListInitialiseItem
 .text.vListInsertEnd
                0x08008dc2       0x16 CMakeFiles/2024_Hero_three.elf.dir/Middlewares/Third_Party/FreeRTOS/Source/list.c.obj
                0x08008dc2                vListInsertEnd
 .text.vListInsert
                0x08008dd8       0x32 CMakeFiles/2024_Hero_three.elf.dir/Middlewares/Third_Party/FreeRTOS/Source/list.c.obj
                0x08008dd8                vListInsert
 .text.uxListRemove
                0x08008e0a       0x26 CMakeFiles/2024_Hero_three.elf.dir/Middlewares/Third_Party/FreeRTOS/Source/list.c.obj
                0x08008e0a                uxListRemove
 .text.prvTaskExitError
                0x08008e30       0x40 CMakeFiles/2024_Hero_three.elf.dir/Middlewares/Third_Party/FreeRTOS/Source/portable/GCC/ARM_CM4F/port.c.obj
 .text.prvPortStartFirstTask
                0x08008e70       0x28 CMakeFiles/2024_Hero_three.elf.dir/Middlewares/Third_Party/FreeRTOS/Source/portable/GCC/ARM_CM4F/port.c.obj
 .text.vPortEnableVFP
                0x08008e98       0x14 CMakeFiles/2024_Hero_three.elf.dir/Middlewares/Third_Party/FreeRTOS/Source/portable/GCC/ARM_CM4F/port.c.obj
 .text.pxPortInitialiseStack
                0x08008eac       0x2c CMakeFiles/2024_Hero_three.elf.dir/Middlewares/Third_Party/FreeRTOS/Source/portable/GCC/ARM_CM4F/port.c.obj
                0x08008eac                pxPortInitialiseStack
 *fill*         0x08008ed8        0x8 
 .text.SVC_Handler
                0x08008ee0       0x24 CMakeFiles/2024_Hero_three.elf.dir/Middlewares/Third_Party/FreeRTOS/Source/portable/GCC/ARM_CM4F/port.c.obj
                0x08008ee0                SVC_Handler
 .text.vPortEnterCritical
                0x08008f04       0x44 CMakeFiles/2024_Hero_three.elf.dir/Middlewares/Third_Party/FreeRTOS/Source/portable/GCC/ARM_CM4F/port.c.obj
                0x08008f04                vPortEnterCritical
 .text.vPortExitCritical
                0x08008f48       0x2c CMakeFiles/2024_Hero_three.elf.dir/Middlewares/Third_Party/FreeRTOS/Source/portable/GCC/ARM_CM4F/port.c.obj
                0x08008f48                vPortExitCritical
 *fill*         0x08008f74        0xc 
 .text.PendSV_Handler
                0x08008f80       0x64 CMakeFiles/2024_Hero_three.elf.dir/Middlewares/Third_Party/FreeRTOS/Source/portable/GCC/ARM_CM4F/port.c.obj
                0x08008f80                PendSV_Handler
 .text.xPortSysTickHandler
                0x08008fe4       0x2c CMakeFiles/2024_Hero_three.elf.dir/Middlewares/Third_Party/FreeRTOS/Source/portable/GCC/ARM_CM4F/port.c.obj
                0x08008fe4                xPortSysTickHandler
 .text.vPortSetupTimerInterrupt
                0x08009010       0x28 CMakeFiles/2024_Hero_three.elf.dir/Middlewares/Third_Party/FreeRTOS/Source/portable/GCC/ARM_CM4F/port.c.obj
                0x08009010                vPortSetupTimerInterrupt
 .text.xPortStartScheduler
                0x08009038      0x118 CMakeFiles/2024_Hero_three.elf.dir/Middlewares/Third_Party/FreeRTOS/Source/portable/GCC/ARM_CM4F/port.c.obj
                0x08009038                xPortStartScheduler
 .text.vPortValidateInterruptPriority
                0x08009150       0x5c CMakeFiles/2024_Hero_three.elf.dir/Middlewares/Third_Party/FreeRTOS/Source/portable/GCC/ARM_CM4F/port.c.obj
                0x08009150                vPortValidateInterruptPriority
 .text.prvHeapInit
                0x080091ac       0x64 CMakeFiles/2024_Hero_three.elf.dir/Middlewares/Third_Party/FreeRTOS/Source/portable/MemMang/heap_4.c.obj
 .text.prvInsertBlockIntoFreeList
                0x08009210       0x64 CMakeFiles/2024_Hero_three.elf.dir/Middlewares/Third_Party/FreeRTOS/Source/portable/MemMang/heap_4.c.obj
 .text.pvPortMalloc
                0x08009274       0xfc CMakeFiles/2024_Hero_three.elf.dir/Middlewares/Third_Party/FreeRTOS/Source/portable/MemMang/heap_4.c.obj
                0x08009274                pvPortMalloc
 .text.vPortFree
                0x08009370       0x7c CMakeFiles/2024_Hero_three.elf.dir/Middlewares/Third_Party/FreeRTOS/Source/portable/MemMang/heap_4.c.obj
                0x08009370                vPortFree
 .text.prvIsQueueFull
                0x080093ec       0x1e CMakeFiles/2024_Hero_three.elf.dir/Middlewares/Third_Party/FreeRTOS/Source/queue.c.obj
 .text.prvIsQueueEmpty
                0x0800940a       0x1a CMakeFiles/2024_Hero_three.elf.dir/Middlewares/Third_Party/FreeRTOS/Source/queue.c.obj
 .text.prvCopyDataToQueue
                0x08009424       0x76 CMakeFiles/2024_Hero_three.elf.dir/Middlewares/Third_Party/FreeRTOS/Source/queue.c.obj
 .text.prvCopyDataFromQueue
                0x0800949a       0x24 CMakeFiles/2024_Hero_three.elf.dir/Middlewares/Third_Party/FreeRTOS/Source/queue.c.obj
 .text.prvUnlockQueue
                0x080094be       0x6e CMakeFiles/2024_Hero_three.elf.dir/Middlewares/Third_Party/FreeRTOS/Source/queue.c.obj
 .text.xQueueGenericReset
                0x0800952c       0x84 CMakeFiles/2024_Hero_three.elf.dir/Middlewares/Third_Party/FreeRTOS/Source/queue.c.obj
                0x0800952c                xQueueGenericReset
 .text.prvInitialiseNewQueue
                0x080095b0       0x1c CMakeFiles/2024_Hero_three.elf.dir/Middlewares/Third_Party/FreeRTOS/Source/queue.c.obj
 .text.xQueueGenericCreate
                0x080095cc       0x48 CMakeFiles/2024_Hero_three.elf.dir/Middlewares/Third_Party/FreeRTOS/Source/queue.c.obj
                0x080095cc                xQueueGenericCreate
 .text.xQueueGenericSend
                0x08009614      0x188 CMakeFiles/2024_Hero_three.elf.dir/Middlewares/Third_Party/FreeRTOS/Source/queue.c.obj
                0x08009614                xQueueGenericSend
 .text.xQueueReceive
                0x0800979c      0x15e CMakeFiles/2024_Hero_three.elf.dir/Middlewares/Third_Party/FreeRTOS/Source/queue.c.obj
                0x0800979c                xQueueReceive
 .text.prvSearchForNameWithinSingleList
                0x080098fa       0x64 CMakeFiles/2024_Hero_three.elf.dir/Middlewares/Third_Party/FreeRTOS/Source/tasks.c.obj
 *fill*         0x0800995e        0x2 
 .text.prvResetNextTaskUnblockTime
                0x08009960       0x2c CMakeFiles/2024_Hero_three.elf.dir/Middlewares/Third_Party/FreeRTOS/Source/tasks.c.obj
 .text.prvInitialiseNewTask
                0x0800998c       0xa6 CMakeFiles/2024_Hero_three.elf.dir/Middlewares/Third_Party/FreeRTOS/Source/tasks.c.obj
 *fill*         0x08009a32        0x2 
 .text.prvInitialiseTaskLists
                0x08009a34       0x68 CMakeFiles/2024_Hero_three.elf.dir/Middlewares/Third_Party/FreeRTOS/Source/tasks.c.obj
 .text.prvAddNewTaskToReadyList
                0x08009a9c       0xa8 CMakeFiles/2024_Hero_three.elf.dir/Middlewares/Third_Party/FreeRTOS/Source/tasks.c.obj
 .text.prvDeleteTCB
                0x08009b44       0x38 CMakeFiles/2024_Hero_three.elf.dir/Middlewares/Third_Party/FreeRTOS/Source/tasks.c.obj
 .text.prvCheckTasksWaitingTermination
                0x08009b7c       0x4c CMakeFiles/2024_Hero_three.elf.dir/Middlewares/Third_Party/FreeRTOS/Source/tasks.c.obj
 .text.prvIdleTask
                0x08009bc8       0x28 CMakeFiles/2024_Hero_three.elf.dir/Middlewares/Third_Party/FreeRTOS/Source/tasks.c.obj
 .text.prvAddCurrentTaskToDelayedList
                0x08009bf0       0xa0 CMakeFiles/2024_Hero_three.elf.dir/Middlewares/Third_Party/FreeRTOS/Source/tasks.c.obj
 .text.xTaskCreateStatic
                0x08009c90       0x76 CMakeFiles/2024_Hero_three.elf.dir/Middlewares/Third_Party/FreeRTOS/Source/tasks.c.obj
                0x08009c90                xTaskCreateStatic
 .text.xTaskCreate
                0x08009d06       0x68 CMakeFiles/2024_Hero_three.elf.dir/Middlewares/Third_Party/FreeRTOS/Source/tasks.c.obj
                0x08009d06                xTaskCreate
 *fill*         0x08009d6e        0x2 
 .text.vTaskDelete
                0x08009d70       0xe0 CMakeFiles/2024_Hero_three.elf.dir/Middlewares/Third_Party/FreeRTOS/Source/tasks.c.obj
                0x08009d70                vTaskDelete
 .text.vTaskStartScheduler
                0x08009e50       0x74 CMakeFiles/2024_Hero_three.elf.dir/Middlewares/Third_Party/FreeRTOS/Source/tasks.c.obj
                0x08009e50                vTaskStartScheduler
 .text.vTaskSuspendAll
                0x08009ec4       0x10 CMakeFiles/2024_Hero_three.elf.dir/Middlewares/Third_Party/FreeRTOS/Source/tasks.c.obj
                0x08009ec4                vTaskSuspendAll
 .text.xTaskGetTickCount
                0x08009ed4        0xc CMakeFiles/2024_Hero_three.elf.dir/Middlewares/Third_Party/FreeRTOS/Source/tasks.c.obj
                0x08009ed4                xTaskGetTickCount
 .text.pcTaskGetName
                0x08009ee0       0x28 CMakeFiles/2024_Hero_three.elf.dir/Middlewares/Third_Party/FreeRTOS/Source/tasks.c.obj
                0x08009ee0                pcTaskGetName
 .text.xTaskIncrementTick
                0x08009f08      0x118 CMakeFiles/2024_Hero_three.elf.dir/Middlewares/Third_Party/FreeRTOS/Source/tasks.c.obj
                0x08009f08                xTaskIncrementTick
 .text.xTaskResumeAll
                0x0800a020       0xf8 CMakeFiles/2024_Hero_three.elf.dir/Middlewares/Third_Party/FreeRTOS/Source/tasks.c.obj
                0x0800a020                xTaskResumeAll
 .text.vTaskDelay
                0x0800a118       0x4c CMakeFiles/2024_Hero_three.elf.dir/Middlewares/Third_Party/FreeRTOS/Source/tasks.c.obj
                0x0800a118                vTaskDelay
 .text.xTaskGetHandle
                0x0800a164       0x98 CMakeFiles/2024_Hero_three.elf.dir/Middlewares/Third_Party/FreeRTOS/Source/tasks.c.obj
                0x0800a164                xTaskGetHandle
 .text.vTaskSwitchContext
                0x0800a1fc       0x98 CMakeFiles/2024_Hero_three.elf.dir/Middlewares/Third_Party/FreeRTOS/Source/tasks.c.obj
                0x0800a1fc                vTaskSwitchContext
 .text.vTaskPlaceOnEventList
                0x0800a294       0x30 CMakeFiles/2024_Hero_three.elf.dir/Middlewares/Third_Party/FreeRTOS/Source/tasks.c.obj
                0x0800a294                vTaskPlaceOnEventList
 .text.xTaskRemoveFromEventList
                0x0800a2c4       0x8c CMakeFiles/2024_Hero_three.elf.dir/Middlewares/Third_Party/FreeRTOS/Source/tasks.c.obj
                0x0800a2c4                xTaskRemoveFromEventList
 .text.vTaskInternalSetTimeOutState
                0x0800a350       0x18 CMakeFiles/2024_Hero_three.elf.dir/Middlewares/Third_Party/FreeRTOS/Source/tasks.c.obj
                0x0800a350                vTaskInternalSetTimeOutState
 .text.xTaskCheckForTimeOut
                0x0800a368       0xa0 CMakeFiles/2024_Hero_three.elf.dir/Middlewares/Third_Party/FreeRTOS/Source/tasks.c.obj
                0x0800a368                xTaskCheckForTimeOut
 .text.vTaskMissedYield
                0x0800a408        0xc CMakeFiles/2024_Hero_three.elf.dir/Middlewares/Third_Party/FreeRTOS/Source/tasks.c.obj
                0x0800a408                vTaskMissedYield
 .text.xTaskGetSchedulerState
                0x0800a414       0x20 CMakeFiles/2024_Hero_three.elf.dir/Middlewares/Third_Party/FreeRTOS/Source/tasks.c.obj
                0x0800a414                xTaskGetSchedulerState
 .text.xTaskPriorityDisinherit
                0x0800a434       0xb4 CMakeFiles/2024_Hero_three.elf.dir/Middlewares/Third_Party/FreeRTOS/Source/tasks.c.obj
                0x0800a434                xTaskPriorityDisinherit
 .text.ulTaskNotifyTake
                0x0800a4e8       0x78 CMakeFiles/2024_Hero_three.elf.dir/Middlewares/Third_Party/FreeRTOS/Source/tasks.c.obj
                0x0800a4e8                ulTaskNotifyTake
 .text.vTaskNotifyGiveFromISR
                0x0800a560       0xd0 CMakeFiles/2024_Hero_three.elf.dir/Middlewares/Third_Party/FreeRTOS/Source/tasks.c.obj
                0x0800a560                vTaskNotifyGiveFromISR
 .text.MX_USB_DEVICE_Init
                0x0800a630       0x54 CMakeFiles/2024_Hero_three.elf.dir/USB_DEVICE/App/usb_device.c.obj
                0x0800a630                MX_USB_DEVICE_Init
 .text.USB_task
                0x0800a684       0x30 CMakeFiles/2024_Hero_three.elf.dir/USB_DEVICE/App/usb_task.c.obj
                0x0800a684                USB_task
 .text.CDC_DeInit_FS
                0x0800a6b4        0x4 CMakeFiles/2024_Hero_three.elf.dir/USB_DEVICE/App/usbd_cdc_if.c.obj
 .text.CDC_Control_FS
                0x0800a6b8        0x4 CMakeFiles/2024_Hero_three.elf.dir/USB_DEVICE/App/usbd_cdc_if.c.obj
 .text.CDC_TransmitCplt_FS
                0x0800a6bc        0x4 CMakeFiles/2024_Hero_three.elf.dir/USB_DEVICE/App/usbd_cdc_if.c.obj
 .text.CDC_Receive_FS
                0x0800a6c0       0x24 CMakeFiles/2024_Hero_three.elf.dir/USB_DEVICE/App/usbd_cdc_if.c.obj
 .text.CDC_Init_FS
                0x0800a6e4       0x28 CMakeFiles/2024_Hero_three.elf.dir/USB_DEVICE/App/usbd_cdc_if.c.obj
 .text.CDC_Transmit_FS
                0x0800a70c       0x2c CMakeFiles/2024_Hero_three.elf.dir/USB_DEVICE/App/usbd_cdc_if.c.obj
                0x0800a70c                CDC_Transmit_FS
 .text.USBD_FS_DeviceDescriptor
                0x0800a738        0xc CMakeFiles/2024_Hero_three.elf.dir/USB_DEVICE/App/usbd_desc.c.obj
                0x0800a738                USBD_FS_DeviceDescriptor
 .text.USBD_FS_LangIDStrDescriptor
                0x0800a744        0xc CMakeFiles/2024_Hero_three.elf.dir/USB_DEVICE/App/usbd_desc.c.obj
                0x0800a744                USBD_FS_LangIDStrDescriptor
 .text.IntToUnicode
                0x0800a750       0x46 CMakeFiles/2024_Hero_three.elf.dir/USB_DEVICE/App/usbd_desc.c.obj
 *fill*         0x0800a796        0x2 
 .text.Get_SerialNum
                0x0800a798       0x38 CMakeFiles/2024_Hero_three.elf.dir/USB_DEVICE/App/usbd_desc.c.obj
 .text.USBD_FS_SerialStrDescriptor
                0x0800a7d0       0x14 CMakeFiles/2024_Hero_three.elf.dir/USB_DEVICE/App/usbd_desc.c.obj
                0x0800a7d0                USBD_FS_SerialStrDescriptor
 .text.USBD_FS_ProductStrDescriptor
                0x0800a7e4       0x24 CMakeFiles/2024_Hero_three.elf.dir/USB_DEVICE/App/usbd_desc.c.obj
                0x0800a7e4                USBD_FS_ProductStrDescriptor
 .text.USBD_FS_ManufacturerStrDescriptor
                0x0800a808       0x1c CMakeFiles/2024_Hero_three.elf.dir/USB_DEVICE/App/usbd_desc.c.obj
                0x0800a808                USBD_FS_ManufacturerStrDescriptor
 .text.USBD_FS_ConfigStrDescriptor
                0x0800a824       0x24 CMakeFiles/2024_Hero_three.elf.dir/USB_DEVICE/App/usbd_desc.c.obj
                0x0800a824                USBD_FS_ConfigStrDescriptor
 .text.USBD_FS_InterfaceStrDescriptor
                0x0800a848       0x24 CMakeFiles/2024_Hero_three.elf.dir/USB_DEVICE/App/usbd_desc.c.obj
                0x0800a848                USBD_FS_InterfaceStrDescriptor
 .text.HAL_PCD_MspInit
                0x0800a86c       0x84 CMakeFiles/2024_Hero_three.elf.dir/USB_DEVICE/Target/usbd_conf.c.obj
                0x0800a86c                HAL_PCD_MspInit
 .text.HAL_PCD_SetupStageCallback
                0x0800a8f0       0x10 CMakeFiles/2024_Hero_three.elf.dir/USB_DEVICE/Target/usbd_conf.c.obj
                0x0800a8f0                HAL_PCD_SetupStageCallback
 .text.HAL_PCD_DataOutStageCallback
                0x0800a900       0x18 CMakeFiles/2024_Hero_three.elf.dir/USB_DEVICE/Target/usbd_conf.c.obj
                0x0800a900                HAL_PCD_DataOutStageCallback
 .text.HAL_PCD_DataInStageCallback
                0x0800a918       0x16 CMakeFiles/2024_Hero_three.elf.dir/USB_DEVICE/Target/usbd_conf.c.obj
                0x0800a918                HAL_PCD_DataInStageCallback
 .text.HAL_PCD_SOFCallback
                0x0800a92e        0xc CMakeFiles/2024_Hero_three.elf.dir/USB_DEVICE/Target/usbd_conf.c.obj
                0x0800a92e                HAL_PCD_SOFCallback
 .text.HAL_PCD_ResetCallback
                0x0800a93a       0x2c CMakeFiles/2024_Hero_three.elf.dir/USB_DEVICE/Target/usbd_conf.c.obj
                0x0800a93a                HAL_PCD_ResetCallback
 *fill*         0x0800a966        0x2 
 .text.HAL_PCD_SuspendCallback
                0x0800a968       0x30 CMakeFiles/2024_Hero_three.elf.dir/USB_DEVICE/Target/usbd_conf.c.obj
                0x0800a968                HAL_PCD_SuspendCallback
 .text.HAL_PCD_ResumeCallback
                0x0800a998        0xc CMakeFiles/2024_Hero_three.elf.dir/USB_DEVICE/Target/usbd_conf.c.obj
                0x0800a998                HAL_PCD_ResumeCallback
 .text.HAL_PCD_ISOOUTIncompleteCallback
                0x0800a9a4        0xc CMakeFiles/2024_Hero_three.elf.dir/USB_DEVICE/Target/usbd_conf.c.obj
                0x0800a9a4                HAL_PCD_ISOOUTIncompleteCallback
 .text.HAL_PCD_ISOINIncompleteCallback
                0x0800a9b0        0xc CMakeFiles/2024_Hero_three.elf.dir/USB_DEVICE/Target/usbd_conf.c.obj
                0x0800a9b0                HAL_PCD_ISOINIncompleteCallback
 .text.HAL_PCD_ConnectCallback
                0x0800a9bc        0xc CMakeFiles/2024_Hero_three.elf.dir/USB_DEVICE/Target/usbd_conf.c.obj
                0x0800a9bc                HAL_PCD_ConnectCallback
 .text.HAL_PCD_DisconnectCallback
                0x0800a9c8        0xc CMakeFiles/2024_Hero_three.elf.dir/USB_DEVICE/Target/usbd_conf.c.obj
                0x0800a9c8                HAL_PCD_DisconnectCallback
 .text.USBD_LL_Init
                0x0800a9d4       0x68 CMakeFiles/2024_Hero_three.elf.dir/USB_DEVICE/Target/usbd_conf.c.obj
                0x0800a9d4                USBD_LL_Init
 .text.USBD_LL_IsStallEP
                0x0800aa3c       0x2e CMakeFiles/2024_Hero_three.elf.dir/USB_DEVICE/Target/usbd_conf.c.obj
                0x0800aa3c                USBD_LL_IsStallEP
 .text.USBD_LL_GetRxDataSize
                0x0800aa6a        0xc CMakeFiles/2024_Hero_three.elf.dir/USB_DEVICE/Target/usbd_conf.c.obj
                0x0800aa6a                USBD_LL_GetRxDataSize
 *fill*         0x0800aa76        0x2 
 .text.USBD_static_malloc
                0x0800aa78        0x8 CMakeFiles/2024_Hero_three.elf.dir/USB_DEVICE/Target/usbd_conf.c.obj
                0x0800aa78                USBD_static_malloc
 .text.USBD_static_free
                0x0800aa80        0x2 CMakeFiles/2024_Hero_three.elf.dir/USB_DEVICE/Target/usbd_conf.c.obj
                0x0800aa80                USBD_static_free
 .text.USBD_Get_USB_Status
                0x0800aa82       0x14 CMakeFiles/2024_Hero_three.elf.dir/USB_DEVICE/Target/usbd_conf.c.obj
                0x0800aa82                USBD_Get_USB_Status
 .text.USBD_LL_Start
                0x0800aa96       0x10 CMakeFiles/2024_Hero_three.elf.dir/USB_DEVICE/Target/usbd_conf.c.obj
                0x0800aa96                USBD_LL_Start
 .text.USBD_LL_OpenEP
                0x0800aaa6       0x16 CMakeFiles/2024_Hero_three.elf.dir/USB_DEVICE/Target/usbd_conf.c.obj
                0x0800aaa6                USBD_LL_OpenEP
 .text.USBD_LL_CloseEP
                0x0800aabc       0x10 CMakeFiles/2024_Hero_three.elf.dir/USB_DEVICE/Target/usbd_conf.c.obj
                0x0800aabc                USBD_LL_CloseEP
 .text.USBD_LL_StallEP
                0x0800aacc       0x10 CMakeFiles/2024_Hero_three.elf.dir/USB_DEVICE/Target/usbd_conf.c.obj
                0x0800aacc                USBD_LL_StallEP
 .text.USBD_LL_ClearStallEP
                0x0800aadc       0x10 CMakeFiles/2024_Hero_three.elf.dir/USB_DEVICE/Target/usbd_conf.c.obj
                0x0800aadc                USBD_LL_ClearStallEP
 .text.USBD_LL_SetUSBAddress
                0x0800aaec       0x10 CMakeFiles/2024_Hero_three.elf.dir/USB_DEVICE/Target/usbd_conf.c.obj
                0x0800aaec                USBD_LL_SetUSBAddress
 .text.USBD_LL_Transmit
                0x0800aafc       0x10 CMakeFiles/2024_Hero_three.elf.dir/USB_DEVICE/Target/usbd_conf.c.obj
                0x0800aafc                USBD_LL_Transmit
 .text.USBD_LL_PrepareReceive
                0x0800ab0c       0x10 CMakeFiles/2024_Hero_three.elf.dir/USB_DEVICE/Target/usbd_conf.c.obj
                0x0800ab0c                USBD_LL_PrepareReceive
 .text.StartDefaultTask
                0x0800ab1c       0x54 CMakeFiles/2024_Hero_three.elf.dir/application/A_Hero/StartDefault.c.obj
                0x0800ab1c                StartDefaultTask
 .text.cap_info_update
                0x0800ab70       0x8c CMakeFiles/2024_Hero_three.elf.dir/application/Chassis/Cap.c.obj
                0x0800ab70                cap_info_update
 .text.cap_task
                0x0800abfc       0x28 CMakeFiles/2024_Hero_three.elf.dir/application/Chassis/Cap.c.obj
                0x0800abfc                cap_task
 *fill*         0x0800ac24        0x4 
 .text.chassis_speed_change
                0x0800ac28       0x80 CMakeFiles/2024_Hero_three.elf.dir/application/Chassis/Chassis.c.obj
 .text.chassis_pc_ctrl
                0x0800aca8       0x88 CMakeFiles/2024_Hero_three.elf.dir/application/Chassis/Chassis.c.obj
 .text.chassis_init
                0x0800ad30      0x150 CMakeFiles/2024_Hero_three.elf.dir/application/Chassis/Chassis.c.obj
 .text.chassis_ctrl_info_get