Archive member included to satisfy reference by file (symbol)

d:/software/gcc-arm-none-eabi-10.3-2021.10/bin/../lib/gcc/arm-none-eabi/10.3.1/thumb/v7e-m+fp/hard\libgcc.a(_arm_muldf3.o)
                              CMakeFiles/2024_Hero_three.elf.dir/application/Chassis/Chassis.c.obj (__aeabi_dmul)
d:/software/gcc-arm-none-eabi-10.3-2021.10/bin/../lib/gcc/arm-none-eabi/10.3.1/thumb/v7e-m+fp/hard\libgcc.a(_arm_addsubdf3.o)
                              CMakeFiles/2024_Hero_three.elf.dir/application/Chassis/Chassis.c.obj (__aeabi_dadd)
d:/software/gcc-arm-none-eabi-10.3-2021.10/bin/../lib/gcc/arm-none-eabi/10.3.1/thumb/v7e-m+fp/hard\libgcc.a(_arm_cmpdf2.o)
                              CMakeFiles/2024_Hero_three.elf.dir/application/Chassis/Chassis_behaviour.c.obj (__aeabi_dcmplt)
d:/software/gcc-arm-none-eabi-10.3-2021.10/bin/../lib/gcc/arm-none-eabi/10.3.1/thumb/v7e-m+fp/hard\libgcc.a(_arm_truncdfsf2.o)
                              CMakeFiles/2024_Hero_three.elf.dir/application/Chassis/Chassis_behaviour.c.obj (__aeabi_d2f)
d:/software/gcc-arm-none-eabi-10.3-2021.10/bin/../lib/gcc/arm-none-eabi/10.3.1/thumb/v7e-m+fp/hard\libgcc.a(_aeabi_uldivmod.o)
                              CMakeFiles/2024_Hero_three.elf.dir/Drivers/STM32F4xx_HAL_Driver/Src/stm32f4xx_hal_rcc.c.obj (__aeabi_uldivmod)
d:/software/gcc-arm-none-eabi-10.3-2021.10/bin/../lib/gcc/arm-none-eabi/10.3.1/thumb/v7e-m+fp/hard\libgcc.a(_udivmoddi4.o)
                              d:/software/gcc-arm-none-eabi-10.3-2021.10/bin/../lib/gcc/arm-none-eabi/10.3.1/thumb/v7e-m+fp/hard\libgcc.a(_aeabi_uldivmod.o) (__udivmoddi4)
d:/software/gcc-arm-none-eabi-10.3-2021.10/bin/../lib/gcc/arm-none-eabi/10.3.1/thumb/v7e-m+fp/hard\libgcc.a(_dvmd_tls.o)
                              d:/software/gcc-arm-none-eabi-10.3-2021.10/bin/../lib/gcc/arm-none-eabi/10.3.1/thumb/v7e-m+fp/hard\libgcc.a(_aeabi_uldivmod.o) (__aeabi_ldiv0)
d:/software/gcc-arm-none-eabi-10.3-2021.10/bin/../lib/gcc/arm-none-eabi/10.3.1/../../../../arm-none-eabi/lib/thumb/v7e-m+fp/hard\libg.a(lib_a-ctype_.o)
                              CMakeFiles/2024_Hero_three.elf.dir/component/OneMessage/src/app/om_fmt.c.obj (_ctype_)
d:/software/gcc-arm-none-eabi-10.3-2021.10/bin/../lib/gcc/arm-none-eabi/10.3.1/../../../../arm-none-eabi/lib/thumb/v7e-m+fp/hard\libg.a(lib_a-errno.o)
                              CMakeFiles/2024_Hero_three.elf.dir/Core/Src/syscalls.c.obj (__errno)
d:/software/gcc-arm-none-eabi-10.3-2021.10/bin/../lib/gcc/arm-none-eabi/10.3.1/../../../../arm-none-eabi/lib/thumb/v7e-m+fp/hard\libg.a(lib_a-exit.o)
                              d:/software/gcc-arm-none-eabi-10.3-2021.10/bin/../lib/gcc/arm-none-eabi/10.3.1/../../../../arm-none-eabi/lib/thumb/v7e-m+fp/hard/crt0.o (exit)
d:/software/gcc-arm-none-eabi-10.3-2021.10/bin/../lib/gcc/arm-none-eabi/10.3.1/../../../../arm-none-eabi/lib/thumb/v7e-m+fp/hard\libg.a(lib_a-impure.o)
                              d:/software/gcc-arm-none-eabi-10.3-2021.10/bin/../lib/gcc/arm-none-eabi/10.3.1/../../../../arm-none-eabi/lib/thumb/v7e-m+fp/hard\libg.a(lib_a-exit.o) (_global_impure_ptr)
d:/software/gcc-arm-none-eabi-10.3-2021.10/bin/../lib/gcc/arm-none-eabi/10.3.1/../../../../arm-none-eabi/lib/thumb/v7e-m+fp/hard\libg.a(lib_a-init.o)
                              d:/software/gcc-arm-none-eabi-10.3-2021.10/bin/../lib/gcc/arm-none-eabi/10.3.1/../../../../arm-none-eabi/lib/thumb/v7e-m+fp/hard/crt0.o (__libc_init_array)
d:/software/gcc-arm-none-eabi-10.3-2021.10/bin/../lib/gcc/arm-none-eabi/10.3.1/../../../../arm-none-eabi/lib/thumb/v7e-m+fp/hard\libg.a(lib_a-malloc.o)
                              CMakeFiles/2024_Hero_three.elf.dir/component/support/fifo.c.obj (malloc)
d:/software/gcc-arm-none-eabi-10.3-2021.10/bin/../lib/gcc/arm-none-eabi/10.3.1/../../../../arm-none-eabi/lib/thumb/v7e-m+fp/hard\libg.a(lib_a-mallocr.o)
                              d:/software/gcc-arm-none-eabi-10.3-2021.10/bin/../lib/gcc/arm-none-eabi/10.3.1/../../../../arm-none-eabi/lib/thumb/v7e-m+fp/hard\libg.a(lib_a-malloc.o) (_malloc_r)
d:/software/gcc-arm-none-eabi-10.3-2021.10/bin/../lib/gcc/arm-none-eabi/10.3.1/../../../../arm-none-eabi/lib/thumb/v7e-m+fp/hard\libg.a(lib_a-memcmp.o)
                              CMakeFiles/2024_Hero_three.elf.dir/component/OneMessage/src/app/om_afl.c.obj (memcmp)
d:/software/gcc-arm-none-eabi-10.3-2021.10/bin/../lib/gcc/arm-none-eabi/10.3.1/../../../../arm-none-eabi/lib/thumb/v7e-m+fp/hard\libg.a(lib_a-memcpy.o)
                              CMakeFiles/2024_Hero_three.elf.dir/Middlewares/Third_Party/FreeRTOS/Source/queue.c.obj (memcpy)
d:/software/gcc-arm-none-eabi-10.3-2021.10/bin/../lib/gcc/arm-none-eabi/10.3.1/../../../../arm-none-eabi/lib/thumb/v7e-m+fp/hard\libg.a(lib_a-memset.o)
                              d:/software/gcc-arm-none-eabi-10.3-2021.10/bin/../lib/gcc/arm-none-eabi/10.3.1/../../../../arm-none-eabi/lib/thumb/v7e-m+fp/hard/crt0.o (memset)
[...]
Memory Configuration

Name             Origin             Length             Attributes
CCMRAM           0x10000000         0x00010000         xrw
RAM              0x20000000         0x00020000         xrw
FLASH            0x08000000         0x00100000         xr
*default*        0x00000000         0xffffffff

Linker script and memory map

LOAD d:/software/gcc-arm-none-eabi-10.3-2021.10/bin/../lib/gcc/arm-none-eabi/10.3.1/thumb/v7e-m+fp/hard/crti.o
LOAD d:/software/gcc-arm-none-eabi-10.3-2021.10/bin/../lib/gcc/arm-none-eabi/10.3.1/thumb/v7e-m+fp/hard/crtbegin.o
LOAD d:/software/gcc-arm-none-eabi-10.3-2021.10/bin/../lib/gcc/arm-none-eabi/10.3.1/../../../../arm-none-eabi/lib/thumb/v7e-m+fp/hard/crt0.o
LOAD CMakeFiles/2024_Hero_three.elf.dir/Core/Src/adc.c.obj
LOAD CMakeFiles/2024_Hero_three.elf.dir/Core/Src/can.c.obj
LOAD CMakeFiles/2024_Hero_three.elf.dir/Core/Src/crc.c.obj
LOAD CMakeFiles/2024_Hero_three.elf.dir/Core/Src/dma.c.obj
LOAD CMakeFiles/2024_Hero_three.elf.dir/Core/Src/freertos.c.obj
LOAD CMakeFiles/2024_Hero_three.elf.dir/Core/Src/gpio.c.obj
LOAD CMakeFiles/2024_Hero_three.elf.dir/Core/Src/i2c.c.obj
LOAD CMakeFiles/2024_Hero_three.elf.dir/Core/Src/main.c.obj
LOAD CMakeFiles/2024_Hero_three.elf.dir/Core/Src/rng.c.obj
LOAD CMakeFiles/2024_Hero_three.elf.dir/Core/Src/spi.c.obj
LOAD CMakeFiles/2024_Hero_three.elf.dir/Core/Src/stm32f4xx_hal_msp.c.obj
LOAD CMakeFiles/2024_Hero_three.elf.dir/Core/Src/stm32f4xx_it.c.obj
LOAD CMakeFiles/2024_Hero_three.elf.dir/Core/Src/syscalls.c.obj
LOAD CMakeFiles/2024_Hero_three.elf.dir/Core/Src/sysmem.c.obj
LOAD CMakeFiles/2024_Hero_three.elf.dir/Core/Src/system_stm32f4xx.c.obj
LOAD CMakeFiles/2024_Hero_three.elf.dir/Core/Src/tim.c.obj
LOAD CMakeFiles/2024_Hero_three.elf.dir/Core/Src/usart.c.obj
LOAD CMakeFiles/2024_Hero_three.elf.dir/Core/Startup/startup_stm32f407ighx.s.obj
LOAD CMakeFiles/2024_Hero_three.elf.dir/Drivers/STM32F4xx_HAL_Driver/Src/stm32f4xx_hal.c.obj
LOAD CMakeFiles/2024_Hero_three.elf.dir/Drivers/STM32F4xx_HAL_Driver/Src/stm32f4xx_hal_adc.c.obj
LOAD CMakeFiles/2024_Hero_three.elf.dir/Drivers/STM32F4xx_HAL_Driver/Src/stm32f4xx_hal_adc_ex.c.obj
LOAD CMakeFiles/2024_Hero_three.elf.dir/Drivers/STM32F4xx_HAL_Driver/Src/stm32f4xx_hal_can.c.obj
LOAD CMakeFiles/2024_Hero_three.elf.dir/Drivers/STM32F4xx_HAL_Driver/Src/stm32f4xx_hal_cortex.c.obj
LOAD CMakeFiles/2024_Hero_three.elf.dir/Drivers/STM32F4xx_HAL_Driver/Src/stm32f4xx_hal_crc.c.obj
LOAD CMakeFiles/2024_Hero_three.elf.dir/Drivers/STM32F4xx_HAL_Driver/Src/stm32f4xx_hal_dma.c.obj
LOAD CMakeFiles/2024_Hero_three.elf.dir/Drivers/STM32F4xx_HAL_Driver/Src/stm32f4xx_hal_dma_ex.c.obj
LOAD CMakeFiles/2024_Hero_three.elf.dir/Drivers/STM32F4xx_HAL_Driver/Src/stm32f4xx_hal_exti.c.obj
LOAD CMakeFiles/2024_Hero_three.elf.dir/Drivers/STM32F4xx_HAL_Driver/Src/stm32f4xx_hal_flash.c.obj
LOAD CMakeFiles/2024_Hero_three.elf.dir/Drivers/STM32F4xx_HAL_Driver/Src/stm32f4xx_hal_flash_ex.c.obj
LOAD CMakeFiles/2024_Hero_three.elf.dir/Drivers/STM32F4xx_HAL_Driver/Src/stm32f4xx_hal_flash_ramfunc.c.obj
LOAD CMakeFiles/2024_Hero_three.elf.dir/Drivers/STM32F4xx_HAL_Driver/Src/stm32f4xx_hal_gpio.c.obj
LOAD CMakeFiles/2024_Hero_three.elf.dir/Drivers/STM32F4xx_HAL_Driver/Src/stm32f4xx_hal_i2c.c.obj
LOAD CMakeFiles/2024_Hero_three.elf.dir/Drivers/STM32F4xx_HAL_Driver/Src/stm32f4xx_hal_i2c_ex.c.obj
LOAD CMakeFiles/2024_Hero_three.elf.dir/Drivers/STM32F4xx_HAL_Driver/Src/stm32f4xx_hal_pcd.c.obj
LOAD CMakeFiles/2024_Hero_three.elf.dir/Drivers/STM32F4xx_HAL_Driver/Src/stm32f4xx_hal_pcd_ex.c.obj
LOAD CMakeFiles/2024_Hero_three.elf.dir/Drivers/STM32F4xx_HAL_Driver/Src/stm32f4xx_hal_pwr.c.obj
LOAD CMakeFiles/2024_Hero_three.elf.dir/Drivers/STM32F4xx_HAL_Driver/Src/stm32f4xx_hal_pwr_ex.c.obj
LOAD CMakeFiles/2024_Hero_three.elf.dir/Drivers/STM32F4xx_HAL_Driver/Src/stm32f4xx_hal_rcc.c.obj
LOAD CMakeFiles/2024_Hero_three.elf.dir/Drivers/STM32F4xx_HAL_Driver/Src/stm32f4xx_hal_rcc_ex.c.obj
LOAD CMakeFiles/2024_Hero_three.elf.dir/Drivers/STM32F4xx_HAL_Driver/Src/stm32f4xx_hal_rng.c.obj
LOAD CMakeFiles/2024_Hero_three.elf.dir/Drivers/STM32F4xx_HAL_Driver/Src/stm32f4xx_hal_spi.c.obj
LOAD CMakeFiles/2024_Hero_three.elf.dir/Drivers/STM32F4xx_HAL_Driver/Src/stm32f4xx_hal_tim.c.obj
LOAD CMakeFiles/2024_Hero_three.elf.dir/Drivers/STM32F4xx_HAL_Driver/Src/stm32f4xx_hal_tim_ex.c.obj
LOAD CMakeFiles/2024_Hero_three.elf.dir/Drivers/STM32F4xx_HAL_Driver/Src/stm32f4xx_hal_uart.c.obj
LOAD CMakeFiles/2024_Hero_three.elf.dir/Drivers/STM32F4xx_HAL_Driver/Src/stm32f4xx_ll_adc.c.obj
LOAD CMakeFiles/2024_Hero_three.elf.dir/Drivers/STM32F4xx_HAL_Driver/Src/stm32f4xx_ll_usb.c.obj
LOAD CMakeFiles/2024_Hero_three.elf.dir/Middlewares/ST/STM32_USB_Device_Library/Class/CDC/Src/usbd_cdc.c.obj
LOAD CMakeFiles/2024_Hero_three.elf.dir/Middlewares/ST/STM32_USB_Device_Library/Core/Src/usbd_core.c.obj
LOAD CMakeFiles/2024_Hero_three.elf.dir/Middlewares/ST/STM32_USB_Device_Library/Core/Src/usbd_ctlreq.c.obj
LOAD CMakeFiles/2024_Hero_three.elf.dir/Middlewares/ST/STM32_USB_Device_Library/Core/Src/usbd_ioreq.c.obj
LOAD CMakeFiles/2024_Hero_three.elf.dir/Middlewares/Third_Party/FreeRTOS/Source/CMSIS_RTOS/cmsis_os.c.obj
LOAD CMakeFiles/2024_Hero_three.elf.dir/Middlewares/Third_Party/FreeRTOS/Source/croutine.c.obj
LOAD CMakeFiles/2024_Hero_three.elf.dir/Middlewares/Third_Party/FreeRTOS/Source/event_groups.c.obj
LOAD CMakeFiles/2024_Hero_three.elf.dir/Middlewares/Third_Party/FreeRTOS/Source/list.c.obj
LOAD CMakeFiles/2024_Hero_three.elf.dir/Middlewares/Third_Party/FreeRTOS/Source/portable/GCC/ARM_CM4F/port.c.obj
LOAD CMakeFiles/2024_Hero_three.elf.dir/Middlewares/Third_Party/FreeRTOS/Source/portable/MemMang/heap_4.c.obj
LOAD CMakeFiles/2024_Hero_three.elf.dir/Middlewares/Third_Party/FreeRTOS/Source/queue.c.obj
LOAD CMakeFiles/2024_Hero_three.elf.dir/Middlewares/Third_Party/FreeRTOS/Source/stream_buffer.c.obj
LOAD CMakeFiles/2024_Hero_three.elf.dir/Middlewares/Third_Party/FreeRTOS/Source/tasks.c.obj
LOAD CMakeFiles/2024_Hero_three.elf.dir/Middlewares/Third_Party/FreeRTOS/Source/timers.c.obj
LOAD CMakeFiles/2024_Hero_three.elf.dir/USB_DEVICE/App/usb_device.c.obj
LOAD CMakeFiles/2024_Hero_three.elf.dir/USB_DEVICE/App/usb_task.c.obj
LOAD CMakeFiles/2024_Hero_three.elf.dir/USB_DEVICE/App/usbd_cdc_if.c.obj
LOAD CMakeFiles/2024_Hero_three.elf.dir/USB_DEVICE/App/usbd_desc.c.obj
LOAD CMakeFiles/2024_Hero_three.elf.dir/USB_DEVICE/Target/usbd_conf.c.obj
LOAD CMakeFiles/2024_Hero_three.elf.dir/application/A_Hero/StartDefault.c.obj
LOAD CMakeFiles/2024_Hero_three.elf.dir/application/Chassis/Cap.c.obj
LOAD CMakeFiles/2024_Hero_three.elf.dir/application/Chassis/Chassis.c.obj
LOAD CMakeFiles/2024_Hero_three.elf.dir/application/Chassis/Chassis_behaviour.c.obj
LOAD CMakeFiles/2024_Hero_three.elf.dir/application/Chassis/Chassis_send.c.obj
LOAD CMakeFiles/2024_Hero_three.elf.dir/application/Chassis/Trigger_function.c.obj
LOAD CMakeFiles/2024_Hero_three.elf.dir/application/Communication/Atti.c.obj
LOAD CMakeFiles/2024_Hero_three.elf.dir/application/Communication/can_receive.c.obj
LOAD CMakeFiles/2024_Hero_three.elf.dir/application/Gimbal/Gimbal.c.obj
LOAD CMakeFiles/2024_Hero_three.elf.dir/application/Gimbal/Gimbal_behaviour.c.obj
LOAD CMakeFiles/2024_Hero_three.elf.dir/application/Gimbal/Gimbal_send.c.obj
LOAD CMakeFiles/2024_Hero_three.elf.dir/application/Gimbal/launcher.c.obj
LOAD CMakeFiles/2024_Hero_three.elf.dir/application/Operate/key_board.c.obj
LOAD CMakeFiles/2024_Hero_three.elf.dir/application/Operate/remote.c.obj
LOAD CMakeFiles/2024_Hero_three.elf.dir/application/Referee_system/Calibrate.c.obj
LOAD CMakeFiles/2024_Hero_three.elf.dir/application/Referee_system/Detection.c.obj
LOAD CMakeFiles/2024_Hero_three.elf.dir/application/Referee_system/Referee.c.obj
LOAD CMakeFiles/2024_Hero_three.elf.dir/bsp/bsp_adc.c.obj
LOAD CMakeFiles/2024_Hero_three.elf.dir/bsp/bsp_buzzer.c.obj
LOAD CMakeFiles/2024_Hero_three.elf.dir/bsp/bsp_can.c.obj
LOAD CMakeFiles/2024_Hero_three.elf.dir/bsp/bsp_crc32.c.obj
LOAD CMakeFiles/2024_Hero_three.elf.dir/bsp/bsp_delay.c.obj
LOAD CMakeFiles/2024_Hero_three.elf.dir/bsp/bsp_flash.c.obj
LOAD CMakeFiles/2024_Hero_three.elf.dir/bsp/bsp_i2c.c.obj
LOAD CMakeFiles/2024_Hero_three.elf.dir/bsp/bsp_imu_pwm.c.obj
LOAD CMakeFiles/2024_Hero_three.elf.dir/bsp/bsp_laser.c.obj
LOAD CMakeFiles/2024_Hero_three.elf.dir/bsp/bsp_led.c.obj
LOAD CMakeFiles/2024_Hero_three.elf.dir/bsp/bsp_rc.c.obj
LOAD CMakeFiles/2024_Hero_three.elf.dir/bsp/bsp_rng.c.obj
LOAD CMakeFiles/2024_Hero_three.elf.dir/bsp/bsp_servo_pwm.c.obj
LOAD CMakeFiles/2024_Hero_three.elf.dir/bsp/bsp_spi.c.obj
LOAD CMakeFiles/2024_Hero_three.elf.dir/bsp/bsp_usart.c.obj
LOAD CMakeFiles/2024_Hero_three.elf.dir/bsp/bsp_xidi_cap.c.obj
LOAD CMakeFiles/2024_Hero_three.elf.dir/component/OneMessage/src/app/om_afl.c.obj
LOAD CMakeFiles/2024_Hero_three.elf.dir/component/OneMessage/src/app/om_com.c.obj
LOAD CMakeFiles/2024_Hero_three.elf.dir/component/OneMessage/src/app/om_evt.c.obj
LOAD CMakeFiles/2024_Hero_three.elf.dir/component/OneMessage/src/app/om_fmt.c.obj
LOAD CMakeFiles/2024_Hero_three.elf.dir/component/OneMessage/src/app/om_log.c.obj
LOAD CMakeFiles/2024_Hero_three.elf.dir/component/OneMessage/src/app/om_msg.c.obj
LOAD CMakeFiles/2024_Hero_three.elf.dir/component/OneMessage/src/comp/om_color.c.obj
LOAD CMakeFiles/2024_Hero_three.elf.dir/component/OneMessage/src/comp/om_crc.c.obj
LOAD CMakeFiles/2024_Hero_three.elf.dir/component/OneMessage/src/comp/om_fifo.c.obj
LOAD CMakeFiles/2024_Hero_three.elf.dir/component/OneMessage/src/comp/om_list.c.obj
LOAD CMakeFiles/2024_Hero_three.elf.dir/component/OneMessage/src/comp/om_rbt.c.obj
LOAD CMakeFiles/2024_Hero_three.elf.dir/component/OneMessage/src/core/om_core.c.obj
LOAD CMakeFiles/2024_Hero_three.elf.dir/component/OneMessage/src/om.c.obj
LOAD CMakeFiles/2024_Hero_three.elf.dir/component/algorithm/AHRS.c.obj
LOAD CMakeFiles/2024_Hero_three.elf.dir/component/algorithm/AHRS_MiddleWare.c.obj
LOAD CMakeFiles/2024_Hero_three.elf.dir/component/algorithm/filter.c.obj
LOAD CMakeFiles/2024_Hero_three.elf.dir/component/algorithm/ramp.c.obj
LOAD CMakeFiles/2024_Hero_three.elf.dir/component/algorithm/user_lib.c.obj
LOAD CMakeFiles/2024_Hero_three.elf.dir/component/communication/decode.c.obj
LOAD CMakeFiles/2024_Hero_three.elf.dir/component/communication/packet.c.obj
LOAD CMakeFiles/2024_Hero_three.elf.dir/component/controller/PID.c.obj
LOAD CMakeFiles/2024_Hero_three.elf.dir/component/devices/BMI088Middleware.c.obj
LOAD CMakeFiles/2024_Hero_three.elf.dir/component/devices/BMI088driver.c.obj
LOAD CMakeFiles/2024_Hero_three.elf.dir/component/devices/ist8310driver.c.obj
LOAD CMakeFiles/2024_Hero_three.elf.dir/component/devices/ist8310driver_middleware.c.obj
LOAD CMakeFiles/2024_Hero_three.elf.dir/component/support/CRC8_CRC16.c.obj
LOAD CMakeFiles/2024_Hero_three.elf.dir/component/support/fifo.c.obj
LOAD CMakeFiles/2024_Hero_three.elf.dir/component/support/mem_mang4.c.obj
START GROUP
LOAD d:/software/gcc-arm-none-eabi-10.3-2021.10/bin/../lib/gcc/arm-none-eabi/10.3.1/thumb/v7e-m+fp/hard\libgcc.a
LOAD d:/software/gcc-arm-none-eabi-10.3-2021.10/bin/../lib/gcc/arm-none-eabi/10.3.1/../../../../arm-none-eabi/lib/thumb/v7e-m+fp/hard\libg.a
LOAD d:/software/gcc-arm-none-eabi-10.3-2021.10/bin/../lib/gcc/arm-none-eabi/10.3.1/../../../../arm-none-eabi/lib/thumb/v7e-m+fp/hard\libc.a
END GROUP
LOAD d:/software/gcc-arm-none-eabi-10.3-2021.10/bin/../lib/gcc/arm-none-eabi/10.3.1/thumb/v7e-m+fp/hard/crtend.o
LOAD d:/software/gcc-arm-none-eabi-10.3-2021.10/bin/../lib/gcc/arm-none-eabi/10.3.1/thumb/v7e-m+fp/hard/crtn.o
                0x20020000                _estack = (ORIGIN (RAM) + LENGTH (RAM))
                0x00002000                _Min_Heap_Size = 0x2000
                0x00002000                _Min_Stack_Size = 0x2000

.isr_vector     0x08000000      0x188
                0x08000000                . = ALIGN (0x4)
 *(.isr_vector)
 .isr_vector    0x08000000      0x188 CMakeFiles/2024_Hero_three.elf.dir/Core/Startup/startup_stm32f407ighx.s.obj
                0x08000000                g_pfnVectors
                0x08000188                . = ALIGN (0x4)

.text           0x080001c0    0x1818c
                0x080001c0                . = ALIGN (0x4)
 *(.text)
 .text          0x080001c0       0x40 d:/software/gcc-arm-none-eabi-10.3-2021.10/bin/../lib/gcc/arm-none-eabi/10.3.1/thumb/v7e-m+fp/hard/crtbegin.o
 .text          0x08000200      0x378 d:/software/gcc-arm-none-eabi-10.3-2021.10/bin/../lib/gcc/arm-none-eabi/10.3.1/thumb/v7e-m+fp/hard\libgcc.a(_arm_addsubdf3.o)
                0x08000200                __aeabi_drsub
                0x08000208                __aeabi_dsub
                0x08000208                __subdf3
                0x0800020c                __aeabi_dadd
                0x0800020c                __adddf3
                0x08000484                __floatunsidf
                0x08000484                __aeabi_ui2d
                0x080004a4                __floatsidf
                0x080004a4                __aeabi_i2d
                0x080004c8                __aeabi_f2d
                0x080004c8                __extendsfdf2
                0x0800050c                __floatundidf
                0x0800050c                __aeabi_ul2d
                0x0800051c                __floatdidf
                0x0800051c                __aeabi_l2d
 .text          0x08000578      0x110 d:/software/gcc-arm-none-eabi-10.3-2021.10/bin/../lib/gcc/arm-none-eabi/10.3.1/thumb/v7e-m+fp/hard\libgcc.a(_arm_cmpdf2.o)
                0x08000578                __gtdf2
                0x08000578                __gedf2
                0x08000580                __ltdf2
                0x08000580                __ledf2
                0x08000588                __nedf2
                0x08000588                __eqdf2
                0x08000588                __cmpdf2
                0x08000604                __aeabi_cdrcmple
                0x08000614                __aeabi_cdcmpeq
                0x08000614                __aeabi_cdcmple
                0x08000624                __aeabi_dcmpeq
                0x08000638                __aeabi_dcmplt
                0x0800064c                __aeabi_dcmple
                0x08000660                __aeabi_dcmpge
                0x08000674                __aeabi_dcmpgt
 .text          0x08000688       0xa0 d:/software/gcc-arm-none-eabi-10.3-2021.10/bin/../lib/gcc/arm-none-eabi/10.3.1/thumb/v7e-m+fp/hard\libgcc.a(_arm_truncdfsf2.o)
                0x08000688                __truncdfsf2
                0x08000688                __aeabi_d2f
 .text          0x08000728       0x30 d:/software/gcc-arm-none-eabi-10.3-2021.10/bin/../lib/gcc/arm-none-eabi/10.3.1/thumb/v7e-m+fp/hard\libgcc.a(_aeabi_uldivmod.o)
                0x08000728                __aeabi_uldivmod
 .text          0x08000758      0x2d0 d:/software/gcc-arm-none-eabi-10.3-2021.10/bin/../lib/gcc/arm-none-eabi/10.3.1/thumb/v7e-m+fp/hard\libgcc.a(_udivmoddi4.o)
                0x08000758                __udivmoddi4
 .text          0x08000a28        0x4 d:/software/gcc-arm-none-eabi-10.3-2021.10/bin/../lib/gcc/arm-none-eabi/10.3.1/thumb/v7e-m+fp/hard\libgcc.a(_dvmd_tls.o)
                0x08000a28                __aeabi_idiv0
                0x08000a28                __aeabi_ldiv0
 .text          0x08000a2c      0x134 d:/software/gcc-arm-none-eabi-10.3-2021.10/bin/../lib/gcc/arm-none-eabi/10.3.1/../../../../arm-none-eabi/lib/thumb/v7e-m+fp/hard\libg.a(lib_a-memcpy.o)
                0x08000a2c                memcpy
 *fill*         0x08000b60       0x20 
 .text          0x08000b80       0xdc d:/software/gcc-arm-none-eabi-10.3-2021.10/bin/../lib/gcc/arm-none-eabi/10.3.1/../../../../arm-none-eabi/lib/thumb/v7e-m+fp/hard\libg.a(lib_a-strlen.o)
                0x08000b80                strlen
 .text          0x08000c5c      0x424 d:/software/gcc-arm-none-eabi-10.3-2021.10/bin/../lib/gcc/arm-none-eabi/10.3.1/thumb/v7e-m+fp/hard\libgcc.a(_arm_muldivdf3.o)
                0x08000c5c                __aeabi_dmul
                0x08000c5c                __muldf3
                0x08000eb0                __divdf3
                0x08000eb0                __aeabi_ddiv
 .text          0x08001080       0x2c d:/software/gcc-arm-none-eabi-10.3-2021.10/bin/../lib/gcc/arm-none-eabi/10.3.1/thumb/v7e-m+fp/hard\libgcc.a(_arm_unorddf2.o)
                0x08001080                __unorddf2
                0x08001080                __aeabi_dcmpun
 .text          0x080010ac       0x50 d:/software/gcc-arm-none-eabi-10.3-2021.10/bin/../lib/gcc/arm-none-eabi/10.3.1/thumb/v7e-m+fp/hard\libgcc.a(_arm_fixdfsi.o)
                0x080010ac                __aeabi_d2iz
                0x080010ac                __fixdfsi
 *(.text*)
 .text.MX_ADC1_Init
                0x080010fc       0x70 CMakeFiles/2024_Hero_three.elf.dir/Core/Src/adc.c.obj
                0x080010fc                MX_ADC1_Init
 .text.MX_ADC3_Init
                0x0800116c       0x70 CMakeFiles/2024_Hero_three.elf.dir/Core/Src/adc.c.obj
                0x0800116c                MX_ADC3_Init
 .text.HAL_ADC_MspInit
                0x080011dc       0x90 CMakeFiles/2024_Hero_three.elf.dir/Core/Src/adc.c.obj
                0x080011dc                HAL_ADC_MspInit
 .text.MX_CAN1_Init
                0x0800126c       0x44 CMakeFiles/2024_Hero_three.elf.dir/Core/Src/can.c.obj
                0x0800126c                MX_CAN1_Init
 .text.MX_CAN2_Init
                0x080012b0       0x44 CMakeFiles/2024_Hero_three.elf.dir/Core/Src/can.c.obj
                0x080012b0                MX_CAN2_Init
 .text.HAL_CAN_MspInit
                0x080012f4      0x138 CMakeFiles/2024_Hero_three.elf.dir/Core/Src/can.c.obj
                0x080012f4                HAL_CAN_MspInit
 .text.MX_CRC_Init
                0x0800142c       0x20 CMakeFiles/2024_Hero_three.elf.dir/Core/Src/crc.c.obj
                0x0800142c                MX_CRC_Init
 .text.HAL_CRC_MspInit
                0x0800144c       0x30 CMakeFiles/2024_Hero_three.elf.dir/Core/Src/crc.c.obj
                0x0800144c                HAL_CRC_MspInit
 .text.MX_DMA_Init
                0x0800147c       0xb8 CMakeFiles/2024_Hero_three.elf.dir/Core/Src/dma.c.obj
                0x0800147c                MX_DMA_Init
 .text.cap_task
                0x08001534        0xa CMakeFiles/2024_Hero_three.elf.dir/Core/Src/freertos.c.obj
                0x08001534                cap_task
 *fill*         0x0800153e        0x2 
 .text.vApplicationGetIdleTaskMemory
                0x08001540       0x18 CMakeFiles/2024_Hero_three.elf.dir/Core/Src/freertos.c.obj
                0x08001540                vApplicationGetIdleTaskMemory
 .text.MX_FREERTOS_Init
                0x08001558      0x1d4 CMakeFiles/2024_Hero_three.elf.dir/Core/Src/freertos.c.obj
                0x08001558                MX_FREERTOS_Init
 .text.MX_GPIO_Init
                0x0800172c      0x1fc CMakeFiles/2024_Hero_three.elf.dir/Core/Src/gpio.c.obj
                0x0800172c                MX_GPIO_Init
 .text.MX_I2C2_Init
                0x08001928       0x3c CMakeFiles/2024_Hero_three.elf.dir/Core/Src/i2c.c.obj
                0x08001928                MX_I2C2_Init
 .text.MX_I2C3_Init
                0x08001964       0x3c CMakeFiles/2024_Hero_three.elf.dir/Core/Src/i2c.c.obj
                0x08001964                MX_I2C3_Init
 .text.HAL_I2C_MspInit
                0x080019a0       0xfc CMakeFiles/2024_Hero_three.elf.dir/Core/Src/i2c.c.obj
                0x080019a0                HAL_I2C_MspInit
 .text.SystemClock_Config
                0x08001a9c       0x98 CMakeFiles/2024_Hero_three.elf.dir/Core/Src/main.c.obj
                0x08001a9c                SystemClock_Config
 .text.main     0x08001b34       0xe0 CMakeFiles/2024_Hero_three.elf.dir/Core/Src/main.c.obj
                0x08001b34                main
 .text.Error_Handler
                0x08001c14        0x2 CMakeFiles/2024_Hero_three.elf.dir/Core/Src/main.c.obj
                0x08001c14                Error_Handler
 *fill*         0x08001c16        0x2 
 .text.MX_RNG_Init
                0x08001c18       0x20 CMakeFiles/2024_Hero_three.elf.dir/Core/Src/rng.c.obj
                0x08001c18                MX_RNG_Init
 .text.HAL_RNG_MspInit
                0x08001c38       0x30 CMakeFiles/2024_Hero_three.elf.dir/Core/Src/rng.c.obj
                0x08001c38                HAL_RNG_MspInit
 .text.MX_SPI1_Init
                0x08001c68       0x48 CMakeFiles/2024_Hero_three.elf.dir/Core/Src/spi.c.obj
                0x08001c68                MX_SPI1_Init
 .text.MX_SPI2_Init
                0x08001cb0       0x44 CMakeFiles/2024_Hero_three.elf.dir/Core/Src/spi.c.obj
                0x08001cb0                MX_SPI2_Init
 .text.HAL_SPI_MspInit
                0x08001cf4      0x1bc CMakeFiles/2024_Hero_three.elf.dir/Core/Src/spi.c.obj
                0x08001cf4                HAL_SPI_MspInit
 .text.HAL_MspInit
                0x08001eb0       0x44 CMakeFiles/2024_Hero_three.elf.dir/Core/Src/stm32f4xx_hal_msp.c.obj
                0x08001eb0                HAL_MspInit
 .text.NMI_Handler
                0x08001ef4        0x2 CMakeFiles/2024_Hero_three.elf.dir/Core/Src/stm32f4xx_it.c.obj
                0x08001ef4                NMI_Handler
 .text.HardFault_Handler
                0x08001ef6        0x2 CMakeFiles/2024_Hero_three.elf.dir/Core/Src/stm32f4xx_it.c.obj
                0x08001ef6                HardFault_Handler
 .text.MemManage_Handler
                0x08001ef8        0x2 CMakeFiles/2024_Hero_three.elf.dir/Core/Src/stm32f4xx_it.c.obj
                0x08001ef8                MemManage_Handler
 .text.BusFault_Handler
                0x08001efa        0x2 CMakeFiles/2024_Hero_three.elf.dir/Core/Src/stm32f4xx_it.c.obj
                0x08001efa                BusFault_Handler
 .text.UsageFault_Handler
                0x08001efc        0x2 CMakeFiles/2024_Hero_three.elf.dir/Core/Src/stm32f4xx_it.c.obj
                0x08001efc                UsageFault_Handler
 .text.DebugMon_Handler
                0x08001efe        0x2 CMakeFiles/2024_Hero_three.elf.dir/Core/Src/stm32f4xx_it.c.obj
                0x08001efe                DebugMon_Handler
 .text.SysTick_Handler
                0x08001f00       0x16 CMakeFiles/2024_Hero_three.elf.dir/Core/Src/stm32f4xx_it.c.obj
                0x08001f00                SysTick_Handler
 .text.EXTI0_IRQHandler
                0x08001f16        0xa CMakeFiles/2024_Hero_three.elf.dir/Core/Src/stm32f4xx_it.c.obj
                0x08001f16                EXTI0_IRQHandler
 .text.EXTI3_IRQHandler
                0x08001f20        0xa CMakeFiles/2024_Hero_three.elf.dir/Core/Src/stm32f4xx_it.c.obj
                0x08001f20                EXTI3_IRQHandler
 .text.EXTI4_IRQHandler
                0x08001f2a        0xa CMakeFiles/2024_Hero_three.elf.dir/Core/Src/stm32f4xx_it.c.obj
                0x08001f2a                EXTI4_IRQHandler
 .text.DMA1_Stream1_IRQHandler
                0x08001f34       0x10 CMakeFiles/2024_Hero_three.elf.dir/Core/Src/stm32f4xx_it.c.obj
                0x08001f34                DMA1_Stream1_IRQHandler
 .text.DMA1_Stream4_IRQHandler
                0x08001f44       0x10 CMakeFiles/2024_Hero_three.elf.dir/Core/Src/stm32f4xx_it.c.obj
                0x08001f44                DMA1_Stream4_IRQHandler
 .text.EXTI9_5_IRQHandler
                0x08001f54        0xa CMakeFiles/2024_Hero_three.elf.dir/Core/Src/stm32f4xx_it.c.obj
                0x08001f54                EXTI9_5_IRQHandler
 *fill*         0x08001f5e        0x2 
 .text.DMA2_Stream1_IRQHandler
                0x08001f60       0x10 CMakeFiles/2024_Hero_three.elf.dir/Core/Src/stm32f4xx_it.c.obj
                0x08001f60                DMA2_Stream1_IRQHandler
 .text.DMA2_Stream3_IRQHandler
                0x08001f70       0x10 CMakeFiles/2024_Hero_three.elf.dir/Core/Src/stm32f4xx_it.c.obj
                0x08001f70                DMA2_Stream3_IRQHandler
 .text.OTG_FS_IRQHandler
                0x08001f80       0x10 CMakeFiles/2024_Hero_three.elf.dir/Core/Src/stm32f4xx_it.c.obj
                0x08001f80                OTG_FS_IRQHandler
 .text.DMA2_Stream5_IRQHandler
                0x08001f90       0x10 CMakeFiles/2024_Hero_three.elf.dir/Core/Src/stm32f4xx_it.c.obj
                0x08001f90                DMA2_Stream5_IRQHandler
 .text.DMA2_Stream6_IRQHandler
                0x08001fa0       0x10 CMakeFiles/2024_Hero_three.elf.dir/Core/Src/stm32f4xx_it.c.obj
                0x08001fa0                DMA2_Stream6_IRQHandler
 .text.DMA2_Stream7_IRQHandler
                0x08001fb0       0x10 CMakeFiles/2024_Hero_three.elf.dir/Core/Src/stm32f4xx_it.c.obj
                0x08001fb0                DMA2_Stream7_IRQHandler
 .text.SystemInit
                0x08001fc0       0x14 CMakeFiles/2024_Hero_three.elf.dir/Core/Src/system_stm32f4xx.c.obj
                0x08001fc0                SystemInit
 .text.HAL_TIM_PWM_MspInit
                0x08001fd4       0x54 CMakeFiles/2024_Hero_three.elf.dir/Core/Src/tim.c.obj
                0x08001fd4                HAL_TIM_PWM_MspInit
 .text.HAL_TIM_Base_MspInit
                0x08002028       0x9c CMakeFiles/2024_Hero_three.elf.dir/Core/Src/tim.c.obj
                0x08002028                HAL_TIM_Base_MspInit
 .text.HAL_TIM_MspPostInit
                0x080020c4      0x238 CMakeFiles/2024_Hero_three.elf.dir/Core/Src/tim.c.obj
                0x080020c4                HAL_TIM_MspPostInit
 .text.MX_TIM1_Init
                0x080022fc       0xf8 CMakeFiles/2024_Hero_three.elf.dir/Core/Src/tim.c.obj
                0x080022fc                MX_TIM1_Init
 .text.MX_TIM3_Init
                0x080023f4       0x80 CMakeFiles/2024_Hero_three.elf.dir/Core/Src/tim.c.obj
                0x080023f4                MX_TIM3_Init
 .text.MX_TIM4_Init
                0x08002474       0xb0 CMakeFiles/2024_Hero_three.elf.dir/Core/Src/tim.c.obj
                0x08002474                MX_TIM4_Init
 .text.MX_TIM5_Init
                0x08002524       0xd4 CMakeFiles/2024_Hero_three.elf.dir/Core/Src/tim.c.obj
                0x08002524                MX_TIM5_Init
 .text.MX_TIM8_Init
                0x080025f8      0x130 CMakeFiles/2024_Hero_three.elf.dir/Core/Src/tim.c.obj
                0x080025f8                MX_TIM8_Init
 .text.MX_TIM10_Init
                0x08002728       0x74 CMakeFiles/2024_Hero_three.elf.dir/Core/Src/tim.c.obj
                0x08002728                MX_TIM10_Init
 .text.MX_USART1_UART_Init
                0x0800279c       0x34 CMakeFiles/2024_Hero_three.elf.dir/Core/Src/usart.c.obj
                0x0800279c                MX_USART1_UART_Init
 .text.MX_USART3_UART_Init
                0x080027d0       0x3c CMakeFiles/2024_Hero_three.elf.dir/Core/Src/usart.c.obj
                0x080027d0                MX_USART3_UART_Init
 .text.MX_USART6_UART_Init
                0x0800280c       0x34 CMakeFiles/2024_Hero_three.elf.dir/Core/Src/usart.c.obj
                0x0800280c                MX_USART6_UART_Init
 .text.HAL_UART_MspInit
                0x08002840      0x2d0 CMakeFiles/2024_Hero_three.elf.dir/Core/Src/usart.c.obj
                0x08002840                HAL_UART_MspInit
 .text.Reset_Handler
                0x08002b10       0x50 CMakeFiles/2024_Hero_three.elf.dir/Core/Startup/startup_stm32f407ighx.s.obj
                0x08002b10                Reset_Handler
 .text.Default_Handler
                0x08002b60        0x2 CMakeFiles/2024_Hero_three.elf.dir/Core/Startup/startup_stm32f407ighx.s.obj
                0x08002b60                RTC_Alarm_IRQHandler
                0x08002b60                HASH_RNG_IRQHandler
                0x08002b60                EXTI2_IRQHandler
                0x08002b60                TIM8_CC_IRQHandler
                0x08002b60                TIM1_CC_IRQHandler
                0x08002b60                DMA1_Stream5_IRQHandler
                0x08002b60                PVD_IRQHandler
                0x08002b60                SDIO_IRQHandler
                0x08002b60                TAMP_STAMP_IRQHandler
                0x08002b60                CAN2_RX1_IRQHandler
                0x08002b60                TIM8_TRG_COM_TIM14_IRQHandler
                0x08002b60                TIM1_UP_TIM10_IRQHandler
                0x08002b60                TIM8_UP_TIM13_IRQHandler
                0x08002b60                I2C3_ER_IRQHandler
                0x08002b60                I2C2_EV_IRQHandler
                0x08002b60                DMA1_Stream2_IRQHandler
                0x08002b60                FPU_IRQHandler
                0x08002b60                OTG_HS_WKUP_IRQHandler
                0x08002b60                CAN2_SCE_IRQHandler
                0x08002b60                SPI1_IRQHandler
                0x08002b60                TIM6_DAC_IRQHandler
                0x08002b60                TIM1_BRK_TIM9_IRQHandler
                0x08002b60                DCMI_IRQHandler
                0x08002b60                UART5_IRQHandler
                0x08002b60                DMA2_Stream0_IRQHandler
                0x08002b60                TIM4_IRQHandler
                0x08002b60                I2C1_EV_IRQHandler
                0x08002b60                DMA1_Stream6_IRQHandler
                0x08002b60                UART4_IRQHandler
                0x08002b60                TIM3_IRQHandler
                0x08002b60                RCC_IRQHandler
                0x08002b60                TIM8_BRK_TIM12_IRQHandler
                0x08002b60                Default_Handler
                0x08002b60                EXTI15_10_IRQHandler
                0x08002b60                ADC_IRQHandler
                0x08002b60                TIM7_IRQHandler
                0x08002b60                CAN2_TX_IRQHandler
                0x08002b60                TIM5_IRQHandler
                0x08002b60                I2C3_EV_IRQHandler
                0x08002b60                RTC_WKUP_IRQHandler
                0x08002b60                ETH_WKUP_IRQHandler
                0x08002b60                SPI2_IRQHandler
                0x08002b60                OTG_HS_EP1_IN_IRQHandler
                0x08002b60                DMA1_Stream0_IRQHandler
                0x08002b60                CAN1_TX_IRQHandler
                0x08002b60                FSMC_IRQHandler
                0x08002b60                ETH_IRQHandler
                0x08002b60                OTG_HS_EP1_OUT_IRQHandler
                0x08002b60                WWDG_IRQHandler
                0x08002b60                TIM2_IRQHandler
                0x08002b60                OTG_FS_WKUP_IRQHandler
                0x08002b60                TIM1_TRG_COM_TIM11_IRQHandler
                0x08002b60                OTG_HS_IRQHandler
                0x08002b60                EXTI1_IRQHandler
                0x08002b60                USART2_IRQHandler
                0x08002b60                I2C2_ER_IRQHandler
                0x08002b60                CAN1_SCE_IRQHandler
                0x08002b60                FLASH_IRQHandler
                0x08002b60                DMA2_Stream4_IRQHandler
                0x08002b60                SPI3_IRQHandler
                0x08002b60                I2C1_ER_IRQHandler
                0x08002b60                DMA1_Stream3_IRQHandler
 *fill*         0x08002b62        0x2 
 .text.HAL_InitTick
                0x08002b64       0x4c CMakeFiles/2024_Hero_three.elf.dir/Drivers/STM32F4xx_HAL_Driver/Src/stm32f4xx_hal.c.obj
                0x08002b64                HAL_InitTick
 .text.HAL_Init
                0x08002bb0       0x34 CMakeFiles/2024_Hero_three.elf.dir/Drivers/STM32F4xx_HAL_Driver/Src/stm32f4xx_hal.c.obj
                0x08002bb0                HAL_Init
 .text.HAL_IncTick
                0x08002be4       0x18 CMakeFiles/2024_Hero_three.elf.dir/Drivers/STM32F4xx_HAL_Driver/Src/stm32f4xx_hal.c.obj
                0x08002be4                HAL_IncTick
 .text.HAL_GetTick
                0x08002bfc        0xc CMakeFiles/2024_Hero_three.elf.dir/Drivers/STM32F4xx_HAL_Driver/Src/stm32f4xx_hal.c.obj
                0x08002bfc                HAL_GetTick
 .text.HAL_Delay
                0x08002c08       0x28 CMakeFiles/2024_Hero_three.elf.dir/Drivers/STM32F4xx_HAL_Driver/Src/stm32f4xx_hal.c.obj
                0x08002c08                HAL_Delay
 .text.ADC_Init
                0x08002c30      0x134 CMakeFiles/2024_Hero_three.elf.dir/Drivers/STM32F4xx_HAL_Driver/Src/stm32f4xx_hal_adc.c.obj
 .text.HAL_ADC_Init
                0x08002d64       0x56 CMakeFiles/2024_Hero_three.elf.dir/Drivers/STM32F4xx_HAL_Driver/Src/stm32f4xx_hal_adc.c.obj
                0x08002d64                HAL_ADC_Init
 *fill*         0x08002dba        0x2 
 .text.HAL_ADC_Start
                0x08002dbc      0x144 CMakeFiles/2024_Hero_three.elf.dir/Drivers/STM32F4xx_HAL_Driver/Src/stm32f4xx_hal_adc.c.obj
                0x08002dbc                HAL_ADC_Start
 .text.HAL_ADC_PollForConversion
                0x08002f00       0xb8 CMakeFiles/2024_Hero_three.elf.dir/Drivers/STM32F4xx_HAL_Driver/Src/stm32f4xx_hal_adc.c.obj
                0x08002f00                HAL_ADC_PollForConversion
 .text.HAL_ADC_GetValue
                0x08002fb8        0x6 CMakeFiles/2024_Hero_three.elf.dir/Drivers/STM32F4xx_HAL_Driver/Src/stm32f4xx_hal_adc.c.obj
                0x08002fb8                HAL_ADC_GetValue
 *fill*         0x08002fbe        0x2 
 .text.HAL_ADC_ConfigChannel
                0x08002fc0      0x198 CMakeFiles/2024_Hero_three.elf.dir/Drivers/STM32F4xx_HAL_Driver/Src/stm32f4xx_hal_adc.c.obj
                0x08002fc0                HAL_ADC_ConfigChannel
 .text.HAL_CAN_Init
                0x08003158      0x14c CMakeFiles/2024_Hero_three.elf.dir/Drivers/STM32F4xx_HAL_Driver/Src/stm32f4xx_hal_can.c.obj
                0x08003158                HAL_CAN_Init
 .text.HAL_CAN_ConfigFilter
                0x080032a4      0x138 CMakeFiles/2024_Hero_three.elf.dir/Drivers/STM32F4xx_HAL_Driver/Src/stm32f4xx_hal_can.c.obj
                0x080032a4                HAL_CAN_ConfigFilter
 .text.HAL_CAN_Start
                0x080033dc       0x5c CMakeFiles/2024_Hero_three.elf.dir/Drivers/STM32F4xx_HAL_Driver/Src/stm32f4xx_hal_can.c.obj
                0x080033dc                HAL_CAN_Start
 .text.HAL_CAN_AddTxMessage
                0x08003438       0xfc CMakeFiles/2024_Hero_three.elf.dir/Drivers/STM32F4xx_HAL_Driver/Src/stm32f4xx_hal_can.c.obj
                0x08003438                HAL_CAN_AddTxMessage
 .text.HAL_CAN_GetRxMessage
                0x08003534      0x14a CMakeFiles/2024_Hero_three.elf.dir/Drivers/STM32F4xx_HAL_Driver/Src/stm32f4xx_hal_can.c.obj
                0x08003534                HAL_CAN_GetRxMessage
 .text.HAL_CAN_ActivateNotification
                0x0800367e       0x24 CMakeFiles/2024_Hero_three.elf.dir/Drivers/STM32F4xx_HAL_Driver/Src/stm32f4xx_hal_can.c.obj
                0x0800367e                HAL_CAN_ActivateNotification
 *fill*         0x080036a2        0x2 
 .text.HAL_NVIC_SetPriorityGrouping
                0x080036a4       0x24 CMakeFiles/2024_Hero_three.elf.dir/Drivers/STM32F4xx_HAL_Driver/Src/stm32f4xx_hal_cortex.c.obj
                0x080036a4                HAL_NVIC_SetPriorityGrouping
 .text.HAL_NVIC_SetPriority
                0x080036c8       0x70 CMakeFiles/2024_Hero_three.elf.dir/Drivers/STM32F4xx_HAL_Driver/Src/stm32f4xx_hal_cortex.c.obj
                0x080036c8                HAL_NVIC_SetPriority
 .text.HAL_NVIC_EnableIRQ
                0x08003738       0x1c CMakeFiles/2024_Hero_three.elf.dir/Drivers/STM32F4xx_HAL_Driver/Src/stm32f4xx_hal_cortex.c.obj
                0x08003738                HAL_NVIC_EnableIRQ
 .text.HAL_SYSTICK_Config
                0x08003754       0x28 CMakeFiles/2024_Hero_three.elf.dir/Drivers/STM32F4xx_HAL_Driver/Src/stm32f4xx_hal_cortex.c.obj
                0x08003754                HAL_SYSTICK_Config
 .text.HAL_CRC_Init
                0x0800377c       0x1e CMakeFiles/2024_Hero_three.elf.dir/Drivers/STM32F4xx_HAL_Driver/Src/stm32f4xx_hal_crc.c.obj
                0x0800377c                HAL_CRC_Init
 .text.DMA_SetConfig
                0x0800379a       0x2c CMakeFiles/2024_Hero_three.elf.dir/Drivers/STM32F4xx_HAL_Driver/Src/stm32f4xx_hal_dma.c.obj
 *fill*         0x080037c6        0x2 
 .text.DMA_CalcBaseAndBitshift
                0x080037c8       0x44 CMakeFiles/2024_Hero_three.elf.dir/Drivers/STM32F4xx_HAL_Driver/Src/stm32f4xx_hal_dma.c.obj
 .text.DMA_CheckFifoParam
                0x0800380c       0x8e CMakeFiles/2024_Hero_three.elf.dir/Drivers/STM32F4xx_HAL_Driver/Src/stm32f4xx_hal_dma.c.obj
 *fill*         0x0800389a        0x2 
 .text.HAL_DMA_Init
                0x0800389c       0xcc CMakeFiles/2024_Hero_three.elf.dir/Drivers/STM32F4xx_HAL_Driver/Src/stm32f4xx_hal_dma.c.obj
                0x0800389c                HAL_DMA_Init
 .text.HAL_DMA_Start_IT
                0x08003968       0x6a CMakeFiles/2024_Hero_three.elf.dir/Drivers/STM32F4xx_HAL_Driver/Src/stm32f4xx_hal_dma.c.obj
                0x08003968                HAL_DMA_Start_IT
 *fill*         0x080039d2        0x2 
 .text.HAL_DMA_IRQHandler
                0x080039d4      0x1dc CMakeFiles/2024_Hero_three.elf.dir/Drivers/STM32F4xx_HAL_Driver/Src/stm32f4xx_hal_dma.c.obj
                0x080039d4                HAL_DMA_IRQHandler
 .text.HAL_DMA_GetState
                0x08003bb0        0x6 CMakeFiles/2024_Hero_three.elf.dir/Drivers/STM32F4xx_HAL_Driver/Src/stm32f4xx_hal_dma.c.obj
                0x08003bb0                HAL_DMA_GetState
 *fill*         0x08003bb6        0x2 
 .text.FLASH_Program_DoubleWord
                0x08003bb8       0x30 CMakeFiles/2024_Hero_three.elf.dir/Drivers/STM32F4xx_HAL_Driver/Src/stm32f4xx_hal_flash.c.obj
 .text.FLASH_Program_Word
                0x08003be8       0x24 CMakeFiles/2024_Hero_three.elf.dir/Drivers/STM32F4xx_HAL_Driver/Src/stm32f4xx_hal_flash.c.obj
 .text.FLASH_Program_HalfWord
                0x08003c0c       0x24 CMakeFiles/2024_Hero_three.elf.dir/Drivers/STM32F4xx_HAL_Driver/Src/stm32f4xx_hal_flash.c.obj
 .text.FLASH_Program_Byte
                0x08003c30       0x20 CMakeFiles/2024_Hero_three.elf.dir/Drivers/STM32F4xx_HAL_Driver/Src/stm32f4xx_hal_flash.c.obj
 .text.FLASH_SetErrorCode
                0x08003c50       0x8c CMakeFiles/2024_Hero_three.elf.dir/Drivers/STM32F4xx_HAL_Driver/Src/stm32f4xx_hal_flash.c.obj
 .text.HAL_FLASH_Unlock
                0x08003cdc       0x30 CMakeFiles/2024_Hero_three.elf.dir/Drivers/STM32F4xx_HAL_Driver/Src/stm32f4xx_hal_flash.c.obj
                0x08003cdc                HAL_FLASH_Unlock
 .text.HAL_FLASH_Lock
                0x08003d0c       0x14 CMakeFiles/2024_Hero_three.elf.dir/Drivers/STM32F4xx_HAL_Driver/Src/stm32f4xx_hal_flash.c.obj
                0x08003d0c                HAL_FLASH_Lock
 .text.FLASH_WaitForLastOperation
                0x08003d20       0x60 CMakeFiles/2024_Hero_three.elf.dir/Drivers/STM32F4xx_HAL_Driver/Src/stm32f4xx_hal_flash.c.obj
                0x08003d20                FLASH_WaitForLastOperation
 .text.HAL_FLASH_Program
                0x08003d80       0x7c CMakeFiles/2024_Hero_three.elf.dir/Drivers/STM32F4xx_HAL_Driver/Src/stm32f4xx_hal_flash.c.obj
                0x08003d80                HAL_FLASH_Program
 .text.FLASH_MassErase
                0x08003dfc       0x24 CMakeFiles/2024_Hero_three.elf.dir/Drivers/STM32F4xx_HAL_Driver/Src/stm32f4xx_hal_flash_ex.c.obj
 .text.FLASH_Erase_Sector
                0x08003e20       0x54 CMakeFiles/2024_Hero_three.elf.dir/Drivers/STM32F4xx_HAL_Driver/Src/stm32f4xx_hal_flash_ex.c.obj
                0x08003e20                FLASH_Erase_Sector
 .text.FLASH_FlushCaches
                0x08003e74       0x60 CMakeFiles/2024_Hero_three.elf.dir/Drivers/STM32F4xx_HAL_Driver/Src/stm32f4xx_hal_flash_ex.c.obj
                0x08003e74                FLASH_FlushCaches
 .text.HAL_FLASHEx_Erase
                0x08003ed4       0x94 CMakeFiles/2024_Hero_three.elf.dir/Drivers/STM32F4xx_HAL_Driver/Src/stm32f4xx_hal_flash_ex.c.obj
                0x08003ed4                HAL_FLASHEx_Erase
 .text.HAL_GPIO_Init
                0x08003f68      0x1e4 CMakeFiles/2024_Hero_three.elf.dir/Drivers/STM32F4xx_HAL_Driver/Src/stm32f4xx_hal_gpio.c.obj
                0x08003f68                HAL_GPIO_Init
 .text.HAL_GPIO_WritePin
                0x0800414c        0xc CMakeFiles/2024_Hero_three.elf.dir/Drivers/STM32F4xx_HAL_Driver/Src/stm32f4xx_hal_gpio.c.obj
                0x0800414c                HAL_GPIO_WritePin
 .text.HAL_GPIO_EXTI_IRQHandler
                0x08004158       0x1c CMakeFiles/2024_Hero_three.elf.dir/Drivers/STM32F4xx_HAL_Driver/Src/stm32f4xx_hal_gpio.c.obj
                0x08004158                HAL_GPIO_EXTI_IRQHandler
 .text.I2C_IsAcknowledgeFailed
                0x08004174       0x32 CMakeFiles/2024_Hero_three.elf.dir/Drivers/STM32F4xx_HAL_Driver/Src/stm32f4xx_hal_i2c.c.obj
 .text.I2C_WaitOnFlagUntilTimeout
                0x080041a6       0x7c CMakeFiles/2024_Hero_three.elf.dir/Drivers/STM32F4xx_HAL_Driver/Src/stm32f4xx_hal_i2c.c.obj
 .text.I2C_WaitOnMasterAddressFlagUntilTimeout
                0x08004222       0xaa CMakeFiles/2024_Hero_three.elf.dir/Drivers/STM32F4xx_HAL_Driver/Src/stm32f4xx_hal_i2c.c.obj
 .text.I2C_WaitOnTXEFlagUntilTimeout
                0x080042cc       0x54 CMakeFiles/2024_Hero_three.elf.dir/Drivers/STM32F4xx_HAL_Driver/Src/stm32f4xx_hal_i2c.c.obj
 .text.I2C_RequestMemoryWrite
                0x08004320       0xd8 CMakeFiles/2024_Hero_three.elf.dir/Drivers/STM32F4xx_HAL_Driver/Src/stm32f4xx_hal_i2c.c.obj
 .text.I2C_RequestMemoryRead
                0x080043f8      0x154 CMakeFiles/2024_Hero_three.elf.dir/Drivers/STM32F4xx_HAL_Driver/Src/stm32f4xx_hal_i2c.c.obj
 .text.I2C_WaitOnBTFFlagUntilTimeout
                0x0800454c       0x54 CMakeFiles/2024_Hero_three.elf.dir/Drivers/STM32F4xx_HAL_Driver/Src/stm32f4xx_hal_i2c.c.obj
 .text.I2C_WaitOnRXNEFlagUntilTimeout
                0x080045a0       0x6a CMakeFiles/2024_Hero_three.elf.dir/Drivers/STM32F4xx_HAL_Driver/Src/stm32f4xx_hal_i2c.c.obj
 *fill*         0x0800460a        0x2 
 .text.HAL_I2C_Init
                0x0800460c      0x1bc CMakeFiles/2024_Hero_three.elf.dir/Drivers/STM32F4xx_HAL_Driver/Src/stm32f4xx_hal_i2c.c.obj
                0x0800460c                HAL_I2C_Init
 .text.HAL_I2C_Mem_Write
                0x080047c8      0x164 CMakeFiles/2024_Hero_three.elf.dir/Drivers/STM32F4xx_HAL_Driver/Src/stm32f4xx_hal_i2c.c.obj
                0x080047c8                HAL_I2C_Mem_Write
 .text.HAL_I2C_Mem_Read
                0x0800492c      0x2e4 CMakeFiles/2024_Hero_three.elf.dir/Drivers/STM32F4xx_HAL_Driver/Src/stm32f4xx_hal_i2c.c.obj
                0x0800492c                HAL_I2C_Mem_Read
 .text.PCD_WriteEmptyTxFifo
                0x08004c10       0xd0 CMakeFiles/2024_Hero_three.elf.dir/Drivers/STM32F4xx_HAL_Driver/Src/stm32f4xx_hal_pcd.c.obj
 .text.HAL_PCD_Init
                0x08004ce0      0x12e CMakeFiles/2024_Hero_three.elf.dir/Drivers/STM32F4xx_HAL_Driver/Src/stm32f4xx_hal_pcd.c.obj
                0x08004ce0                HAL_PCD_Init
 .text.HAL_PCD_Start
                0x08004e0e       0x42 CMakeFiles/2024_Hero_three.elf.dir/Drivers/STM32F4xx_HAL_Driver/Src/stm32f4xx_hal_pcd.c.obj
                0x08004e0e                HAL_PCD_Start
 .text.PCD_EP_OutXfrComplete_int
                0x08004e50      0x104 CMakeFiles/2024_Hero_three.elf.dir/Drivers/STM32F4xx_HAL_Driver/Src/stm32f4xx_hal_pcd.c.obj
 .text.PCD_EP_OutSetupPacket_int
                0x08004f54       0x50 CMakeFiles/2024_Hero_three.elf.dir/Drivers/STM32F4xx_HAL_Driver/Src/stm32f4xx_hal_pcd.c.obj
 .text.HAL_PCD_SetAddress
                0x08004fa4       0x28 CMakeFiles/2024_Hero_three.elf.dir/Drivers/STM32F4xx_HAL_Driver/Src/stm32f4xx_hal_pcd.c.obj
                0x08004fa4                HAL_PCD_SetAddress
 .text.HAL_PCD_EP_Open
                0x08004fcc       0x8a CMakeFiles/2024_Hero_three.elf.dir/Drivers/STM32F4xx_HAL_Driver/Src/stm32f4xx_hal_pcd.c.obj
                0x08004fcc                HAL_PCD_EP_Open
 .text.HAL_PCD_EP_Close
                0x08005056       0x72 CMakeFiles/2024_Hero_three.elf.dir/Drivers/STM32F4xx_HAL_Driver/Src/stm32f4xx_hal_pcd.c.obj
                0x08005056                HAL_PCD_EP_Close
 .text.HAL_PCD_EP_Receive
                0x080050c8       0x5e CMakeFiles/2024_Hero_three.elf.dir/Drivers/STM32F4xx_HAL_Driver/Src/stm32f4xx_hal_pcd.c.obj
                0x080050c8                HAL_PCD_EP_Receive
 .text.HAL_PCD_EP_GetRxCount
                0x08005126       0x12 CMakeFiles/2024_Hero_three.elf.dir/Drivers/STM32F4xx_HAL_Driver/Src/stm32f4xx_hal_pcd.c.obj
                0x08005126                HAL_PCD_EP_GetRxCount
 .text.HAL_PCD_EP_Transmit
                0x08005138       0x5e CMakeFiles/2024_Hero_three.elf.dir/Drivers/STM32F4xx_HAL_Driver/Src/stm32f4xx_hal_pcd.c.obj
                0x08005138                HAL_PCD_EP_Transmit
 .text.HAL_PCD_EP_SetStall
                0x08005196       0x88 CMakeFiles/2024_Hero_three.elf.dir/Drivers/STM32F4xx_HAL_Driver/Src/stm32f4xx_hal_pcd.c.obj
                0x08005196                HAL_PCD_EP_SetStall
 .text.HAL_PCD_EP_ClrStall
                0x0800521e       0x76 CMakeFiles/2024_Hero_three.elf.dir/Drivers/STM32F4xx_HAL_Driver/Src/stm32f4xx_hal_pcd.c.obj
                0x0800521e                HAL_PCD_EP_ClrStall
 .text.HAL_PCD_EP_Abort
                0x08005294       0x34 CMakeFiles/2024_Hero_three.elf.dir/Drivers/STM32F4xx_HAL_Driver/Src/stm32f4xx_hal_pcd.c.obj
                0x08005294                HAL_PCD_EP_Abort
 .text.HAL_PCD_IRQHandler
                0x080052c8      0x5c4 CMakeFiles/2024_Hero_three.elf.dir/Drivers/STM32F4xx_HAL_Driver/Src/stm32f4xx_hal_pcd.c.obj
                0x080052c8                HAL_PCD_IRQHandler
 .text.HAL_PCDEx_SetTxFiFo
                0x0800588c       0x4c CMakeFiles/2024_Hero_three.elf.dir/Drivers/STM32F4xx_HAL_Driver/Src/stm32f4xx_hal_pcd_ex.c.obj
                0x0800588c                HAL_PCDEx_SetTxFiFo
 .text.HAL_PCDEx_SetRxFiFo
                0x080058d8        0x8 CMakeFiles/2024_Hero_three.elf.dir/Drivers/STM32F4xx_HAL_Driver/Src/stm32f4xx_hal_pcd_ex.c.obj
                0x080058d8                HAL_PCDEx_SetRxFiFo
 .text.HAL_PCDEx_LPM_Callback
                0x080058e0        0x2 CMakeFiles/2024_Hero_three.elf.dir/Drivers/STM32F4xx_HAL_Driver/Src/stm32f4xx_hal_pcd_ex.c.obj
                0x080058e0                HAL_PCDEx_LPM_Callback
 *fill*         0x080058e2        0x2 
 .text.HAL_RCC_OscConfig
                0x080058e4      0x3f8 CMakeFiles/2024_Hero_three.elf.dir/Drivers/STM32F4xx_HAL_Driver/Src/stm32f4xx_hal_rcc.c.obj
                0x080058e4                HAL_RCC_OscConfig
 .text.HAL_RCC_GetSysClockFreq
                0x08005cdc       0xa4 CMakeFiles/2024_Hero_three.elf.dir/Drivers/STM32F4xx_HAL_Driver/Src/stm32f4xx_hal_rcc.c.obj
                0x08005cdc                HAL_RCC_GetSysClockFreq
 .text.HAL_RCC_ClockConfig
                0x08005d80      0x160 CMakeFiles/2024_Hero_three.elf.dir/Drivers/STM32F4xx_HAL_Driver/Src/stm32f4xx_hal_rcc.c.obj
                0x08005d80                HAL_RCC_ClockConfig
 .text.HAL_RCC_GetHCLKFreq
                0x08005ee0        0xc CMakeFiles/2024_Hero_three.elf.dir/Drivers/STM32F4xx_HAL_Driver/Src/stm32f4xx_hal_rcc.c.obj
                0x08005ee0                HAL_RCC_GetHCLKFreq
 .text.HAL_RCC_GetPCLK1Freq
                0x08005eec       0x20 CMakeFiles/2024_Hero_three.elf.dir/Drivers/STM32F4xx_HAL_Driver/Src/stm32f4xx_hal_rcc.c.obj
                0x08005eec                HAL_RCC_GetPCLK1Freq
 .text.HAL_RCC_GetPCLK2Freq
                0x08005f0c       0x20 CMakeFiles/2024_Hero_three.elf.dir/Drivers/STM32F4xx_HAL_Driver/Src/stm32f4xx_hal_rcc.c.obj
                0x08005f0c                HAL_RCC_GetPCLK2Freq
 .text.HAL_RNG_Init
                0x08005f2c       0x2e CMakeFiles/2024_Hero_three.elf.dir/Drivers/STM32F4xx_HAL_Driver/Src/stm32f4xx_hal_rng.c.obj
                0x08005f2c                HAL_RNG_Init
 *fill*         0x08005f5a        0x2 
 .text.SPI_WaitFlagStateUntilTimeout
                0x08005f5c       0xd4 CMakeFiles/2024_Hero_three.elf.dir/Drivers/STM32F4xx_HAL_Driver/Src/stm32f4xx_hal_spi.c.obj
 .text.SPI_EndRxTxTransaction
                0x08006030       0x68 CMakeFiles/2024_Hero_three.elf.dir/Drivers/STM32F4xx_HAL_Driver/Src/stm32f4xx_hal_spi.c.obj
 .text.HAL_SPI_Init
                0x08006098       0xbe CMakeFiles/2024_Hero_three.elf.dir/Drivers/STM32F4xx_HAL_Driver/Src/stm32f4xx_hal_spi.c.obj
                0x08006098                HAL_SPI_Init
 .text.HAL_SPI_TransmitReceive
                0x08006156      0x238 CMakeFiles/2024_Hero_three.elf.dir/Drivers/STM32F4xx_HAL_Driver/Src/stm32f4xx_hal_spi.c.obj
                0x08006156                HAL_SPI_TransmitReceive
 *fill*         0x0800638e        0x2 
 .text.HAL_SPI_Transmit_DMA
                0x08006390       0xe0 CMakeFiles/2024_Hero_three.elf.dir/Drivers/STM32F4xx_HAL_Driver/Src/stm32f4xx_hal_spi.c.obj
                0x08006390                HAL_SPI_Transmit_DMA
 .text.HAL_SPI_TxHalfCpltCallback
                0x08006470        0x2 CMakeFiles/2024_Hero_three.elf.dir/Drivers/STM32F4xx_HAL_Driver/Src/stm32f4xx_hal_spi.c.obj
                0x08006470                HAL_SPI_TxHalfCpltCallback
 .text.SPI_DMAHalfTransmitCplt
                0x08006472        0xa CMakeFiles/2024_Hero_three.elf.dir/Drivers/STM32F4xx_HAL_Driver/Src/stm32f4xx_hal_spi.c.obj
 .text.HAL_SPI_ErrorCallback
                0x0800647c        0x2 CMakeFiles/2024_Hero_three.elf.dir/Drivers/STM32F4xx_HAL_Driver/Src/stm32f4xx_hal_spi.c.obj
                0x0800647c                HAL_SPI_ErrorCallback
 .text.SPI_DMAError
                0x0800647e       0x22 CMakeFiles/2024_Hero_three.elf.dir/Drivers/STM32F4xx_HAL_Driver/Src/stm32f4xx_hal_spi.c.obj
 .text.SPI_DMATransmitCplt
                0x080064a0       0x70 CMakeFiles/2024_Hero_three.elf.dir/Drivers/STM32F4xx_HAL_Driver/Src/stm32f4xx_hal_spi.c.obj
 .text.TIM_OC1_SetConfig
                0x08006510       0x68 CMakeFiles/2024_Hero_three.elf.dir/Drivers/STM32F4xx_HAL_Driver/Src/stm32f4xx_hal_tim.c.obj
 .text.TIM_OC3_SetConfig
                0x08006578       0x70 CMakeFiles/2024_Hero_three.elf.dir/Drivers/STM32F4xx_HAL_Driver/Src/stm32f4xx_hal_tim.c.obj
 .text.TIM_OC4_SetConfig
                0x080065e8       0x50 CMakeFiles/2024_Hero_three.elf.dir/Drivers/STM32F4xx_HAL_Driver/Src/stm32f4xx_hal_tim.c.obj
 .text.TIM_TI1_ConfigInputStage
                0x08006638       0x26 CMakeFiles/2024_Hero_three.elf.dir/Drivers/STM32F4xx_HAL_Driver/Src/stm32f4xx_hal_tim.c.obj
 .text.TIM_TI2_ConfigInputStage
                0x0800665e       0x28 CMakeFiles/2024_Hero_three.elf.dir/Drivers/STM32F4xx_HAL_Driver/Src/stm32f4xx_hal_tim.c.obj
 .text.TIM_ITRx_SetConfig
                0x08006686       0x10 CMakeFiles/2024_Hero_three.elf.dir/Drivers/STM32F4xx_HAL_Driver/Src/stm32f4xx_hal_tim.c.obj
 *fill*         0x08006696        0x2 
 .text.HAL_TIM_Base_Start
                0x08006698       0x7c CMakeFiles/2024_Hero_three.elf.dir/Drivers/STM32F4xx_HAL_Driver/Src/stm32f4xx_hal_tim.c.obj
                0x08006698                HAL_TIM_Base_Start
 .text.TIM_Base_SetConfig
                0x08006714       0xc8 CMakeFiles/2024_Hero_three.elf.dir/Drivers/STM32F4xx_HAL_Driver/Src/stm32f4xx_hal_tim.c.obj
                0x08006714                TIM_Base_SetConfig
 .text.HAL_TIM_Base_Init
                0x080067dc       0x58 CMakeFiles/2024_Hero_three.elf.dir/Drivers/STM32F4xx_HAL_Driver/Src/stm32f4xx_hal_tim.c.obj
                0x080067dc                HAL_TIM_Base_Init
 .text.HAL_TIM_PWM_Init
                0x08006834       0x58 CMakeFiles/2024_Hero_three.elf.dir/Drivers/STM32F4xx_HAL_Driver/Src/stm32f4xx_hal_tim.c.obj
                0x08006834                HAL_TIM_PWM_Init
 .text.TIM_OC2_SetConfig
                0x0800688c       0x70 CMakeFiles/2024_Hero_three.elf.dir/Drivers/STM32F4xx_HAL_Driver/Src/stm32f4xx_hal_tim.c.obj
                0x0800688c                TIM_OC2_SetConfig
 .text.HAL_TIM_PWM_ConfigChannel
                0x080068fc       0xdc CMakeFiles/2024_Hero_three.elf.dir/Drivers/STM32F4xx_HAL_Driver/Src/stm32f4xx_hal_tim.c.obj
                0x080068fc                HAL_TIM_PWM_ConfigChannel
 .text.TIM_ETR_SetConfig
                0x080069d8       0x1a CMakeFiles/2024_Hero_three.elf.dir/Drivers/STM32F4xx_HAL_Driver/Src/stm32f4xx_hal_tim.c.obj
                0x080069d8                TIM_ETR_SetConfig
 .text.HAL_TIM_ConfigClockSource
                0x080069f2       0xfe CMakeFiles/2024_Hero_three.elf.dir/Drivers/STM32F4xx_HAL_Driver/Src/stm32f4xx_hal_tim.c.obj
                0x080069f2                HAL_TIM_ConfigClockSource
 .text.TIM_CCxChannelCmd
                0x08006af0       0x1e CMakeFiles/2024_Hero_three.elf.dir/Drivers/STM32F4xx_HAL_Driver/Src/stm32f4xx_hal_tim.c.obj
                0x08006af0                TIM_CCxChannelCmd
 *fill*         0x08006b0e        0x2 
 .text.HAL_TIM_PWM_Start
                0x08006b10      0x104 CMakeFiles/2024_Hero_three.elf.dir/Drivers/STM32F4xx_HAL_Driver/Src/stm32f4xx_hal_tim.c.obj
                0x08006b10                HAL_TIM_PWM_Start
 .text.HAL_TIMEx_MasterConfigSynchronization
                0x08006c14       0x8c CMakeFiles/2024_Hero_three.elf.dir/Drivers/STM32F4xx_HAL_Driver/Src/stm32f4xx_hal_tim_ex.c.obj
                0x08006c14                HAL_TIMEx_MasterConfigSynchronization
 .text.HAL_TIMEx_ConfigBreakDeadTime
                0x08006ca0       0x52 CMakeFiles/2024_Hero_three.elf.dir/Drivers/STM32F4xx_HAL_Driver/Src/stm32f4xx_hal_tim_ex.c.obj
                0x08006ca0                HAL_TIMEx_ConfigBreakDeadTime
 *fill*         0x08006cf2        0x2 
 .text.UART_SetConfig
                0x08006cf4      0x110 CMakeFiles/2024_Hero_three.elf.dir/Drivers/STM32F4xx_HAL_Driver/Src/stm32f4xx_hal_uart.c.obj
 .text.HAL_UART_Init
                0x08006e04       0x5e CMakeFiles/2024_Hero_three.elf.dir/Drivers/STM32F4xx_HAL_Driver/Src/stm32f4xx_hal_uart.c.obj
                0x08006e04                HAL_UART_Init
 *fill*         0x08006e62        0x2 
 .text.USB_CoreReset
                0x08006e64       0x50 CMakeFiles/2024_Hero_three.elf.dir/Drivers/STM32F4xx_HAL_Driver/Src/stm32f4xx_ll_usb.c.obj
 .text.USB_CoreInit
                0x08006eb4       0x8a CMakeFiles/2024_Hero_three.elf.dir/Drivers/STM32F4xx_HAL_Driver/Src/stm32f4xx_ll_usb.c.obj
                0x08006eb4                USB_CoreInit
 *fill*         0x08006f3e        0x2 
 .text.USB_SetTurnaroundTime
                0x08006f40       0xe4 CMakeFiles/2024_Hero_three.elf.dir/Drivers/STM32F4xx_HAL_Driver/Src/stm32f4xx_ll_usb.c.obj
                0x08006f40                USB_SetTurnaroundTime
 .text.USB_EnableGlobalInt
                0x08007024        0xc CMakeFiles/2024_Hero_three.elf.dir/Drivers/STM32F4xx_HAL_Driver/Src/stm32f4xx_ll_usb.c.obj
                0x08007024                USB_EnableGlobalInt
 .text.USB_DisableGlobalInt
                0x08007030        0xc CMakeFiles/2024_Hero_three.elf.dir/Drivers/STM32F4xx_HAL_Driver/Src/stm32f4xx_ll_usb.c.obj
                0x08007030                USB_DisableGlobalInt
 .text.USB_FlushTxFifo
                0x0800703c       0x50 CMakeFiles/2024_Hero_three.elf.dir/Drivers/STM32F4xx_HAL_Driver/Src/stm32f4xx_ll_usb.c.obj
                0x0800703c                USB_FlushTxFifo
 .text.USB_FlushRxFifo
                0x0800708c       0x4c CMakeFiles/2024_Hero_three.elf.dir/Drivers/STM32F4xx_HAL_Driver/Src/stm32f4xx_ll_usb.c.obj
                0x0800708c                USB_FlushRxFifo
 .text.USB_SetDevSpeed
                0x080070d8        0xe CMakeFiles/2024_Hero_three.elf.dir/Drivers/STM32F4xx_HAL_Driver/Src/stm32f4xx_ll_usb.c.obj
                0x080070d8                USB_SetDevSpeed
 *fill*         0x080070e6        0x2 
 .text.USB_DevInit
                0x080070e8      0x190 CMakeFiles/2024_Hero_three.elf.dir/Drivers/STM32F4xx_HAL_Driver/Src/stm32f4xx_ll_usb.c.obj
                0x080070e8                USB_DevInit
 .text.USB_GetDevSpeed
                0x08007278       0x22 CMakeFiles/2024_Hero_three.elf.dir/Drivers/STM32F4xx_HAL_Driver/Src/stm32f4xx_ll_usb.c.obj
                0x08007278                USB_GetDevSpeed
 .text.USB_ActivateEndpoint
                0x0800729a       0x9c CMakeFiles/2024_Hero_three.elf.dir/Drivers/STM32F4xx_HAL_Driver/Src/stm32f4xx_ll_usb.c.obj
                0x0800729a                USB_ActivateEndpoint
 *fill*         0x08007336        0x2 
 .text.USB_DeactivateEndpoint
                0x08007338       0xe0 CMakeFiles/2024_Hero_three.elf.dir/Drivers/STM32F4xx_HAL_Driver/Src/stm32f4xx_ll_usb.c.obj
                0x08007338                USB_DeactivateEndpoint
 .text.USB_EP0StartXfer
                0x08007418      0x124 CMakeFiles/2024_Hero_three.elf.dir/Drivers/STM32F4xx_HAL_Driver/Src/stm32f4xx_ll_usb.c.obj
                0x08007418                USB_EP0StartXfer
 .text.USB_EPStopXfer
                0x0800753c       0xbe CMakeFiles/2024_Hero_three.elf.dir/Drivers/STM32F4xx_HAL_Driver/Src/stm32f4xx_ll_usb.c.obj
                0x0800753c                USB_EPStopXfer
 .text.USB_WritePacket
                0x080075fa       0x2e CMakeFiles/2024_Hero_three.elf.dir/Drivers/STM32F4xx_HAL_Driver/Src/stm32f4xx_ll_usb.c.obj
                0x080075fa                USB_WritePacket
 .text.USB_EPStartXfer
                0x08007628      0x234 CMakeFiles/2024_Hero_three.elf.dir/Drivers/STM32F4xx_HAL_Driver/Src/stm32f4xx_ll_usb.c.obj
                0x08007628                USB_EPStartXfer
 .text.USB_ReadPacket
                0x0800785c       0x54 CMakeFiles/2024_Hero_three.elf.dir/Drivers/STM32F4xx_HAL_Driver/Src/stm32f4xx_ll_usb.c.obj
                0x0800785c                USB_ReadPacket
 .text.USB_EPSetStall
                0x080078b0       0x5a CMakeFiles/2024_Hero_three.elf.dir/Drivers/STM32F4xx_HAL_Driver/Src/stm32f4xx_ll_usb.c.obj
                0x080078b0                USB_EPSetStall
 .text.USB_EPClearStall
                0x0800790a       0x5c CMakeFiles/2024_Hero_three.elf.dir/Drivers/STM32F4xx_HAL_Driver/Src/stm32f4xx_ll_usb.c.obj
                0x0800790a                USB_EPClearStall
 .text.USB_SetDevAddress
                0x08007966       0x20 CMakeFiles/2024_Hero_three.elf.dir/Drivers/STM32F4xx_HAL_Driver/Src/stm32f4xx_ll_usb.c.obj
                0x08007966                USB_SetDevAddress
 .text.USB_DevConnect
                0x08007986       0x1c CMakeFiles/2024_Hero_three.elf.dir/Drivers/STM32F4xx_HAL_Driver/Src/stm32f4xx_ll_usb.c.obj
                0x08007986                USB_DevConnect
 .text.USB_DevDisconnect
                0x080079a2       0x1c CMakeFiles/2024_Hero_three.elf.dir/Drivers/STM32F4xx_HAL_Driver/Src/stm32f4xx_ll_usb.c.obj
                0x080079a2                USB_DevDisconnect
 .text.USB_ReadInterrupts
                0x080079be        0x8 CMakeFiles/2024_Hero_three.elf.dir/Drivers/STM32F4xx_HAL_Driver/Src/stm32f4xx_ll_usb.c.obj
                0x080079be                USB_ReadInterrupts
 .text.USB_ReadDevAllOutEpInterrupt
                0x080079c6       0x10 CMakeFiles/2024_Hero_three.elf.dir/Drivers/STM32F4xx_HAL_Driver/Src/stm32f4xx_ll_usb.c.obj
                0x080079c6                USB_ReadDevAllOutEpInterrupt
 .text.USB_ReadDevAllInEpInterrupt
                0x080079d6       0x10 CMakeFiles/2024_Hero_three.elf.dir/Drivers/STM32F4xx_HAL_Driver/Src/stm32f4xx_ll_usb.c.obj
                0x080079d6                USB_ReadDevAllInEpInterrupt
 .text.USB_ReadDevOutEPInterrupt
                0x080079e6       0x12 CMakeFiles/2024_Hero_three.elf.dir/Drivers/STM32F4xx_HAL_Driver/Src/stm32f4xx_ll_usb.c.obj
                0x080079e6                USB_ReadDevOutEPInterrupt
 .text.USB_ReadDevInEPInterrupt
                0x080079f8       0x28 CMakeFiles/2024_Hero_three.elf.dir/Drivers/STM32F4xx_HAL_Driver/Src/stm32f4xx_ll_usb.c.obj
                0x080079f8                USB_ReadDevInEPInterrupt
 .text.USB_GetMode
                0x08007a20        0x8 CMakeFiles/2024_Hero_three.elf.dir/Drivers/STM32F4xx_HAL_Driver/Src/stm32f4xx_ll_usb.c.obj
                0x08007a20                USB_GetMode
 .text.USB_SetCurrentMode
                0x08007a28       0x62 CMakeFiles/2024_Hero_three.elf.dir/Drivers/STM32F4xx_HAL_Driver/Src/stm32f4xx_ll_usb.c.obj
                0x08007a28                USB_SetCurrentMode
 .text.USB_ActivateSetup
                0x08007a8a       0x20 CMakeFiles/2024_Hero_three.elf.dir/Drivers/STM32F4xx_HAL_Driver/Src/stm32f4xx_ll_usb.c.obj
                0x08007a8a                USB_ActivateSetup
 *fill*         0x08007aaa        0x2 
 .text.USB_EP0_OutStart
                0x08007aac       0x60 CMakeFiles/2024_Hero_three.elf.dir/Drivers/STM32F4xx_HAL_Driver/Src/stm32f4xx_ll_usb.c.obj
                0x08007aac                USB_EP0_OutStart
 .text.USBD_CDC_EP0_RxReady
                0x08007b0c       0x40 CMakeFiles/2024_Hero_three.elf.dir/Middlewares/ST/STM32_USB_Device_Library/Class/CDC/Src/usbd_cdc.c.obj
 .text.USBD_CDC_GetDeviceQualifierDescriptor
                0x08007b4c        0xc CMakeFiles/2024_Hero_three.elf.dir/Middlewares/ST/STM32_USB_Device_Library/Class/CDC/Src/usbd_cdc.c.obj
                0x08007b4c                USBD_CDC_GetDeviceQualifierDescriptor
 .text.USBD_CDC_GetOtherSpeedCfgDesc
                0x08007b58       0x48 CMakeFiles/2024_Hero_three.elf.dir/Middlewares/ST/STM32_USB_Device_Library/Class/CDC/Src/usbd_cdc.c.obj
 .text.USBD_CDC_GetFSCfgDesc
                0x08007ba0       0x48 CMakeFiles/2024_Hero_three.elf.dir/Middlewares/ST/STM32_USB_Device_Library/Class/CDC/Src/usbd_cdc.c.obj
 .text.USBD_CDC_GetHSCfgDesc
                0x08007be8       0x48 CMakeFiles/2024_Hero_three.elf.dir/Middlewares/ST/STM32_USB_Device_Library/Class/CDC/Src/usbd_cdc.c.obj
 .text.USBD_CDC_DataOut
                0x08007c30       0x38 CMakeFiles/2024_Hero_three.elf.dir/Middlewares/ST/STM32_USB_Device_Library/Class/CDC/Src/usbd_cdc.c.obj
 .text.USBD_CDC_DataIn
                0x08007c68       0x7c CMakeFiles/2024_Hero_three.elf.dir/Middlewares/ST/STM32_USB_Device_Library/Class/CDC/Src/usbd_cdc.c.obj
 .text.USBD_CDC_Setup
                0x08007ce4      0x11a CMakeFiles/2024_Hero_three.elf.dir/Middlewares/ST/STM32_USB_Device_Library/Class/CDC/Src/usbd_cdc.c.obj
 .text.USBD_CDC_DeInit
                0x08007dfe       0x64 CMakeFiles/2024_Hero_three.elf.dir/Middlewares/ST/STM32_USB_Device_Library/Class/CDC/Src/usbd_cdc.c.obj
 .text.USBD_CDC_Init
                0x08007e62       0xee CMakeFiles/2024_Hero_three.elf.dir/Middlewares/ST/STM32_USB_Device_Library/Class/CDC/Src/usbd_cdc.c.obj
 .text.USBD_CDC_RegisterInterface
                0x08007f50       0x16 CMakeFiles/2024_Hero_three.elf.dir/Middlewares/ST/STM32_USB_Device_Library/Class/CDC/Src/usbd_cdc.c.obj
                0x08007f50                USBD_CDC_RegisterInterface
 .text.USBD_CDC_SetTxBuffer
                0x08007f66       0x1c CMakeFiles/2024_Hero_three.elf.dir/Middlewares/ST/STM32_USB_Device_Library/Class/CDC/Src/usbd_cdc.c.obj
                0x08007f66                USBD_CDC_SetTxBuffer
 .text.USBD_CDC_SetRxBuffer
                0x08007f82       0x18 CMakeFiles/2024_Hero_three.elf.dir/Middlewares/ST/STM32_USB_Device_Library/Class/CDC/Src/usbd_cdc.c.obj
                0x08007f82                USBD_CDC_SetRxBuffer
 .text.USBD_CDC_TransmitPacket
                0x08007f9a       0x3a CMakeFiles/2024_Hero_three.elf.dir/Middlewares/ST/STM32_USB_Device_Library/Class/CDC/Src/usbd_cdc.c.obj
                0x08007f9a                USBD_CDC_TransmitPacket
 .text.USBD_CDC_ReceivePacket
                0x08007fd4       0x38 CMakeFiles/2024_Hero_three.elf.dir/Middlewares/ST/STM32_USB_Device_Library/Class/CDC/Src/usbd_cdc.c.obj
                0x08007fd4                USBD_CDC_ReceivePacket
 .text.USBD_Init
                0x0800800c       0x2e CMakeFiles/2024_Hero_three.elf.dir/Middlewares/ST/STM32_USB_Device_Library/Core/Src/usbd_core.c.obj
                0x0800800c                USBD_Init
 .text.USBD_RegisterClass
                0x0800803a       0x34 CMakeFiles/2024_Hero_three.elf.dir/Middlewares/ST/STM32_USB_Device_Library/Core/Src/usbd_core.c.obj
                0x0800803a                USBD_RegisterClass
 .text.USBD_Start
                0x0800806e        0x8 CMakeFiles/2024_Hero_three.elf.dir/Middlewares/ST/STM32_USB_Device_Library/Core/Src/usbd_core.c.obj
                0x0800806e                USBD_Start
 .text.USBD_SetClassConfig
                0x08008076       0x12 CMakeFiles/2024_Hero_three.elf.dir/Middlewares/ST/STM32_USB_Device_Library/Core/Src/usbd_core.c.obj
                0x08008076                USBD_SetClassConfig
 .text.USBD_ClrClassConfig
                0x08008088       0x12 CMakeFiles/2024_Hero_three.elf.dir/Middlewares/ST/STM32_USB_Device_Library/Core/Src/usbd_core.c.obj
                0x08008088                USBD_ClrClassConfig
 .text.USBD_LL_SetupStage
                0x0800809a       0x58 CMakeFiles/2024_Hero_three.elf.dir/Middlewares/ST/STM32_USB_Device_Library/Core/Src/usbd_core.c.obj
                0x0800809a                USBD_LL_SetupStage
 .text.USBD_LL_Reset
                0x080080f2       0x64 CMakeFiles/2024_Hero_three.elf.dir/Middlewares/ST/STM32_USB_Device_Library/Core/Src/usbd_core.c.obj
                0x080080f2                USBD_LL_Reset
 .text.USBD_LL_SetSpeed
                0x08008156        0x6 CMakeFiles/2024_Hero_three.elf.dir/Middlewares/ST/STM32_USB_Device_Library/Core/Src/usbd_core.c.obj
                0x08008156                USBD_LL_SetSpeed
 .text.USBD_LL_Suspend
                0x0800815c       0x14 CMakeFiles/2024_Hero_three.elf.dir/Middlewares/ST/STM32_USB_Device_Library/Core/Src/usbd_core.c.obj
                0x0800815c                USBD_LL_Suspend
 .text.USBD_LL_Resume
                0x08008170       0x1a CMakeFiles/2024_Hero_three.elf.dir/Middlewares/ST/STM32_USB_Device_Library/Core/Src/usbd_core.c.obj
                0x08008170                USBD_LL_Resume
 .text.USBD_LL_SOF
                0x0800818a       0x22 CMakeFiles/2024_Hero_three.elf.dir/Middlewares/ST/STM32_USB_Device_Library/Core/Src/usbd_core.c.obj
                0x0800818a                USBD_LL_SOF
 .text.USBD_LL_IsoINIncomplete
                0x080081ac       0x2e CMakeFiles/2024_Hero_three.elf.dir/Middlewares/ST/STM32_USB_Device_Library/Core/Src/usbd_core.c.obj
                0x080081ac                USBD_LL_IsoINIncomplete
 .text.USBD_LL_IsoOUTIncomplete
                0x080081da       0x2e CMakeFiles/2024_Hero_three.elf.dir/Middlewares/ST/STM32_USB_Device_Library/Core/Src/usbd_core.c.obj
                0x080081da                USBD_LL_IsoOUTIncomplete
 .text.USBD_LL_DevConnected
                0x08008208        0x4 CMakeFiles/2024_Hero_three.elf.dir/Middlewares/ST/STM32_USB_Device_Library/Core/Src/usbd_core.c.obj
                0x08008208                USBD_LL_DevConnected
 .text.USBD_LL_DevDisconnected
                0x0800820c       0x20 CMakeFiles/2024_Hero_three.elf.dir/Middlewares/ST/STM32_USB_Device_Library/Core/Src/usbd_core.c.obj
                0x0800820c                USBD_LL_DevDisconnected
 .text.USBD_CoreFindIF
                0x0800822c        0x4 CMakeFiles/2024_Hero_three.elf.dir/Middlewares/ST/STM32_USB_Device_Library/Core/Src/usbd_core.c.obj
                0x0800822c                USBD_CoreFindIF
 .text.USBD_CoreFindEP
                0x08008230        0x4 CMakeFiles/2024_Hero_three.elf.dir/Middlewares/ST/STM32_USB_Device_Library/Core/Src/usbd_core.c.obj
                0x08008230                USBD_CoreFindEP
 .text.USBD_LL_DataOutStage
                0x08008234       0xc6 CMakeFiles/2024_Hero_three.elf.dir/Middlewares/ST/STM32_USB_Device_Library/Core/Src/usbd_core.c.obj
                0x08008234                USBD_LL_DataOutStage
 .text.USBD_LL_DataInStage
                0x080082fa       0xd6 CMakeFiles/2024_Hero_three.elf.dir/Middlewares/ST/STM32_USB_Device_Library/Core/Src/usbd_core.c.obj
                0x080082fa                USBD_LL_DataInStage
 .text.USBD_GetNextDesc
                0x080083d0        0xe CMakeFiles/2024_Hero_three.elf.dir/Middlewares/ST/STM32_USB_Device_Library/Core/Src/usbd_core.c.obj
                0x080083d0                USBD_GetNextDesc
 .text.USBD_GetEpDesc
                0x080083de       0x3e CMakeFiles/2024_Hero_three.elf.dir/Middlewares/ST/STM32_USB_Device_Library/Core/Src/usbd_core.c.obj
                0x080083de                USBD_GetEpDesc
 .text.USBD_GetLen
                0x0800841c       0x14 CMakeFiles/2024_Hero_three.elf.dir/Middlewares/ST/STM32_USB_Device_Library/Core/Src/usbd_ctlreq.c.obj
 .text.USBD_ParseSetupRequest
                0x08008430       0x28 CMakeFiles/2024_Hero_three.elf.dir/Middlewares/ST/STM32_USB_Device_Library/Core/Src/usbd_ctlreq.c.obj
                0x08008430                USBD_ParseSetupRequest
 .text.USBD_CtlError
                0x08008458       0x14 CMakeFiles/2024_Hero_three.elf.dir/Middlewares/ST/STM32_USB_Device_Library/Core/Src/usbd_ctlreq.c.obj
                0x08008458                USBD_CtlError
 .text.USBD_GetDescriptor
                0x0800846c      0x18a CMakeFiles/2024_Hero_three.elf.dir/Middlewares/ST/STM32_USB_Device_Library/Core/Src/usbd_ctlreq.c.obj
 .text.USBD_SetAddress
                0x080085f6       0x50 CMakeFiles/2024_Hero_three.elf.dir/Middlewares/ST/STM32_USB_Device_Library/Core/Src/usbd_ctlreq.c.obj
 *fill*         0x08008646        0x2 
 .text.USBD_SetConfig
                0x08008648       0xcc CMakeFiles/2024_Hero_three.elf.dir/Middlewares/ST/STM32_USB_Device_Library/Core/Src/usbd_ctlreq.c.obj
 .text.USBD_GetConfig
                0x08008714       0x40 CMakeFiles/2024_Hero_three.elf.dir/Middlewares/ST/STM32_USB_Device_Library/Core/Src/usbd_ctlreq.c.obj
 .text.USBD_GetStatus
                0x08008754       0x38 CMakeFiles/2024_Hero_three.elf.dir/Middlewares/ST/STM32_USB_Device_Library/Core/Src/usbd_ctlreq.c.obj
 .text.USBD_SetFeature
                0x0800878c       0x2a CMakeFiles/2024_Hero_three.elf.dir/Middlewares/ST/STM32_USB_Device_Library/Core/Src/usbd_ctlreq.c.obj
 .text.USBD_ClrFeature
                0x080087b6       0x26 CMakeFiles/2024_Hero_three.elf.dir/Middlewares/ST/STM32_USB_Device_Library/Core/Src/usbd_ctlreq.c.obj
 .text.USBD_StdDevReq
                0x080087dc       0x76 CMakeFiles/2024_Hero_three.elf.dir/Middlewares/ST/STM32_USB_Device_Library/Core/Src/usbd_ctlreq.c.obj
                0x080087dc                USBD_StdDevReq
 .text.USBD_StdItfReq
                0x08008852       0x84 CMakeFiles/2024_Hero_three.elf.dir/Middlewares/ST/STM32_USB_Device_Library/Core/Src/usbd_ctlreq.c.obj
                0x08008852                USBD_StdItfReq
 .text.USBD_StdEPReq
                0x080088d6      0x230 CMakeFiles/2024_Hero_three.elf.dir/Middlewares/ST/STM32_USB_Device_Library/Core/Src/usbd_ctlreq.c.obj
                0x080088d6                USBD_StdEPReq
 .text.USBD_GetString
                0x08008b06       0x3a CMakeFiles/2024_Hero_three.elf.dir/Middlewares/ST/STM32_USB_Device_Library/Core/Src/usbd_ctlreq.c.obj
                0x08008b06                USBD_GetString
 .text.USBD_CtlSendData
                0x08008b40       0x1a CMakeFiles/2024_Hero_three.elf.dir/Middlewares/ST/STM32_USB_Device_Library/Core/Src/usbd_ioreq.c.obj
                0x08008b40                USBD_CtlSendData
 .text.USBD_CtlContinueSendData
                0x08008b5a       0x10 CMakeFiles/2024_Hero_three.elf.dir/Middlewares/ST/STM32_USB_Device_Library/Core/Src/usbd_ioreq.c.obj
                0x08008b5a                USBD_CtlContinueSendData
 .text.USBD_CtlPrepareRx
                0x08008b6a       0x1e CMakeFiles/2024_Hero_three.elf.dir/Middlewares/ST/STM32_USB_Device_Library/Core/Src/usbd_ioreq.c.obj
                0x08008b6a                USBD_CtlPrepareRx
 .text.USBD_CtlContinueRx
                0x08008b88       0x10 CMakeFiles/2024_Hero_three.elf.dir/Middlewares/ST/STM32_USB_Device_Library/Core/Src/usbd_ioreq.c.obj
                0x08008b88                USBD_CtlContinueRx
 .text.USBD_CtlSendStatus
                0x08008b98       0x16 CMakeFiles/2024_Hero_three.elf.dir/Middlewares/ST/STM32_USB_Device_Library/Core/Src/usbd_ioreq.c.obj
                0x08008b98                USBD_CtlSendStatus
 .text.USBD_CtlReceiveStatus
                0x08008bae       0x16 CMakeFiles/2024_Hero_three.elf.dir/Middlewares/ST/STM32_USB_Device_Library/Core/Src/usbd_ioreq.c.obj
                0x08008bae                USBD_CtlReceiveStatus
 .text.makeFreeRtosPriority
                0x08008bc4        0xc CMakeFiles/2024_Hero_three.elf.dir/Middlewares/Third_Party/FreeRTOS/Source/CMSIS_RTOS/cmsis_os.c.obj
 .text.osKernelStart
                0x08008bd0        0xa CMakeFiles/2024_Hero_three.elf.dir/Middlewares/Third_Party/FreeRTOS/Source/CMSIS_RTOS/cmsis_os.c.obj
                0x08008bd0                osKernelStart
 .text.osThreadCreate
                0x08008bda       0x6a CMakeFiles/2024_Hero_three.elf.dir/Middlewares/Third_Party/FreeRTOS/Source/CMSIS_RTOS/cmsis_os.c.obj
                0x08008bda                osThreadCreate
 .text.osDelay  0x08008c44        0xe CMakeFiles/2024_Hero_three.elf.dir/Middlewares/Third_Party/FreeRTOS/Source/CMSIS_RTOS/cmsis_os.c.obj
                0x08008c44                osDelay
 .text.vListInitialise
                0x08008c52       0x16 CMakeFiles/2024_Hero_three.elf.dir/Middlewares/Third_Party/FreeRTOS/Source/list.c.obj
                0x08008c52                vListInitialise
 .text.vListInitialiseItem
                0x08008c68        0x6 CMakeFiles/2024_Hero_three.elf.dir/Middlewares/Third_Party/FreeRTOS/Source/list.c.obj
                0x08008c68                vListInitialiseItem
 .text.vListInsertEnd
                0x08008c6e       0x16 CMakeFiles/2024_Hero_three.elf.dir/Middlewares/Third_Party/FreeRTOS/Source/list.c.obj
                0x08008c6e                vListInsertEnd
 .text.vListInsert
                0x08008c84       0x32 CMakeFiles/2024_Hero_three.elf.dir/Middlewares/Third_Party/FreeRTOS/Source/list.c.obj
                0x08008c84                vListInsert
 .text.uxListRemove
                0x08008cb6       0x26 CMakeFiles/2024_Hero_three.elf.dir/Middlewares/Third_Party/FreeRTOS/Source/list.c.obj
                0x08008cb6                uxListRemove
 .text.prvTaskExitError
                0x08008cdc       0x40 CMakeFiles/2024_Hero_three.elf.dir/Middlewares/Third_Party/FreeRTOS/Source/portable/GCC/ARM_CM4F/port.c.obj
 .text.prvPortStartFirstTask
                0x08008d1c       0x28 CMakeFiles/2024_Hero_three.elf.dir/Middlewares/Third_Party/FreeRTOS/Source/portable/GCC/ARM_CM4F/port.c.obj
 .text.vPortEnableVFP
                0x08008d44       0x14 CMakeFiles/2024_Hero_three.elf.dir/Middlewares/Third_Party/FreeRTOS/Source/portable/GCC/ARM_CM4F/port.c.obj
 .text.pxPortInitialiseStack
                0x08008d58       0x2c CMakeFiles/2024_Hero_three.elf.dir/Middlewares/Third_Party/FreeRTOS/Source/portable/GCC/ARM_CM4F/port.c.obj
                0x08008d58                pxPortInitialiseStack
 *fill*         0x08008d84        0xc 
 .text.SVC_Handler
                0x08008d90       0x24 CMakeFiles/2024_Hero_three.elf.dir/Middlewares/Third_Party/FreeRTOS/Source/portable/GCC/ARM_CM4F/port.c.obj
                0x08008d90                SVC_Handler
 .text.vPortEnterCritical
                0x08008db4       0x44 CMakeFiles/2024_Hero_three.elf.dir/Middlewares/Third_Party/FreeRTOS/Source/portable/GCC/ARM_CM4F/port.c.obj
                0x08008db4                vPortEnterCritical
 .text.vPortExitCritical
                0x08008df8       0x2c CMakeFiles/2024_Hero_three.elf.dir/Middlewares/Third_Party/FreeRTOS/Source/portable/GCC/ARM_CM4F/port.c.obj
                0x08008df8                vPortExitCritical
 *fill*         0x08008e24        0xc 
 .text.PendSV_Handler
                0x08008e30       0x64 CMakeFiles/2024_Hero_three.elf.dir/Middlewares/Third_Party/FreeRTOS/Source/portable/GCC/ARM_CM4F/port.c.obj
                0x08008e30                PendSV_Handler
 .text.xPortSysTickHandler
                0x08008e94       0x2c CMakeFiles/2024_Hero_three.elf.dir/Middlewares/Third_Party/FreeRTOS/Source/portable/GCC/ARM_CM4F/port.c.obj
                0x08008e94                xPortSysTickHandler
 .text.vPortSetupTimerInterrupt
                0x08008ec0       0x28 CMakeFiles/2024_Hero_three.elf.dir/Middlewares/Third_Party/FreeRTOS/Source/portable/GCC/ARM_CM4F/port.c.obj
                0x08008ec0                vPortSetupTimerInterrupt
 .text.xPortStartScheduler
                0x08008ee8      0x118 CMakeFiles/2024_Hero_three.elf.dir/Middlewares/Third_Party/FreeRTOS/Source/portable/GCC/ARM_CM4F/port.c.obj
                0x08008ee8                xPortStartScheduler
 .text.vPortValidateInterruptPriority
                0x08009000       0x5c CMakeFiles/2024_Hero_three.elf.dir/Middlewares/Third_Party/FreeRTOS/Source/portable/GCC/ARM_CM4F/port.c.obj
                0x08009000                vPortValidateInterruptPriority
 .text.prvHeapInit
                0x0800905c       0x64 CMakeFiles/2024_Hero_three.elf.dir/Middlewares/Third_Party/FreeRTOS/Source/portable/MemMang/heap_4.c.obj
 .text.prvInsertBlockIntoFreeList
                0x080090c0       0x64 CMakeFiles/2024_Hero_three.elf.dir/Middlewares/Third_Party/FreeRTOS/Source/portable/MemMang/heap_4.c.obj
 .text.pvPortMalloc
                0x08009124       0xfc CMakeFiles/2024_Hero_three.elf.dir/Middlewares/Third_Party/FreeRTOS/Source/portable/MemMang/heap_4.c.obj
                0x08009124                pvPortMalloc
 .text.vPortFree
                0x08009220       0x7c CMakeFiles/2024_Hero_three.elf.dir/Middlewares/Third_Party/FreeRTOS/Source/portable/MemMang/heap_4.c.obj
                0x08009220                vPortFree
 .text.prvIsQueueFull
                0x0800929c       0x1e CMakeFiles/2024_Hero_three.elf.dir/Middlewares/Third_Party/FreeRTOS/Source/queue.c.obj
 .text.prvIsQueueEmpty
                0x080092ba       0x1a CMakeFiles/2024_Hero_three.elf.dir/Middlewares/Third_Party/FreeRTOS/Source/queue.c.obj
 .text.prvCopyDataToQueue
                0x080092d4       0x76 CMakeFiles/2024_Hero_three.elf.dir/Middlewares/Third_Party/FreeRTOS/Source/queue.c.obj
 .text.prvCopyDataFromQueue
                0x0800934a       0x24 CMakeFiles/2024_Hero_three.elf.dir/Middlewares/Third_Party/FreeRTOS/Source/queue.c.obj
 .text.prvUnlockQueue
                0x0800936e       0x6e CMakeFiles/2024_Hero_three.elf.dir/Middlewares/Third_Party/FreeRTOS/Source/queue.c.obj
 .text.xQueueGenericReset
                0x080093dc       0x84 CMakeFiles/2024_Hero_three.elf.dir/Middlewares/Third_Party/FreeRTOS/Source/queue.c.obj
                0x080093dc                xQueueGenericReset
 .text.prvInitialiseNewQueue
                0x08009460       0x1c CMakeFiles/2024_Hero_three.elf.dir/Middlewares/Third_Party/FreeRTOS/Source/queue.c.obj
 .text.xQueueGenericCreate
                0x0800947c       0x48 CMakeFiles/2024_Hero_three.elf.dir/Middlewares/Third_Party/FreeRTOS/Source/queue.c.obj
                0x0800947c                xQueueGenericCreate
 .text.xQueueGenericSend
                0x080094c4      0x188 CMakeFiles/2024_Hero_three.elf.dir/Middlewares/Third_Party/FreeRTOS/Source/queue.c.obj
                0x080094c4                xQueueGenericSend
 .text.xQueueReceive
                0x0800964c      0x15e CMakeFiles/2024_Hero_three.elf.dir/Middlewares/Third_Party/FreeRTOS/Source/queue.c.obj
                0x0800964c                xQueueReceive
 .text.prvSearchForNameWithinSingleList
                0x080097aa       0x64 CMakeFiles/2024_Hero_three.elf.dir/Middlewares/Third_Party/FreeRTOS/Source/tasks.c.obj
 *fill*         0x0800980e        0x2 
 .text.prvResetNextTaskUnblockTime
                0x08009810       0x2c CMakeFiles/2024_Hero_three.elf.dir/Middlewares/Third_Party/FreeRTOS/Source/tasks.c.obj
 .text.prvInitialiseNewTask
                0x0800983c       0xa6 CMakeFiles/2024_Hero_three.elf.dir/Middlewares/Third_Party/FreeRTOS/Source/tasks.c.obj
 *fill*         0x080098e2        0x2 
 .text.prvInitialiseTaskLists
                0x080098e4       0x68 CMakeFiles/2024_Hero_three.elf.dir/Middlewares/Third_Party/FreeRTOS/Source/tasks.c.obj
 .text.prvAddNewTaskToReadyList
                0x0800994c       0xa8 CMakeFiles/2024_Hero_three.elf.dir/Middlewares/Third_Party/FreeRTOS/Source/tasks.c.obj
 .text.prvDeleteTCB
                0x080099f4       0x38 CMakeFiles/2024_Hero_three.elf.dir/Middlewares/Third_Party/FreeRTOS/Source/tasks.c.obj
 .text.prvCheckTasksWaitingTermination
                0x08009a2c       0x4c CMakeFiles/2024_Hero_three.elf.dir/Middlewares/Third_Party/FreeRTOS/Source/tasks.c.obj
 .text.prvIdleTask
                0x08009a78       0x28 CMakeFiles/2024_Hero_three.elf.dir/Middlewares/Third_Party/FreeRTOS/Source/tasks.c.obj
 .text.prvAddCurrentTaskToDelayedList
                0x08009aa0       0xa0 CMakeFiles/2024_Hero_three.elf.dir/Middlewares/Third_Party/FreeRTOS/Source/tasks.c.obj
 .text.xTaskCreateStatic
                0x08009b40       0x76 CMakeFiles/2024_Hero_three.elf.dir/Middlewares/Third_Party/FreeRTOS/Source/tasks.c.obj
                0x08009b40                xTaskCreateStatic
 .text.xTaskCreate
                0x08009bb6       0x68 CMakeFiles/2024_Hero_three.elf.dir/Middlewares/Third_Party/FreeRTOS/Source/tasks.c.obj
                0x08009bb6                xTaskCreate
 *fill*         0x08009c1e        0x2 
 .text.vTaskDelete
                0x08009c20       0xe0 CMakeFiles/2024_Hero_three.elf.dir/Middlewares/Third_Party/FreeRTOS/Source/tasks.c.obj
                0x08009c20                vTaskDelete
 .text.vTaskStartScheduler
                0x08009d00       0x74 CMakeFiles/2024_Hero_three.elf.dir/Middlewares/Third_Party/FreeRTOS/Source/tasks.c.obj
                0x08009d00                vTaskStartScheduler
 .text.vTaskSuspendAll
                0x08009d74       0x10 CMakeFiles/2024_Hero_three.elf.dir/Middlewares/Third_Party/FreeRTOS/Source/tasks.c.obj
                0x08009d74                vTaskSuspendAll
 .text.xTaskGetTickCount
                0x08009d84        0xc CMakeFiles/2024_Hero_three.elf.dir/Middlewares/Third_Party/FreeRTOS/Source/tasks.c.obj
                0x08009d84                xTaskGetTickCount
 .text.pcTaskGetName
                0x08009d90       0x28 CMakeFiles/2024_Hero_three.elf.dir/Middlewares/Third_Party/FreeRTOS/Source/tasks.c.obj
                0x08009d90                pcTaskGetName
 .text.xTaskIncrementTick
                0x08009db8      0x118 CMakeFiles/2024_Hero_three.elf.dir/Middlewares/Third_Party/FreeRTOS/Source/tasks.c.obj
                0x08009db8                xTaskIncrementTick
 .text.xTaskResumeAll
                0x08009ed0       0xf8 CMakeFiles/2024_Hero_three.elf.dir/Middlewares/Third_Party/FreeRTOS/Source/tasks.c.obj
                0x08009ed0                xTaskResumeAll
 .text.vTaskDelay
                0x08009fc8       0x4c CMakeFiles/2024_Hero_three.elf.dir/Middlewares/Third_Party/FreeRTOS/Source/tasks.c.obj
                0x08009fc8                vTaskDelay
 .text.xTaskGetHandle
                0x0800a014       0x98 CMakeFiles/2024_Hero_three.elf.dir/Middlewares/Third_Party/FreeRTOS/Source/tasks.c.obj
                0x0800a014                xTaskGetHandle
 .text.vTaskSwitchContext
                0x0800a0ac       0x98 CMakeFiles/2024_Hero_three.elf.dir/Middlewares/Third_Party/FreeRTOS/Source/tasks.c.obj
                0x0800a0ac                vTaskSwitchContext
 .text.vTaskPlaceOnEventList
                0x0800a144       0x30 CMakeFiles/2024_Hero_three.elf.dir/Middlewares/Third_Party/FreeRTOS/Source/tasks.c.obj
                0x0800a144                vTaskPlaceOnEventList
 .text.xTaskRemoveFromEventList
                0x0800a174       0x8c CMakeFiles/2024_Hero_three.elf.dir/Middlewares/Third_Party/FreeRTOS/Source/tasks.c.obj
                0x0800a174                xTaskRemoveFromEventList
 .text.vTaskInternalSetTimeOutState
                0x0800a200       0x18 CMakeFiles/2024_Hero_three.elf.dir/Middlewares/Third_Party/FreeRTOS/Source/tasks.c.obj
                0x0800a200                vTaskInternalSetTimeOutState
 .text.xTaskCheckForTimeOut
                0x0800a218       0xa0 CMakeFiles/2024_Hero_three.elf.dir/Middlewares/Third_Party/FreeRTOS/Source/tasks.c.obj
                0x0800a218                xTaskCheckForTimeOut
 .text.vTaskMissedYield
                0x0800a2b8        0xc CMakeFiles/2024_Hero_three.elf.dir/Middlewares/Third_Party/FreeRTOS/Source/tasks.c.obj
                0x0800a2b8                vTaskMissedYield
 .text.xTaskGetSchedulerState
                0x0800a2c4       0x20 CMakeFiles/2024_Hero_three.elf.dir/Middlewares/Third_Party/FreeRTOS/Source/tasks.c.obj
                0x0800a2c4                xTaskGetSchedulerState
 .text.xTaskPriorityDisinherit
                0x0800a2e4       0xb4 CMakeFiles/2024_Hero_three.elf.dir/Middlewares/Third_Party/FreeRTOS/Source/tasks.c.obj
                0x0800a2e4                xTaskPriorityDisinherit
 .text.ulTaskNotifyTake
                0x0800a398       0x78 CMakeFiles/2024_Hero_three.elf.dir/Middlewares/Third_Party/FreeRTOS/Source/tasks.c.obj
                0x0800a398                ulTaskNotifyTake
 .text.vTaskNotifyGiveFromISR
                0x0800a410       0xd0 CMakeFiles/2024_Hero_three.elf.dir/Middlewares/Third_Party/FreeRTOS/Source/tasks.c.obj
                0x0800a410                vTaskNotifyGiveFromISR
 .text.MX_USB_DEVICE_Init
                0x0800a4e0       0x54 CMakeFiles/2024_Hero_three.elf.dir/USB_DEVICE/App/usb_device.c.obj
                0x0800a4e0                MX_USB_DEVICE_Init
 .text.USB_task
                0x0800a534       0x30 CMakeFiles/2024_Hero_three.elf.dir/USB_DEVICE/App/usb_task.c.obj
                0x0800a534                USB_task
 .text.CDC_DeInit_FS
                0x0800a564        0x4 CMakeFiles/2024_Hero_three.elf.dir/USB_DEVICE/App/usbd_cdc_if.c.obj
 .text.CDC_Control_FS
                0x0800a568        0x4 CMakeFiles/2024_Hero_three.elf.dir/USB_DEVICE/App/usbd_cdc_if.c.obj
 .text.CDC_TransmitCplt_FS
                0x0800a56c        0x4 CMakeFiles/2024_Hero_three.elf.dir/USB_DEVICE/App/usbd_cdc_if.c.obj
 .text.CDC_Receive_FS
                0x0800a570       0x24 CMakeFiles/2024_Hero_three.elf.dir/USB_DEVICE/App/usbd_cdc_if.c.obj
 .text.CDC_Init_FS
                0x0800a594       0x28 CMakeFiles/2024_Hero_three.elf.dir/USB_DEVICE/App/usbd_cdc_if.c.obj
 .text.CDC_Transmit_FS
                0x0800a5bc       0x2c CMakeFiles/2024_Hero_three.elf.dir/USB_DEVICE/App/usbd_cdc_if.c.obj
                0x0800a5bc                CDC_Transmit_FS
 .text.USBD_FS_DeviceDescriptor
                0x0800a5e8        0xc CMakeFiles/2024_Hero_three.elf.dir/USB_DEVICE/App/usbd_desc.c.obj
                0x0800a5e8                USBD_FS_DeviceDescriptor
 .text.USBD_FS_LangIDStrDescriptor
                0x0800a5f4        0xc CMakeFiles/2024_Hero_three.elf.dir/USB_DEVICE/App/usbd_desc.c.obj
                0x0800a5f4                USBD_FS_LangIDStrDescriptor
 .text.IntToUnicode
                0x0800a600       0x46 CMakeFiles/2024_Hero_three.elf.dir/USB_DEVICE/App/usbd_desc.c.obj
 *fill*         0x0800a646        0x2 
 .text.Get_SerialNum
                0x0800a648       0x38 CMakeFiles/2024_Hero_three.elf.dir/USB_DEVICE/App/usbd_desc.c.obj
 .text.USBD_FS_SerialStrDescriptor
                0x0800a680       0x14 CMakeFiles/2024_Hero_three.elf.dir/USB_DEVICE/App/usbd_desc.c.obj
                0x0800a680                USBD_FS_SerialStrDescriptor
 .text.USBD_FS_ProductStrDescriptor
                0x0800a694       0x24 CMakeFiles/2024_Hero_three.elf.dir/USB_DEVICE/App/usbd_desc.c.obj
                0x0800a694                USBD_FS_ProductStrDescriptor
 .text.USBD_FS_ManufacturerStrDescriptor
                0x0800a6b8       0x1c CMakeFiles/2024_Hero_three.elf.dir/USB_DEVICE/App/usbd_desc.c.obj
                0x0800a6b8                USBD_FS_ManufacturerStrDescriptor
 .text.USBD_FS_ConfigStrDescriptor
                0x0800a6d4       0x24 CMakeFiles/2024_Hero_three.elf.dir/USB_DEVICE/App/usbd_desc.c.obj
                0x0800a6d4                USBD_FS_ConfigStrDescriptor
 .text.USBD_FS_InterfaceStrDescriptor
                0x0800a6f8       0x24 CMakeFiles/2024_Hero_three.elf.dir/USB_DEVICE/App/usbd_desc.c.obj
                0x0800a6f8                USBD_FS_InterfaceStrDescriptor
 .text.HAL_PCD_MspInit
                0x0800a71c       0x84 CMakeFiles/2024_Hero_three.elf.dir/USB_DEVICE/Target/usbd_conf.c.obj
                0x0800a71c                HAL_PCD_MspInit
 .text.HAL_PCD_SetupStageCallback
                0x0800a7a0       0x10 CMakeFiles/2024_Hero_three.elf.dir/USB_DEVICE/Target/usbd_conf.c.obj
                0x0800a7a0                HAL_PCD_SetupStageCallback
 .text.HAL_PCD_DataOutStageCallback
                0x0800a7b0       0x18 CMakeFiles/2024_Hero_three.elf.dir/USB_DEVICE/Target/usbd_conf.c.obj
                0x0800a7b0                HAL_PCD_DataOutStageCallback
 .text.HAL_PCD_DataInStageCallback
                0x0800a7c8       0x16 CMakeFiles/2024_Hero_three.elf.dir/USB_DEVICE/Target/usbd_conf.c.obj
                0x0800a7c8                HAL_PCD_DataInStageCallback
 .text.HAL_PCD_SOFCallback
                0x0800a7de        0xc CMakeFiles/2024_Hero_three.elf.dir/USB_DEVICE/Target/usbd_conf.c.obj
                0x0800a7de                HAL_PCD_SOFCallback
 .text.HAL_PCD_ResetCallback
                0x0800a7ea       0x2c CMakeFiles/2024_Hero_three.elf.dir/USB_DEVICE/Target/usbd_conf.c.obj
                0x0800a7ea                HAL_PCD_ResetCallback
 *fill*         0x0800a816        0x2 
 .text.HAL_PCD_SuspendCallback
                0x0800a818       0x30 CMakeFiles/2024_Hero_three.elf.dir/USB_DEVICE/Target/usbd_conf.c.obj
                0x0800a818                HAL_PCD_SuspendCallback
 .text.HAL_PCD_ResumeCallback
                0x0800a848        0xc CMakeFiles/2024_Hero_three.elf.dir/USB_DEVICE/Target/usbd_conf.c.obj
                0x0800a848                HAL_PCD_ResumeCallback
 .text.HAL_PCD_ISOOUTIncompleteCallback
                0x0800a854        0xc CMakeFiles/2024_Hero_three.elf.dir/USB_DEVICE/Target/usbd_conf.c.obj
                0x0800a854                HAL_PCD_ISOOUTIncompleteCallback
 .text.HAL_PCD_ISOINIncompleteCallback
                0x0800a860        0xc CMakeFiles/2024_Hero_three.elf.dir/USB_DEVICE/Target/usbd_conf.c.obj
                0x0800a860                HAL_PCD_ISOINIncompleteCallback
 .text.HAL_PCD_ConnectCallback
                0x0800a86c        0xc CMakeFiles/2024_Hero_three.elf.dir/USB_DEVICE/Target/usbd_conf.c.obj
                0x0800a86c                HAL_PCD_ConnectCallback
 .text.HAL_PCD_DisconnectCallback
                0x0800a878        0xc CMakeFiles/2024_Hero_three.elf.dir/USB_DEVICE/Target/usbd_conf.c.obj
                0x0800a878                HAL_PCD_DisconnectCallback
 .text.USBD_LL_Init
                0x0800a884       0x68 CMakeFiles/2024_Hero_three.elf.dir/USB_DEVICE/Target/usbd_conf.c.obj
                0x0800a884                USBD_LL_Init
 .text.USBD_LL_IsStallEP
                0x0800a8ec       0x2e CMakeFiles/2024_Hero_three.elf.dir/USB_DEVICE/Target/usbd_conf.c.obj
                0x0800a8ec                USBD_LL_IsStallEP
 .text.USBD_LL_GetRxDataSize
                0x0800a91a        0xc CMakeFiles/2024_Hero_three.elf.dir/USB_DEVICE/Target/usbd_conf.c.obj
                0x0800a91a                USBD_LL_GetRxDataSize
 *fill*         0x0800a926        0x2 
 .text.USBD_static_malloc
                0x0800a928        0x8 CMakeFiles/2024_Hero_three.elf.dir/USB_DEVICE/Target/usbd_conf.c.obj
                0x0800a928                USBD_static_malloc
 .text.USBD_static_free
                0x0800a930        0x2 CMakeFiles/2024_Hero_three.elf.dir/USB_DEVICE/Target/usbd_conf.c.obj
                0x0800a930                USBD_static_free
 .text.USBD_Get_USB_Status
                0x0800a932       0x14 CMakeFiles/2024_Hero_three.elf.dir/USB_DEVICE/Target/usbd_conf.c.obj
                0x0800a932                USBD_Get_USB_Status
 .text.USBD_LL_Start
                0x0800a946       0x10 CMakeFiles/2024_Hero_three.elf.dir/USB_DEVICE/Target/usbd_conf.c.obj
                0x0800a946                USBD_LL_Start
 .text.USBD_LL_OpenEP
                0x0800a956       0x16 CMakeFiles/2024_Hero_three.elf.dir/USB_DEVICE/Target/usbd_conf.c.obj
                0x0800a956                USBD_LL_OpenEP
 .text.USBD_LL_CloseEP
                0x0800a96c       0x10 CMakeFiles/2024_Hero_three.elf.dir/USB_DEVICE/Target/usbd_conf.c.obj
                0x0800a96c                USBD_LL_CloseEP
 .text.USBD_LL_StallEP
                0x0800a97c       0x10 CMakeFiles/2024_Hero_three.elf.dir/USB_DEVICE/Target/usbd_conf.c.obj
                0x0800a97c                USBD_LL_StallEP
 .text.USBD_LL_ClearStallEP
                0x0800a98c       0x10 CMakeFiles/2024_Hero_three.elf.dir/USB_DEVICE/Target/usbd_conf.c.obj
                0x0800a98c                USBD_LL_ClearStallEP
 .text.USBD_LL_SetUSBAddress
                0x0800a99c       0x10 CMakeFiles/2024_Hero_three.elf.dir/USB_DEVICE/Target/usbd_conf.c.obj
                0x0800a99c                USBD_LL_SetUSBAddress
 .text.USBD_LL_Transmit
                0x0800a9ac       0x10 CMakeFiles/2024_Hero_three.elf.dir/USB_DEVICE/Target/usbd_conf.c.obj
                0x0800a9ac                USBD_LL_Transmit
 .text.USBD_LL_PrepareReceive
                0x0800a9bc       0x10 CMakeFiles/2024_Hero_three.elf.dir/USB_DEVICE/Target/usbd_conf.c.obj
                0x0800a9bc                USBD_LL_PrepareReceive
 .text.StartDefaultTask
                0x0800a9cc       0x30 CMakeFiles/2024_Hero_three.elf.dir/application/A_Hero/StartDefault.c.obj
                0x0800a9cc                StartDefaultTask
 .text.cap_info_update
                0x0800a9fc       0x8c CMakeFiles/2024_Hero_three.elf.dir/application/Chassis/Cap.c.obj
                0x0800a9fc                cap_info_update
 .text.chassis_speed_change
                0x0800aa88       0x80 CMakeFiles/2024_Hero_three.elf.dir/application/Chassis/Chassis.c.obj
 .text.chassis_pc_ctrl
                0x0800ab08       0x88 CMakeFiles/2024_Hero_three.elf.dir/application/Chassis/Chassis.c.obj
 .text.chassis_init
                0x0800ab90      0x14c CMakeFiles/2024_Hero_three.elf.dir/application/Chassis/Chassis.c.obj
 .text.chassis_ctrl_info_get
                0x0800acdc       0xe4 CMakeFiles/2024_Hero_three.elf.dir/application/Chassis/Chassis.c.obj
 .text.chassis_control
                0x0800adc0       0x64 CMakeFiles/2024_Hero_three.elf.dir/application/Chassis/Chassis.c.obj
 *fill*         0x0800ae24        0x4 
 .text.Chassis_task
                0x0800ae28      0x260 CMakeFiles/2024_Hero_three.elf.dir/application/Chassis/Chassis.c.obj
                0x0800ae28                Chassis_task